<!doctype html public "-//w3c//dtd html 4.0 transitional//en">
<html><head>
<title>Static Call Graph - [.\out_DA14585\Objects\ble_app_peripheral_585.axf]</title></head>
<body><HR>
<H1>Static Call Graph for image .\out_DA14585\Objects\ble_app_peripheral_585.axf</H1><HR>
<BR><P>#&#060CALLGRAPH&#062# ARM Linker, 6240002: Last Updated: Sat Sep 26 22:01:41 2026
<BR><P>
<H3>Maximum Stack Usage =        240 bytes + Unknown(Cycles, Untraceable Function Pointers)</H3><H3>
Call chain for Maximum Stack Depth:</H3>
main &rArr; periph_init &rArr; display_clear &rArr; i2c_write_byte &rArr; i2c_scl_lo &rArr; GPIO_ConfigurePin &rArr; GPIO_SetInactive
<P>
<H3>
Mutually Recursive functions
</H3> <LI><a href="#[3]">Default_Handler</a>&nbsp;&nbsp;&nbsp;&rArr;&nbsp;&nbsp;&nbsp;<a href="#[3]">Default_Handler</a><BR>
</UL>
<P>
<H3>
Function Pointers
</H3><UL>
 <LI><a href="#[9]">ADC_Handler</a> from lto-llvm-32d66d.o(.text.ADC_Handler) referenced from lto-llvm-32d66d.o(RESET)
 <LI><a href="#[4]">BLE_WAKEUP_LP_Handler</a> from lto-llvm-32d66d.o(.text.BLE_WAKEUP_LP_Handler) referenced from lto-llvm-32d66d.o(RESET)
 <LI><a href="#[cc]">DCoffsetCalibration_func</a> from da14585_symbols.txt(ABSOLUTE) referenced from lto-llvm-32d66d.o(.rodata.rom_func_addr_table_var)
 <LI><a href="#[3]">Default_Handler</a> from lto-llvm-32d66d.o(startup_code_DA14xxx) referenced 19 times from lto-llvm-32d66d.o(RESET)
 <LI><a href="#[a]">GPIO0_Handler</a> from lto-llvm-32d66d.o(.text.GPIO0_Handler) referenced from lto-llvm-32d66d.o(RESET)
 <LI><a href="#[b]">GPIO1_Handler</a> from lto-llvm-32d66d.o(.text.GPIO1_Handler) referenced from lto-llvm-32d66d.o(RESET)
 <LI><a href="#[c]">GPIO2_Handler</a> from lto-llvm-32d66d.o(.text.GPIO2_Handler) referenced from lto-llvm-32d66d.o(RESET)
 <LI><a href="#[d]">GPIO3_Handler</a> from lto-llvm-32d66d.o(.text.GPIO3_Handler) referenced from lto-llvm-32d66d.o(RESET)
 <LI><a href="#[e]">GPIO4_Handler</a> from lto-llvm-32d66d.o(.text.GPIO4_Handler) referenced from lto-llvm-32d66d.o(RESET)
 <LI><a href="#[25]">GPIO_ConfigurePin</a> from lto-llvm-32d66d.o(.text.GPIO_ConfigurePin) referenced from lto-llvm-32d66d.o(.text.periph_init)
 <LI><a href="#[2]">HardFault_Handler</a> from lto-llvm-32d66d.o(startup_code_DA14xxx) referenced from lto-llvm-32d66d.o(RESET)
 <LI><a href="#[34]">HardFault_HandlerC</a> from lto-llvm-32d66d.o(.text.HardFault_HandlerC) referenced from lto-llvm-32d66d.o(startup_code_DA14xxx)
 <LI><a href="#[8]">I2C_Handler</a> from lto-llvm-32d66d.o(.text.I2C_Handler) referenced from lto-llvm-32d66d.o(RESET)
 <LI><a href="#[b9]">JT_l2cc_pdu_recv_ind_handler_func</a> from patch.o(.text) referenced from lto-llvm-32d66d.o(.rodata.rom_func_addr_table_var)
 <LI><a href="#[b6]">JT_l2cc_pdu_unpack_func</a> from patch.o(.text) referenced from lto-llvm-32d66d.o(.rodata.rom_func_addr_table_var)
 <LI><a href="#[c3]">JT_llc_le_length_effective_func</a> from patch.o(.text) referenced from lto-llvm-32d66d.o(.rodata.rom_func_addr_table_var)
 <LI><a href="#[1]">NMI_Handler</a> from lto-llvm-32d66d.o(startup_code_DA14xxx) referenced from lto-llvm-32d66d.o(RESET)
 <LI><a href="#[33]">NMI_HandlerC</a> from lto-llvm-32d66d.o(.text.NMI_HandlerC) referenced from lto-llvm-32d66d.o(startup_code_DA14xxx)
 <LI><a href="#[60]">PATCHED_atts_mtu_exc_req</a> from patch.o(.text) referenced from lto-llvm-32d66d.o(.rodata.patch_new_table)
 <LI><a href="#[69]">PATCHED_gapm_adv_sanity</a> from patch.o(.text) referenced from lto-llvm-32d66d.o(.rodata.patch_new_table)
 <LI><a href="#[65]">PATCHED_gapm_get_ad_type_flag</a> from patch.o(.text) referenced from lto-llvm-32d66d.o(.rodata.patch_new_table)
 <LI><a href="#[5c]">PATCHED_gapm_reset_cmd_handler</a> from patch.o(.text) referenced from lto-llvm-32d66d.o(.rodata.my_custom_msg_handlers)
 <LI><a href="#[5a]">PATCHED_hci_acl_data_rx_handler</a> from patch.o(.text) referenced from lto-llvm-32d66d.o(.rodata.my_custom_msg_handlers)
 <LI><a href="#[5d]">PATCHED_hci_command_handler</a> from patch.o(.text) referenced from lto-llvm-32d66d.o(.rodata.my_custom_msg_handlers)
 <LI><a href="#[6e]">PATCHED_hci_le_ltk_request_evt_handler</a> from patch.o(.text) referenced from lto-llvm-32d66d.o(.rodata.patch_new_table)
 <LI><a href="#[5f]">PATCHED_l2cc_data_send_rsp_handler</a> from patch.o(.text) referenced from lto-llvm-32d66d.o(.rodata.my_custom_msg_handlers)
 <LI><a href="#[6a]">PATCHED_llc_ch_map_req_ind</a> from patch.o(.text) referenced from lto-llvm-32d66d.o(.rodata.patch_new_table)
 <LI><a href="#[5e]">PATCHED_llc_data_ind_handler</a> from patch.o(.text) referenced from lto-llvm-32d66d.o(.rodata.my_custom_msg_handlers)
 <LI><a href="#[66]">PATCHED_llc_util_gen_skdx</a> from patch.o(.text) referenced from lto-llvm-32d66d.o(.rodata.patch_new_table)
 <LI><a href="#[59]">PATCHED_llcp_length_req_handler</a> from patch.o(.text) referenced from lto-llvm-32d66d.o(.rodata.my_custom_msg_handlers)
 <LI><a href="#[5b]">PATCHED_llcp_length_rsp_handler</a> from patch.o(.text) referenced from lto-llvm-32d66d.o(.rodata.my_custom_msg_handlers)
 <LI><a href="#[67]">PATCHED_lld_evt_move_to_master</a> from patch.o(.text) referenced from lto-llvm-32d66d.o(.rodata.patch_new_table)
 <LI><a href="#[68]">PATCHED_llm_adv_report_set</a> from patch.o(.text) referenced from lto-llvm-32d66d.o(.rodata.patch_new_table)
 <LI><a href="#[6b]">PATCHED_llm_con_req_ind</a> from patch.o(.text) referenced from lto-llvm-32d66d.o(.rodata.patch_new_table)
 <LI><a href="#[63]">PATCHED_smpc_check_key_distrib</a> from patch.o(.text) referenced from lto-llvm-32d66d.o(.rodata.patch_new_table)
 <LI><a href="#[64]">PATCHED_smpc_construct_id_addr_info_pdu</a> from patch.o(.text) referenced from lto-llvm-32d66d.o(.rodata.patch_new_table)
 <LI><a href="#[61]">PATCHED_smpc_dhkey_calc_start</a> from smpc_util.o(.text) referenced from lto-llvm-32d66d.o(.rodata.patch_new_table)
 <LI><a href="#[62]">PATCHED_smpc_is_sec_mode_reached</a> from patch.o(.text) referenced from lto-llvm-32d66d.o(.rodata.patch_new_table)
 <LI><a href="#[6f]">PATCHED_smpc_pdu_send</a> from patch.o(.text) referenced from lto-llvm-32d66d.o(.rodata.patch_new_table)
 <LI><a href="#[71]">PATCHED_smpc_recv_pair_fail_pdu</a> from patch.o(.text) referenced from lto-llvm-32d66d.o(.rodata.patch_new_table)
 <LI><a href="#[6c]">PATCHED_smpc_recv_pair_rand_pdu</a> from patch.o(.text) referenced from lto-llvm-32d66d.o(.rodata.patch_new_table)
 <LI><a href="#[70]">PATCHED_smpc_recv_pair_req_pdu</a> from patch.o(.text) referenced from lto-llvm-32d66d.o(.rodata.patch_new_table)
 <LI><a href="#[6d]">PATCHED_smpc_recv_public_key_exchange_pdu</a> from patch.o(.text) referenced from lto-llvm-32d66d.o(.rodata.patch_new_table)
 <LI><a href="#[bf]">PK_PointMult_func</a> from patch.o(.text) referenced from lto-llvm-32d66d.o(.rodata.rom_func_addr_table_var)
 <LI><a href="#[cd]">PllLF_IFF_MIX_CapCalibration_func</a> from da14585_symbols.txt(ABSOLUTE) referenced from lto-llvm-32d66d.o(.rodata.rom_func_addr_table_var)
 <LI><a href="#[2b]">RADIOCNTL_Handler</a> from lto-llvm-32d66d.o(.text.RADIOCNTL_Handler) referenced from lto-llvm-32d66d.o(.text.rf_init_func)
 <LI><a href="#[0]">Reset_Handler</a> from lto-llvm-32d66d.o(startup_code_DA14xxx) referenced from lto-llvm-32d66d.o(RESET)
 <LI><a href="#[7]">UART2_Handler</a> from lto-llvm-32d66d.o(.text.UART2_Handler) referenced from lto-llvm-32d66d.o(RESET)
 <LI><a href="#[6]">UART_Handler</a> from da14585_symbols.txt(ABSOLUTE) referenced from lto-llvm-32d66d.o(RESET)
 <LI><a href="#[8a]">UART_Handler_func</a> from da14585_symbols.txt(ABSOLUTE) referenced from lto-llvm-32d66d.o(.rodata.rom_func_addr_table_var)
 <LI><a href="#[f]">WKUP_QUADEC_Handler</a> from lto-llvm-32d66d.o(.text.WKUP_QUADEC_Handler) referenced from lto-llvm-32d66d.o(RESET)
 <LI><a href="#[2f]">adxl362_read_register</a> from lto-llvm-32d66d.o(.text.adxl362_read_register) referenced from lto-llvm-32d66d.o(.text.sleep_tracker_update)
 <LI><a href="#[14]">adxl362_spi_transfer</a> from lto-llvm-32d66d.o(.text.adxl362_spi_transfer) referenced from lto-llvm-32d66d.o(.text.adxl362_read_register)
 <LI><a href="#[14]">adxl362_spi_transfer</a> from lto-llvm-32d66d.o(.text.adxl362_spi_transfer) referenced from lto-llvm-32d66d.o(.text.main)
 <LI><a href="#[15]">app_accel_display_timer_cb</a> from lto-llvm-32d66d.o(.text.app_accel_display_timer_cb) referenced from lto-llvm-32d66d.o(.text.app_accel_display_timer_cb)
 <LI><a href="#[15]">app_accel_display_timer_cb</a> from lto-llvm-32d66d.o(.text.app_accel_display_timer_cb) referenced from lto-llvm-32d66d.o(.text.touch_release_timer_cb)
 <LI><a href="#[16]">app_batt_poll_timer_cb</a> from lto-llvm-32d66d.o(.text.app_batt_poll_timer_cb) referenced from lto-llvm-32d66d.o(.text.app_batt_poll_timer_cb)
 <LI><a href="#[16]">app_batt_poll_timer_cb</a> from lto-llvm-32d66d.o(.text.app_batt_poll_timer_cb) referenced from lto-llvm-32d66d.o(.text.gapc_connection_req_ind_handler_wrapper)
 <LI><a href="#[17]">app_clock_timer_cb</a> from lto-llvm-32d66d.o(.text.app_clock_timer_cb) referenced from lto-llvm-32d66d.o(.text.app_clock_timer_cb)
 <LI><a href="#[17]">app_clock_timer_cb</a> from lto-llvm-32d66d.o(.text.app_clock_timer_cb) referenced from lto-llvm-32d66d.o(.text.user_catch_rest_hndl)
 <LI><a href="#[44]">app_custs1_create_db</a> from lto-llvm-32d66d.o(.text.app_custs1_create_db) referenced from lto-llvm-32d66d.o(.rodata.cust_prf_funcs)
 <LI><a href="#[1c]">app_custs1_process_handler</a> from lto-llvm-32d66d.o(.text.app_custs1_process_handler) referenced from lto-llvm-32d66d.o(.text.app_entry_point_handler)
 <LI><a href="#[81]">app_diss_create_db</a> from lto-llvm-32d66d.o(.text.app_diss_create_db) referenced from lto-llvm-32d66d.o(.rodata.prf_funcs)
 <LI><a href="#[1b]">app_diss_process_handler</a> from lto-llvm-32d66d.o(.text.app_diss_process_handler) referenced from lto-llvm-32d66d.o(.text.app_entry_point_handler)
 <LI><a href="#[35]">app_entry_point_handler</a> from lto-llvm-32d66d.o(.text.app_entry_point_handler) referenced from lto-llvm-32d66d.o(.rodata.app_default_state)
 <LI><a href="#[19]">app_gap_process_handler_RAM</a> from lto-llvm-32d66d.o(.text.app_gap_process_handler_RAM) referenced from lto-llvm-32d66d.o(.text.app_entry_point_handler)
 <LI><a href="#[1d]">app_hr_poll_timer_cb</a> from lto-llvm-32d66d.o(.text.app_hr_poll_timer_cb) referenced from lto-llvm-32d66d.o(.text.app_hr_sample_timer_cb)
 <LI><a href="#[1d]">app_hr_poll_timer_cb</a> from lto-llvm-32d66d.o(.text.app_hr_poll_timer_cb) referenced from lto-llvm-32d66d.o(.text.gapc_connection_req_ind_handler_wrapper)
 <LI><a href="#[1e]">app_hr_sample_timer_cb</a> from lto-llvm-32d66d.o(.text.app_hr_sample_timer_cb) referenced from lto-llvm-32d66d.o(.text.app_hr_sample_timer_cb)
 <LI><a href="#[1e]">app_hr_sample_timer_cb</a> from lto-llvm-32d66d.o(.text.app_hr_sample_timer_cb) referenced from lto-llvm-32d66d.o(.text.touch_release_timer_cb)
 <LI><a href="#[1f]">app_sleep_tracker_timer_cb</a> from lto-llvm-32d66d.o(.text.app_sleep_tracker_timer_cb) referenced from lto-llvm-32d66d.o(.text.app_sleep_tracker_timer_cb)
 <LI><a href="#[1f]">app_sleep_tracker_timer_cb</a> from lto-llvm-32d66d.o(.text.app_sleep_tracker_timer_cb) referenced from lto-llvm-32d66d.o(.text.start_sleep_tracker)
 <LI><a href="#[1a]">app_timer_api_process_handler</a> from lto-llvm-32d66d.o(.text.app_timer_api_process_handler) referenced from lto-llvm-32d66d.o(.text.app_entry_point_handler)
 <LI><a href="#[bc]">attc_l2cc_pdu_recv_handler_func</a> from da14585_symbols.txt(ABSOLUTE) referenced from lto-llvm-32d66d.o(.rodata.rom_func_addr_table_var)
 <LI><a href="#[bb]">atts_l2cc_pdu_recv_handler_func</a> from da14585_symbols.txt(ABSOLUTE) referenced from lto-llvm-32d66d.o(.rodata.rom_func_addr_table_var)
 <LI><a href="#[72]">atts_mtu_exc_req</a> from da14585_symbols.txt(ABSOLUTE) referenced from lto-llvm-32d66d.o(.rodata.patch_orig_table)
 <LI><a href="#[ca]">ba431_get_rand_func</a> from lto-llvm-32d66d.o(.text.ba431_get_rand_func) referenced from lto-llvm-32d66d.o(.rodata.rom_func_addr_table_var)
 <LI><a href="#[bd]">crypto_init_func</a> from lto-llvm-32d66d.o(.text.crypto_init_func) referenced from lto-llvm-32d66d.o(.rodata.rom_func_addr_table_var)
 <LI><a href="#[4c]">custs1_att_info_rsp_handler</a> from lto-llvm-32d66d.o(.text.custs1_att_info_rsp_handler) referenced from lto-llvm-32d66d.o(.rodata.custs1_default_state)
 <LI><a href="#[51]">custs1_cleanup</a> from lto-llvm-32d66d.o(.text.custs1_cleanup) referenced from lto-llvm-32d66d.o(.rodata.custs1_itf)
 <LI><a href="#[50]">custs1_create</a> from lto-llvm-32d66d.o(.text.custs1_create) referenced from lto-llvm-32d66d.o(.rodata.custs1_itf)
 <LI><a href="#[4f]">custs1_destroy</a> from lto-llvm-32d66d.o(.text.custs1_destroy) referenced from lto-llvm-32d66d.o(.rodata.custs1_itf)
 <LI><a href="#[4e]">custs1_init</a> from lto-llvm-32d66d.o(.text.custs1_init) referenced from lto-llvm-32d66d.o(.rodata.custs1_itf)
 <LI><a href="#[4b]">custs1_val_ind_req_handler</a> from lto-llvm-32d66d.o(.text.custs1_val_ind_req_handler) referenced from lto-llvm-32d66d.o(.rodata.custs1_default_state)
 <LI><a href="#[49]">custs1_val_ntf_req_handler</a> from lto-llvm-32d66d.o(.text.custs1_val_ntf_req_handler) referenced from lto-llvm-32d66d.o(.rodata.custs1_default_state)
 <LI><a href="#[4a]">custs1_val_set_req_handler</a> from lto-llvm-32d66d.o(.text.custs1_val_set_req_handler) referenced from lto-llvm-32d66d.o(.rodata.custs1_default_state)
 <LI><a href="#[4d]">custs1_value_req_rsp_handler</a> from lto-llvm-32d66d.o(.text.custs1_value_req_rsp_handler) referenced from lto-llvm-32d66d.o(.rodata.custs1_default_state)
 <LI><a href="#[b2]">dbg_init_func_empty</a> from lto-llvm-32d66d.o(.text.dbg_init_func_empty) referenced from lto-llvm-32d66d.o(.rodata.rom_func_addr_table_var)
 <LI><a href="#[b3]">dbg_platform_reset_complete_func_empty</a> from lto-llvm-32d66d.o(.text.dbg_platform_reset_complete_func_empty) referenced from lto-llvm-32d66d.o(.rodata.rom_func_addr_table_var)
 <LI><a href="#[c8]">dia_rand_func</a> from lto-llvm-32d66d.o(.text.dia_rand_func) referenced from lto-llvm-32d66d.o(.rodata.rom_func_addr_table_var)
 <LI><a href="#[c9]">dia_srand_func</a> from lto-llvm-32d66d.o(.text.dia_srand_func) referenced from lto-llvm-32d66d.o(.rodata.rom_func_addr_table_var)
 <LI><a href="#[11]">display_accel_int_to_string</a> from lto-llvm-32d66d.o(.text.display_accel_int_to_string) referenced from lto-llvm-32d66d.o(.text.accelerometer_test)
 <LI><a href="#[58]">diss_cleanup</a> from lto-llvm-32d66d.o(.text.diss_cleanup) referenced from lto-llvm-32d66d.o(.rodata.diss_itf)
 <LI><a href="#[57]">diss_create</a> from lto-llvm-32d66d.o(.text.diss_create) referenced from lto-llvm-32d66d.o(.rodata.diss_itf)
 <LI><a href="#[56]">diss_destroy</a> from lto-llvm-32d66d.o(.text.diss_destroy) referenced from lto-llvm-32d66d.o(.rodata.diss_itf)
 <LI><a href="#[55]">diss_init</a> from lto-llvm-32d66d.o(.text.diss_init) referenced from lto-llvm-32d66d.o(.rodata.diss_itf)
 <LI><a href="#[52]">diss_set_value_req_handler</a> from lto-llvm-32d66d.o(.text.diss_set_value_req_handler) referenced from lto-llvm-32d66d.o(.rodata.diss_default_state)
 <LI><a href="#[54]">diss_value_cfm_handler</a> from lto-llvm-32d66d.o(.text.diss_value_cfm_handler) referenced from lto-llvm-32d66d.o(.rodata.diss_default_state)
 <LI><a href="#[36]">diss_value_req_ind_handler</a> from lto-llvm-32d66d.o(.text.diss_value_req_ind_handler) referenced from lto-llvm-32d66d.o(.rodata.app_diss_process_handlers)
 <LI><a href="#[39]">gapc_cmp_evt_handler_wrapper</a> from lto-llvm-32d66d.o(.text.gapc_cmp_evt_handler_wrapper) referenced from lto-llvm-32d66d.o(.rodata.app_gap_process_handlers)
 <LI><a href="#[3a]">gapc_connection_req_ind_handler_wrapper</a> from lto-llvm-32d66d.o(.text.gapc_connection_req_ind_handler_wrapper) referenced from lto-llvm-32d66d.o(.rodata.app_gap_process_handlers)
 <LI><a href="#[3b]">gapc_disconnect_ind_handler_wrapper</a> from lto-llvm-32d66d.o(.text.gapc_disconnect_ind_handler_wrapper) referenced from lto-llvm-32d66d.o(.rodata.app_gap_process_handlers)
 <LI><a href="#[3c]">gapc_get_dev_info_req_ind_handler_wrapper</a> from lto-llvm-32d66d.o(.text.gapc_get_dev_info_req_ind_handler_wrapper) referenced from lto-llvm-32d66d.o(.rodata.app_gap_process_handlers)
 <LI><a href="#[41]">gapc_le_pkt_size_ind_handler_wrapper</a> from lto-llvm-32d66d.o(.text.gapc_le_pkt_size_ind_handler_wrapper) referenced from lto-llvm-32d66d.o(.rodata.app_gap_process_handlers)
 <LI><a href="#[ba]">gapc_lecb_connect_cfm_handler_func</a> from da14585_symbols.txt(ABSOLUTE) referenced from lto-llvm-32d66d.o(.rodata.rom_func_addr_table_var)
 <LI><a href="#[40]">gapc_param_update_req_ind_handler_wrapper</a> from lto-llvm-32d66d.o(.text.gapc_param_update_req_ind_handler_wrapper) referenced from lto-llvm-32d66d.o(.rodata.app_gap_process_handlers)
 <LI><a href="#[43]">gapc_peer_features_ind_handler_wrapper</a> from lto-llvm-32d66d.o(.text.gapc_peer_features_ind_handler_wrapper) referenced from lto-llvm-32d66d.o(.rodata.app_gap_process_handlers)
 <LI><a href="#[3d]">gapc_set_dev_info_req_ind_handler_wrapper</a> from lto-llvm-32d66d.o(.text.gapc_set_dev_info_req_ind_handler_wrapper) referenced from lto-llvm-32d66d.o(.rodata.app_gap_process_handlers)
 <LI><a href="#[3f]">gapm_adv_report_ind_handler_wrapper</a> from lto-llvm-32d66d.o(.text.gapm_adv_report_ind_handler_wrapper) referenced from lto-llvm-32d66d.o(.rodata.app_gap_process_handlers)
 <LI><a href="#[7b]">gapm_adv_sanity</a> from da14585_symbols.txt(ABSOLUTE) referenced from lto-llvm-32d66d.o(.rodata.patch_orig_table)
 <LI><a href="#[38]">gapm_cmp_evt_handler_wrapper</a> from lto-llvm-32d66d.o(.text.gapm_cmp_evt_handler_wrapper) referenced from lto-llvm-32d66d.o(.rodata.app_gap_process_handlers)
 <LI><a href="#[37]">gapm_device_ready_ind_handler_wrapper</a> from lto-llvm-32d66d.o(.text.gapm_device_ready_ind_handler_wrapper) referenced from lto-llvm-32d66d.o(.rodata.app_gap_process_handlers)
 <LI><a href="#[77]">gapm_get_ad_type_flag</a> from da14585_symbols.txt(ABSOLUTE) referenced from lto-llvm-32d66d.o(.rodata.patch_orig_table)
 <LI><a href="#[3e]">gapm_profile_added_ind_handler_wrapper</a> from lto-llvm-32d66d.o(.text.gapm_profile_added_ind_handler_wrapper) referenced from lto-llvm-32d66d.o(.rodata.app_gap_process_handlers)
 <LI><a href="#[47]">gattc_att_info_req_ind_handler</a> from lto-llvm-32d66d.o(.text.gattc_att_info_req_ind_handler) referenced from lto-llvm-32d66d.o(.rodata.custs1_default_state)
 <LI><a href="#[48]">gattc_cmp_evt_handler</a> from lto-llvm-32d66d.o(.text.gattc_cmp_evt_handler) referenced from lto-llvm-32d66d.o(.rodata.custs1_default_state)
 <LI><a href="#[53]">gattc_read_req_ind_handler</a> from lto-llvm-32d66d.o(.text.gattc_read_req_ind_handler) referenced from lto-llvm-32d66d.o(.rodata.diss_default_state)
 <LI><a href="#[45]">gattc_read_req_ind_handler.86</a> from lto-llvm-32d66d.o(.text.gattc_read_req_ind_handler.86) referenced from lto-llvm-32d66d.o(.rodata.custs1_default_state)
 <LI><a href="#[42]">gattc_svc_changed_cfg_ind_handler_wrapper</a> from lto-llvm-32d66d.o(.text.gattc_svc_changed_cfg_ind_handler_wrapper) referenced from lto-llvm-32d66d.o(.rodata.app_gap_process_handlers)
 <LI><a href="#[46]">gattc_write_req_ind_handler</a> from lto-llvm-32d66d.o(.text.gattc_write_req_ind_handler) referenced from lto-llvm-32d66d.o(.rodata.custs1_default_state)
 <LI><a href="#[8c]">gtl_eif_init_func</a> from da14585_symbols.txt(ABSOLUTE) referenced from lto-llvm-32d66d.o(.rodata.rom_func_addr_table_var)
 <LI><a href="#[8e]">gtl_eif_read_hdr_func</a> from da14585_symbols.txt(ABSOLUTE) referenced from lto-llvm-32d66d.o(.rodata.rom_func_addr_table_var)
 <LI><a href="#[8f]">gtl_eif_read_payl_func</a> from da14585_symbols.txt(ABSOLUTE) referenced from lto-llvm-32d66d.o(.rodata.rom_func_addr_table_var)
 <LI><a href="#[8d]">gtl_eif_read_start_func</a> from da14585_symbols.txt(ABSOLUTE) referenced from lto-llvm-32d66d.o(.rodata.rom_func_addr_table_var)
 <LI><a href="#[91]">gtl_eif_rx_done_func</a> from da14585_symbols.txt(ABSOLUTE) referenced from lto-llvm-32d66d.o(.rodata.rom_func_addr_table_var)
 <LI><a href="#[90]">gtl_eif_tx_done_func</a> from da14585_symbols.txt(ABSOLUTE) referenced from lto-llvm-32d66d.o(.rodata.rom_func_addr_table_var)
 <LI><a href="#[8b]">gtl_init_func</a> from da14585_symbols.txt(ABSOLUTE) referenced from lto-llvm-32d66d.o(.rodata.rom_func_addr_table_var)
 <LI><a href="#[92]">h4tl_init_func</a> from da14585_symbols.txt(ABSOLUTE) referenced from lto-llvm-32d66d.o(.rodata.rom_func_addr_table_var)
 <LI><a href="#[97]">h4tl_out_of_sync_func</a> from da14585_symbols.txt(ABSOLUTE) referenced from lto-llvm-32d66d.o(.rodata.rom_func_addr_table_var)
 <LI><a href="#[94]">h4tl_read_hdr_func</a> from da14585_symbols.txt(ABSOLUTE) referenced from lto-llvm-32d66d.o(.rodata.rom_func_addr_table_var)
 <LI><a href="#[96]">h4tl_read_next_out_of_sync_func</a> from da14585_symbols.txt(ABSOLUTE) referenced from lto-llvm-32d66d.o(.rodata.rom_func_addr_table_var)
 <LI><a href="#[95]">h4tl_read_payl_func</a> from da14585_symbols.txt(ABSOLUTE) referenced from lto-llvm-32d66d.o(.rodata.rom_func_addr_table_var)
 <LI><a href="#[93]">h4tl_read_start_func</a> from da14585_symbols.txt(ABSOLUTE) referenced from lto-llvm-32d66d.o(.rodata.rom_func_addr_table_var)
 <LI><a href="#[99]">h4tl_rx_done_func</a> from da14585_symbols.txt(ABSOLUTE) referenced from lto-llvm-32d66d.o(.rodata.rom_func_addr_table_var)
 <LI><a href="#[98]">h4tl_tx_done_func</a> from da14585_symbols.txt(ABSOLUTE) referenced from lto-llvm-32d66d.o(.rodata.rom_func_addr_table_var)
 <LI><a href="#[b4]">hci_rd_local_supp_feats_cmd_handler_func</a> from da14585_symbols.txt(ABSOLUTE) referenced from lto-llvm-32d66d.o(.rodata.rom_func_addr_table_var)
 <LI><a href="#[24]">i2c_write_byte</a> from lto-llvm-32d66d.o(.text.i2c_write_byte) referenced from lto-llvm-32d66d.o(.text.oled_send_cmd)
 <LI><a href="#[9a]">ke_task_init_func</a> from da14585_symbols.txt(ABSOLUTE) referenced from lto-llvm-32d66d.o(.rodata.rom_func_addr_table_var)
 <LI><a href="#[9b]">ke_timer_init_func</a> from da14585_symbols.txt(ABSOLUTE) referenced from lto-llvm-32d66d.o(.rodata.rom_func_addr_table_var)
 <LI><a href="#[b8]">l2c_process_sdu_func</a> from da14585_symbols.txt(ABSOLUTE) referenced from lto-llvm-32d66d.o(.rodata.rom_func_addr_table_var)
 <LI><a href="#[b7]">l2c_send_lecb_message_func</a> from da14585_symbols.txt(ABSOLUTE) referenced from lto-llvm-32d66d.o(.rodata.rom_func_addr_table_var)
 <LI><a href="#[b5]">l2cc_pdu_pack_func</a> from da14585_symbols.txt(ABSOLUTE) referenced from lto-llvm-32d66d.o(.rodata.rom_func_addr_table_var)
 <LI><a href="#[7c]">llc_ch_map_req_ind</a> from da14585_symbols.txt(ABSOLUTE) referenced from lto-llvm-32d66d.o(.rodata.patch_orig_table)
 <LI><a href="#[c4]">llc_le_length_conn_init_func</a> from da14585_symbols.txt(ABSOLUTE) referenced from lto-llvm-32d66d.o(.rodata.rom_func_addr_table_var)
 <LI><a href="#[c7]">llc_pdu_send_func</a> from da14585_symbols.txt(ABSOLUTE) referenced from lto-llvm-32d66d.o(.rodata.rom_func_addr_table_var)
 <LI><a href="#[78]">llc_util_gen_skdx</a> from da14585_symbols.txt(ABSOLUTE) referenced from lto-llvm-32d66d.o(.rodata.patch_orig_table)
 <LI><a href="#[c6]">lld_data_tx_check_func</a> from da14585_symbols.txt(ABSOLUTE) referenced from lto-llvm-32d66d.o(.rodata.rom_func_addr_table_var)
 <LI><a href="#[c5]">lld_data_tx_prog_func</a> from da14585_symbols.txt(ABSOLUTE) referenced from lto-llvm-32d66d.o(.rodata.rom_func_addr_table_var)
 <LI><a href="#[79]">lld_evt_move_to_master</a> from da14585_symbols.txt(ABSOLUTE) referenced from lto-llvm-32d66d.o(.rodata.patch_orig_table)
 <LI><a href="#[a3]">lld_sleep_compensate_func</a> from lto-llvm-32d66d.o(.text.lld_sleep_compensate_func) referenced from lto-llvm-32d66d.o(.rodata.rom_func_addr_table_var)
 <LI><a href="#[a4]">lld_sleep_init_func</a> from lto-llvm-32d66d.o(.text.lld_sleep_init_func) referenced from lto-llvm-32d66d.o(.rodata.rom_func_addr_table_var)
 <LI><a href="#[a6]">lld_sleep_lpcycles_2_us_sel_func</a> from lto-llvm-32d66d.o(.text.lld_sleep_lpcycles_2_us_sel_func) referenced from lto-llvm-32d66d.o(.rodata.rom_func_addr_table_var)
 <LI><a href="#[a5]">lld_sleep_us_2_lpcycles_sel_func</a> from lto-llvm-32d66d.o(.text.lld_sleep_us_2_lpcycles_sel_func) referenced from lto-llvm-32d66d.o(.rodata.rom_func_addr_table_var)
 <LI><a href="#[a9]">lld_test_mode_rx_func</a> from da14585_symbols.txt(ABSOLUTE) referenced from lto-llvm-32d66d.o(.rodata.rom_func_addr_table_var)
 <LI><a href="#[a8]">lld_test_mode_tx_func</a> from da14585_symbols.txt(ABSOLUTE) referenced from lto-llvm-32d66d.o(.rodata.rom_func_addr_table_var)
 <LI><a href="#[a7]">lld_test_stop_func</a> from da14585_symbols.txt(ABSOLUTE) referenced from lto-llvm-32d66d.o(.rodata.rom_func_addr_table_var)
 <LI><a href="#[7a]">llm_adv_report_set</a> from da14585_symbols.txt(ABSOLUTE) referenced from lto-llvm-32d66d.o(.rodata.patch_orig_table)
 <LI><a href="#[7d]">llm_con_req_ind</a> from da14585_symbols.txt(ABSOLUTE) referenced from lto-llvm-32d66d.o(.rodata.patch_orig_table)
 <LI><a href="#[c1]">llm_create_p256_key_func</a> from patch.o(.text) referenced from lto-llvm-32d66d.o(.rodata.rom_func_addr_table_var)
 <LI><a href="#[9c]">llm_encryption_done_func</a> from da14585_symbols.txt(ABSOLUTE) referenced from lto-llvm-32d66d.o(.rodata.rom_func_addr_table_var)
 <LI><a href="#[be]">llm_le_adv_report_ind_func</a> from da14585_symbols.txt(ABSOLUTE) referenced from lto-llvm-32d66d.o(.rodata.rom_func_addr_table_var)
 <LI><a href="#[c2]">llm_p256_req_handler_func</a> from patch.o(.text) referenced from lto-llvm-32d66d.o(.rodata.rom_func_addr_table_var)
 <LI><a href="#[c0]">llm_p256_start_func</a> from da14585_symbols.txt(ABSOLUTE) referenced from lto-llvm-32d66d.o(.rodata.rom_func_addr_table_var)
 <LI><a href="#[30]">long_press_timer_cb</a> from lto-llvm-32d66d.o(.text.long_press_timer_cb) referenced from lto-llvm-32d66d.o(.text.touch_button_press_cb)
 <LI><a href="#[10]">main</a> from lto-llvm-32d66d.o(.text.main) referenced from entry9a.o(.ARM.Collect$$$$0000000B)
 <LI><a href="#[23]">max30102_write_reg</a> from lto-llvm-32d66d.o(.text.max30102_write_reg) referenced from lto-llvm-32d66d.o(.text.max30102_start_measurement)
 <LI><a href="#[cb]">modulationGainCalibration_func</a> from da14585_symbols.txt(ABSOLUTE) referenced from lto-llvm-32d66d.o(.rodata.rom_func_addr_table_var)
 <LI><a href="#[9f]">nvds_del_func</a> from lto-llvm-32d66d.o(.text.nvds_del_func) referenced from lto-llvm-32d66d.o(.rodata.rom_func_addr_table_var)
 <LI><a href="#[9d]">nvds_get_func</a> from lto-llvm-32d66d.o(.text.nvds_get_func) referenced from lto-llvm-32d66d.o(.rodata.rom_func_addr_table_var)
 <LI><a href="#[a0]">nvds_init_func</a> from lto-llvm-32d66d.o(.text.nvds_init_func) referenced from lto-llvm-32d66d.o(.rodata.rom_func_addr_table_var)
 <LI><a href="#[9e]">nvds_put_func</a> from lto-llvm-32d66d.o(.text.nvds_put_func) referenced from lto-llvm-32d66d.o(.rodata.rom_func_addr_table_var)
 <LI><a href="#[13]">oled_buffer_draw_accel_line</a> from lto-llvm-32d66d.o(.text.oled_buffer_draw_accel_line) referenced from lto-llvm-32d66d.o(.text.accelerometer_test)
 <LI><a href="#[12]">oled_buffer_draw_centered_string</a> from lto-llvm-32d66d.o(.text.oled_buffer_draw_centered_string) referenced from lto-llvm-32d66d.o(.text.accelerometer_test)
 <LI><a href="#[26]">oled_send_cmd</a> from lto-llvm-32d66d.o(.text.oled_send_cmd) referenced from lto-llvm-32d66d.o(.text.periph_init)
 <LI><a href="#[21]">param_update_request_timer_cb</a> from lto-llvm-32d66d.o(.text.param_update_request_timer_cb) referenced from lto-llvm-32d66d.o(.text.gapc_connection_req_ind_handler_wrapper)
 <LI><a href="#[a2]">platform_reset_func</a> from lto-llvm-32d66d.o(.text.platform_reset_func) referenced from lto-llvm-32d66d.o(.rodata.rom_func_addr_table_var)
 <LI><a href="#[ad]">prf_add_profile_func</a> from lto-llvm-32d66d.o(.text.prf_add_profile_func) referenced from lto-llvm-32d66d.o(.rodata.rom_func_addr_table_var)
 <LI><a href="#[af]">prf_cleanup_func</a> from lto-llvm-32d66d.o(.text.prf_cleanup_func) referenced from lto-llvm-32d66d.o(.rodata.rom_func_addr_table_var)
 <LI><a href="#[ae]">prf_create_func</a> from lto-llvm-32d66d.o(.text.prf_create_func) referenced from lto-llvm-32d66d.o(.rodata.rom_func_addr_table_var)
 <LI><a href="#[b0]">prf_get_id_from_task_func</a> from lto-llvm-32d66d.o(.text.prf_get_id_from_task_func) referenced from lto-llvm-32d66d.o(.rodata.rom_func_addr_table_var)
 <LI><a href="#[b1]">prf_get_task_from_id_func</a> from lto-llvm-32d66d.o(.text.prf_get_task_from_id_func) referenced from lto-llvm-32d66d.o(.rodata.rom_func_addr_table_var)
 <LI><a href="#[ac]">prf_init_func</a> from lto-llvm-32d66d.o(.text.prf_init_func) referenced from lto-llvm-32d66d.o(.rodata.rom_func_addr_table_var)
 <LI><a href="#[2e]">rf_force_agc_enable</a> from lto-llvm-32d66d.o(.text.rf_force_agc_enable) referenced from lto-llvm-32d66d.o(.text.rf_init_func)
 <LI><a href="#[82]">rf_init_func</a> from lto-llvm-32d66d.o(.text.rf_init_func) referenced from lto-llvm-32d66d.o(.rodata.rom_func_addr_table_var)
 <LI><a href="#[28]">rf_reg_rd</a> from lto-llvm-32d66d.o(.text.rf_reg_rd) referenced from lto-llvm-32d66d.o(.text.rf_init_func)
 <LI><a href="#[27]">rf_reg_wr</a> from lto-llvm-32d66d.o(.text.rf_reg_wr) referenced from lto-llvm-32d66d.o(.text.rf_init_func)
 <LI><a href="#[83]">rf_reinit_func</a> from lto-llvm-32d66d.o(.text.rf_reinit_func) referenced from lto-llvm-32d66d.o(.rodata.rom_func_addr_table_var)
 <LI><a href="#[2c]">rf_reset</a> from lto-llvm-32d66d.o(.text.rf_reset) referenced from lto-llvm-32d66d.o(.text.rf_init_func)
 <LI><a href="#[2d]">rf_rssi_convert</a> from lto-llvm-32d66d.o(.text.rf_rssi_convert) referenced from lto-llvm-32d66d.o(.text.rf_init_func)
 <LI><a href="#[29]">rf_sleep</a> from lto-llvm-32d66d.o(.text.rf_sleep) referenced from lto-llvm-32d66d.o(.text.rf_init_func)
 <LI><a href="#[2a]">rf_txpwr_dbm_get</a> from lto-llvm-32d66d.o(.text.rf_txpwr_dbm_get) referenced from lto-llvm-32d66d.o(.text.rf_init_func)
 <LI><a href="#[5]">rwble_isr</a> from lto-llvm-32d66d.o(.text.rwble_isr) referenced from lto-llvm-32d66d.o(RESET)
 <LI><a href="#[a1]">rwip_eif_get_func</a> from da14585_symbols.txt(ABSOLUTE) referenced from lto-llvm-32d66d.o(.rodata.rom_func_addr_table_var)
 <LI><a href="#[75]">smpc_check_key_distrib</a> from da14585_symbols.txt(ABSOLUTE) referenced from lto-llvm-32d66d.o(.rodata.patch_orig_table)
 <LI><a href="#[aa]">smpc_check_param_func</a> from da14585_symbols.txt(ABSOLUTE) referenced from lto-llvm-32d66d.o(.rodata.rom_func_addr_table_var)
 <LI><a href="#[76]">smpc_construct_id_addr_info_pdu</a> from da14585_symbols.txt(ABSOLUTE) referenced from lto-llvm-32d66d.o(.rodata.patch_orig_table)
 <LI><a href="#[cf]">smpc_dhkey_calc_ind_func</a> from da14585_symbols.txt(ABSOLUTE) referenced from lto-llvm-32d66d.o(.rodata.rom_func_addr_table_var)
 <LI><a href="#[73]">smpc_dhkey_calc_start</a> from da14585_symbols.txt(ABSOLUTE) referenced from lto-llvm-32d66d.o(.rodata.patch_orig_table)
 <LI><a href="#[74]">smpc_is_sec_mode_reached</a> from da14585_symbols.txt(ABSOLUTE) referenced from lto-llvm-32d66d.o(.rodata.patch_orig_table)
 <LI><a href="#[ab]">smpc_pdu_recv_func</a> from da14585_symbols.txt(ABSOLUTE) referenced from lto-llvm-32d66d.o(.rodata.rom_func_addr_table_var)
 <LI><a href="#[80]">smpc_pdu_send</a> from da14585_symbols.txt(ABSOLUTE) referenced from lto-llvm-32d66d.o(.rodata.patch_orig_table)
 <LI><a href="#[ce]">smpc_public_key_exchange_start_func</a> from da14585_symbols.txt(ABSOLUTE) referenced from lto-llvm-32d66d.o(.rodata.rom_func_addr_table_var)
 <LI><a href="#[7e]">smpc_recv_pair_rand_pdu</a> from da14585_symbols.txt(ABSOLUTE) referenced from lto-llvm-32d66d.o(.rodata.patch_orig_table)
 <LI><a href="#[7f]">smpc_recv_public_key_exchange_pdu</a> from da14585_symbols.txt(ABSOLUTE) referenced from lto-llvm-32d66d.o(.rodata.patch_orig_table)
 <LI><a href="#[d0]">smpm_ecdh_key_create_empty_func</a> from lto-llvm-32d66d.o(.text.smpm_ecdh_key_create_empty_func) referenced from lto-llvm-32d66d.o(.rodata.rom_func_addr_table_var)
 <LI><a href="#[18]">timer_canceled_handler</a> from lto-llvm-32d66d.o(.text.timer_canceled_handler) referenced from lto-llvm-32d66d.o(.text.app_easy_timer_cancel)
 <LI><a href="#[18]">timer_canceled_handler</a> from lto-llvm-32d66d.o(.text.timer_canceled_handler) referenced from lto-llvm-32d66d.o(.text.app_timer_api_process_handler)
 <LI><a href="#[20]">timer_modified_handler</a> from lto-llvm-32d66d.o(.text.timer_modified_handler) referenced from lto-llvm-32d66d.o(.text.app_timer_api_process_handler)
 <LI><a href="#[22]">touch_button_press_cb</a> from lto-llvm-32d66d.o(.text.touch_button_press_cb) referenced from lto-llvm-32d66d.o(.text.main)
 <LI><a href="#[22]">touch_button_press_cb</a> from lto-llvm-32d66d.o(.text.touch_button_press_cb) referenced from lto-llvm-32d66d.o(.text.touch_rearm_timer_cb)
 <LI><a href="#[32]">touch_rearm_timer_cb</a> from lto-llvm-32d66d.o(.text.touch_rearm_timer_cb) referenced from lto-llvm-32d66d.o(.text.touch_release_timer_cb)
 <LI><a href="#[31]">touch_release_timer_cb</a> from lto-llvm-32d66d.o(.text.touch_release_timer_cb) referenced from lto-llvm-32d66d.o(.text.touch_release_timer_cb)
 <LI><a href="#[87]">uart_finish_transfers_func</a> from da14585_symbols.txt(ABSOLUTE) referenced from lto-llvm-32d66d.o(.rodata.rom_func_addr_table_var)
 <LI><a href="#[86]">uart_flow_off_func</a> from da14585_symbols.txt(ABSOLUTE) referenced from lto-llvm-32d66d.o(.rodata.rom_func_addr_table_var)
 <LI><a href="#[85]">uart_flow_on_func</a> from da14585_symbols.txt(ABSOLUTE) referenced from lto-llvm-32d66d.o(.rodata.rom_func_addr_table_var)
 <LI><a href="#[84]">uart_init_func</a> from da14585_symbols.txt(ABSOLUTE) referenced from lto-llvm-32d66d.o(.rodata.rom_func_addr_table_var)
 <LI><a href="#[88]">uart_read_func</a> from da14585_symbols.txt(ABSOLUTE) referenced from lto-llvm-32d66d.o(.rodata.rom_func_addr_table_var)
 <LI><a href="#[89]">uart_write_func</a> from da14585_symbols.txt(ABSOLUTE) referenced from lto-llvm-32d66d.o(.rodata.rom_func_addr_table_var)
</UL>
<P>
<H3>
Global Symbols
</H3>
<P><STRONG><a name="[a1]"></a>rwip_eif_get_func</STRONG> (Thumb, 0 bytes, Stack size 0 bytes, da14585_symbols.txt(ABSOLUTE), UNUSED)
<BR>[Address Reference Count : 1]<UL><LI> lto-llvm-32d66d.o(.rodata.rom_func_addr_table_var)
</UL>
<P><STRONG><a name="[183]"></a>ble_init</STRONG> (Thumb, 0 bytes, Stack size 0 bytes, da14585_symbols.txt(ABSOLUTE))
<BR><BR>[Called By]<UL><LI><a href="#[10]">&gt;&gt;</a>&nbsp;&nbsp;&nbsp;main
</UL>

<P><STRONG><a name="[18e]"></a>ble_regs_push</STRONG> (Thumb, 0 bytes, Stack size 0 bytes, da14585_symbols.txt(ABSOLUTE))
<BR><BR>[Called By]<UL><LI><a href="#[10]">&gt;&gt;</a>&nbsp;&nbsp;&nbsp;main
</UL>

<P><STRONG><a name="[135]"></a>ble_regs_pop</STRONG> (Thumb, 0 bytes, Stack size 0 bytes, da14585_symbols.txt(ABSOLUTE))
<BR><BR>[Called By]<UL><LI><a href="#[4]">&gt;&gt;</a>&nbsp;&nbsp;&nbsp;BLE_WAKEUP_LP_Handler
</UL>

<P><STRONG><a name="[1a2]"></a>rf_reinit</STRONG> (Thumb, 0 bytes, Stack size 0 bytes, da14585_symbols.txt(ABSOLUTE))
<BR><BR>[Called By]<UL><LI><a href="#[5]">&gt;&gt;</a>&nbsp;&nbsp;&nbsp;rwble_isr
</UL>

<P><STRONG><a name="[12a]"></a>smpc_check_param</STRONG> (Thumb, 0 bytes, Stack size 0 bytes, da14585_symbols.txt(ABSOLUTE), UNUSED)
<BR><BR>[Called By]<UL><LI><a href="#[129]">&gt;&gt;</a>&nbsp;&nbsp;&nbsp;JT_smpc_pdu_recv_func
</UL>

<P><STRONG><a name="[109]"></a>smpc_pdu_recv</STRONG> (Thumb, 0 bytes, Stack size 0 bytes, da14585_symbols.txt(ABSOLUTE))
<BR><BR>[Called By]<UL><LI><a href="#[b9]">&gt;&gt;</a>&nbsp;&nbsp;&nbsp;JT_l2cc_pdu_recv_ind_handler_func
</UL>

<P><STRONG><a name="[6]"></a>UART_Handler</STRONG> (Thumb, 0 bytes, Stack size 0 bytes, da14585_symbols.txt(ABSOLUTE), UNUSED)
<BR>[Address Reference Count : 1]<UL><LI> lto-llvm-32d66d.o(RESET)
</UL>
<P><STRONG><a name="[fa]"></a>platform_reset</STRONG> (Thumb, 0 bytes, Stack size 0 bytes, da14585_symbols.txt(ABSOLUTE))
<BR><BR>[Called By]<UL><LI><a href="#[5c]">&gt;&gt;</a>&nbsp;&nbsp;&nbsp;PATCHED_gapm_reset_cmd_handler
</UL>

<P><STRONG><a name="[14a]"></a>prf_get_task_from_id</STRONG> (Thumb, 0 bytes, Stack size 0 bytes, da14585_symbols.txt(ABSOLUTE))
<BR><BR>[Called By]<UL><LI><a href="#[1e]">&gt;&gt;</a>&nbsp;&nbsp;&nbsp;app_hr_sample_timer_cb
<LI><a href="#[1f]">&gt;&gt;</a>&nbsp;&nbsp;&nbsp;app_sleep_tracker_timer_cb
<LI><a href="#[149]">&gt;&gt;</a>&nbsp;&nbsp;&nbsp;app_batt_send_telemetry_ntf
</UL>

<P><STRONG><a name="[101]"></a>l2cc_pdu_unpack</STRONG> (Thumb, 0 bytes, Stack size 0 bytes, da14585_symbols.txt(ABSOLUTE))
<BR><BR>[Called By]<UL><LI><a href="#[5a]">&gt;&gt;</a>&nbsp;&nbsp;&nbsp;PATCHED_hci_acl_data_rx_handler
</UL>

<P><STRONG><a name="[105]"></a>l2c_send_lecb_message</STRONG> (Thumb, 0 bytes, Stack size 0 bytes, da14585_symbols.txt(ABSOLUTE))
<BR><BR>[Called By]<UL><LI><a href="#[5a]">&gt;&gt;</a>&nbsp;&nbsp;&nbsp;PATCHED_hci_acl_data_rx_handler
</UL>

<P><STRONG><a name="[103]"></a>l2c_process_sdu</STRONG> (Thumb, 0 bytes, Stack size 0 bytes, da14585_symbols.txt(ABSOLUTE))
<BR><BR>[Called By]<UL><LI><a href="#[5a]">&gt;&gt;</a>&nbsp;&nbsp;&nbsp;PATCHED_hci_acl_data_rx_handler
</UL>

<P><STRONG><a name="[ee]"></a>PK_PointMult</STRONG> (Thumb, 0 bytes, Stack size 0 bytes, da14585_symbols.txt(ABSOLUTE))
<BR><BR>[Called By]<UL><LI><a href="#[c1]">&gt;&gt;</a>&nbsp;&nbsp;&nbsp;llm_create_p256_key_func
</UL>

<P><STRONG><a name="[f6]"></a>llm_p256_start</STRONG> (Thumb, 0 bytes, Stack size 0 bytes, da14585_symbols.txt(ABSOLUTE))
<BR><BR>[Called By]<UL><LI><a href="#[c2]">&gt;&gt;</a>&nbsp;&nbsp;&nbsp;llm_p256_req_handler_func
</UL>

<P><STRONG><a name="[f1]"></a>llm_create_p256_key</STRONG> (Thumb, 0 bytes, Stack size 0 bytes, da14585_symbols.txt(ABSOLUTE))
<BR><BR>[Called By]<UL><LI><a href="#[c2]">&gt;&gt;</a>&nbsp;&nbsp;&nbsp;llm_p256_req_handler_func
</UL>

<P><STRONG><a name="[e0]"></a>dia_rand</STRONG> (Thumb, 0 bytes, Stack size 0 bytes, da14585_symbols.txt(ABSOLUTE))
<BR><BR>[Called By]<UL><LI><a href="#[66]">&gt;&gt;</a>&nbsp;&nbsp;&nbsp;PATCHED_llc_util_gen_skdx
<LI><a href="#[ca]">&gt;&gt;</a>&nbsp;&nbsp;&nbsp;ba431_get_rand_func
</UL>

<P><STRONG><a name="[ed]"></a>ba431_get_rand</STRONG> (Thumb, 0 bytes, Stack size 0 bytes, da14585_symbols.txt(ABSOLUTE))
<BR><BR>[Called By]<UL><LI><a href="#[c1]">&gt;&gt;</a>&nbsp;&nbsp;&nbsp;llm_create_p256_key_func
</UL>

<P><STRONG><a name="[12f]"></a>modulationGainCalibration</STRONG> (Thumb, 0 bytes, Stack size 0 bytes, da14585_symbols.txt(ABSOLUTE))
<BR><BR>[Called By]<UL><LI><a href="#[12c]">&gt;&gt;</a>&nbsp;&nbsp;&nbsp;rf_calibration_585
</UL>

<P><STRONG><a name="[12d]"></a>DCoffsetCalibration</STRONG> (Thumb, 0 bytes, Stack size 0 bytes, da14585_symbols.txt(ABSOLUTE))
<BR><BR>[Called By]<UL><LI><a href="#[12c]">&gt;&gt;</a>&nbsp;&nbsp;&nbsp;rf_calibration_585
<LI><a href="#[10]">&gt;&gt;</a>&nbsp;&nbsp;&nbsp;main
</UL>

<P><STRONG><a name="[12e]"></a>PllLF_IFF_MIX_CapCalibration</STRONG> (Thumb, 0 bytes, Stack size 0 bytes, da14585_symbols.txt(ABSOLUTE))
<BR><BR>[Called By]<UL><LI><a href="#[12c]">&gt;&gt;</a>&nbsp;&nbsp;&nbsp;rf_calibration_585
<LI><a href="#[10]">&gt;&gt;</a>&nbsp;&nbsp;&nbsp;main
</UL>

<P><STRONG><a name="[fb]"></a>smpm_ecdh_key_create</STRONG> (Thumb, 0 bytes, Stack size 0 bytes, da14585_symbols.txt(ABSOLUTE))
<BR><BR>[Called By]<UL><LI><a href="#[5c]">&gt;&gt;</a>&nbsp;&nbsp;&nbsp;PATCHED_gapm_reset_cmd_handler
</UL>

<P><STRONG><a name="[106]"></a>co_buf_rx_free</STRONG> (Thumb, 0 bytes, Stack size 0 bytes, da14585_symbols.txt(ABSOLUTE))
<BR><BR>[Called By]<UL><LI><a href="#[5e]">&gt;&gt;</a>&nbsp;&nbsp;&nbsp;PATCHED_llc_data_ind_handler
<LI><a href="#[5a]">&gt;&gt;</a>&nbsp;&nbsp;&nbsp;PATCHED_hci_acl_data_rx_handler
</UL>

<P><STRONG><a name="[e2]"></a>co_buf_rx_buffer_get</STRONG> (Thumb, 0 bytes, Stack size 0 bytes, da14585_symbols.txt(ABSOLUTE))
<BR><BR>[Called By]<UL><LI><a href="#[68]">&gt;&gt;</a>&nbsp;&nbsp;&nbsp;PATCHED_llm_adv_report_set
<LI><a href="#[6b]">&gt;&gt;</a>&nbsp;&nbsp;&nbsp;PATCHED_llm_con_req_ind
<LI><a href="#[5a]">&gt;&gt;</a>&nbsp;&nbsp;&nbsp;PATCHED_hci_acl_data_rx_handler
</UL>

<P><STRONG><a name="[167]"></a>co_list_init</STRONG> (Thumb, 0 bytes, Stack size 0 bytes, da14585_symbols.txt(ABSOLUTE))
<BR><BR>[Called By]<UL><LI><a href="#[4e]">&gt;&gt;</a>&nbsp;&nbsp;&nbsp;custs1_init
<LI><a href="#[55]">&gt;&gt;</a>&nbsp;&nbsp;&nbsp;diss_init
</UL>

<P><STRONG><a name="[f4]"></a>co_list_pop_front</STRONG> (Thumb, 0 bytes, Stack size 0 bytes, da14585_symbols.txt(ABSOLUTE))
<BR><BR>[Called By]<UL><LI><a href="#[c2]">&gt;&gt;</a>&nbsp;&nbsp;&nbsp;llm_p256_req_handler_func
<LI><a href="#[4f]">&gt;&gt;</a>&nbsp;&nbsp;&nbsp;custs1_destroy
<LI><a href="#[56]">&gt;&gt;</a>&nbsp;&nbsp;&nbsp;diss_destroy
</UL>

<P><STRONG><a name="[102]"></a>co_list_push_back</STRONG> (Thumb, 0 bytes, Stack size 0 bytes, da14585_symbols.txt(ABSOLUTE))
<BR><BR>[Called By]<UL><LI><a href="#[5a]">&gt;&gt;</a>&nbsp;&nbsp;&nbsp;PATCHED_hci_acl_data_rx_handler
<LI><a href="#[15d]">&gt;&gt;</a>&nbsp;&nbsp;&nbsp;custs1_att_set_value
<LI><a href="#[52]">&gt;&gt;</a>&nbsp;&nbsp;&nbsp;diss_set_value_req_handler
</UL>

<P><STRONG><a name="[15e]"></a>co_list_extract</STRONG> (Thumb, 0 bytes, Stack size 0 bytes, da14585_symbols.txt(ABSOLUTE))
<BR><BR>[Called By]<UL><LI><a href="#[15d]">&gt;&gt;</a>&nbsp;&nbsp;&nbsp;custs1_att_set_value
<LI><a href="#[52]">&gt;&gt;</a>&nbsp;&nbsp;&nbsp;diss_set_value_req_handler
</UL>

<P><STRONG><a name="[c4]"></a>llc_le_length_conn_init_func</STRONG> (Thumb, 0 bytes, Stack size 0 bytes, da14585_symbols.txt(ABSOLUTE), UNUSED)
<BR>[Address Reference Count : 1]<UL><LI> lto-llvm-32d66d.o(.rodata.rom_func_addr_table_var)
</UL>
<P><STRONG><a name="[121]"></a>llc_start</STRONG> (Thumb, 0 bytes, Stack size 0 bytes, da14585_symbols.txt(ABSOLUTE))
<BR><BR>[Called By]<UL><LI><a href="#[6b]">&gt;&gt;</a>&nbsp;&nbsp;&nbsp;PATCHED_llm_con_req_ind
</UL>

<P><STRONG><a name="[115]"></a>llc_common_enc_key_ref_comp_evt_send</STRONG> (Thumb, 0 bytes, Stack size 0 bytes, da14585_symbols.txt(ABSOLUTE))
<BR><BR>[Called By]<UL><LI><a href="#[5e]">&gt;&gt;</a>&nbsp;&nbsp;&nbsp;PATCHED_llc_data_ind_handler
</UL>

<P><STRONG><a name="[116]"></a>llc_common_enc_change_evt_send</STRONG> (Thumb, 0 bytes, Stack size 0 bytes, da14585_symbols.txt(ABSOLUTE))
<BR><BR>[Called By]<UL><LI><a href="#[5e]">&gt;&gt;</a>&nbsp;&nbsp;&nbsp;PATCHED_llc_data_ind_handler
</UL>

<P><STRONG><a name="[10c]"></a>llc_map_update_ind</STRONG> (Thumb, 0 bytes, Stack size 0 bytes, da14585_symbols.txt(ABSOLUTE))
<BR><BR>[Called By]<UL><LI><a href="#[6a]">&gt;&gt;</a>&nbsp;&nbsp;&nbsp;PATCHED_llc_ch_map_req_ind
</UL>

<P><STRONG><a name="[c7]"></a>llc_pdu_send_func</STRONG> (Thumb, 0 bytes, Stack size 0 bytes, da14585_symbols.txt(ABSOLUTE), UNUSED)
<BR>[Address Reference Count : 1]<UL><LI> lto-llvm-32d66d.o(.rodata.rom_func_addr_table_var)
</UL>
<P><STRONG><a name="[da]"></a>llc_length_rsp_pdu_send</STRONG> (Thumb, 0 bytes, Stack size 0 bytes, da14585_symbols.txt(ABSOLUTE))
<BR><BR>[Called By]<UL><LI><a href="#[59]">&gt;&gt;</a>&nbsp;&nbsp;&nbsp;PATCHED_llcp_length_req_handler
</UL>

<P><STRONG><a name="[db]"></a>llc_length_ind</STRONG> (Thumb, 0 bytes, Stack size 0 bytes, da14585_symbols.txt(ABSOLUTE))
<BR><BR>[Called By]<UL><LI><a href="#[59]">&gt;&gt;</a>&nbsp;&nbsp;&nbsp;PATCHED_llcp_length_req_handler
<LI><a href="#[5b]">&gt;&gt;</a>&nbsp;&nbsp;&nbsp;PATCHED_llcp_length_rsp_handler
</UL>

<P><STRONG><a name="[7c]"></a>llc_ch_map_req_ind</STRONG> (Thumb, 0 bytes, Stack size 0 bytes, da14585_symbols.txt(ABSOLUTE), UNUSED)
<BR>[Address Reference Count : 1]<UL><LI> lto-llvm-32d66d.o(.rodata.patch_orig_table)
</UL>
<P><STRONG><a name="[117]"></a>llc_util_get_free_conhdl</STRONG> (Thumb, 0 bytes, Stack size 0 bytes, da14585_symbols.txt(ABSOLUTE))
<BR><BR>[Called By]<UL><LI><a href="#[6b]">&gt;&gt;</a>&nbsp;&nbsp;&nbsp;PATCHED_llm_con_req_ind
</UL>

<P><STRONG><a name="[d9]"></a>llc_util_dicon_procedure</STRONG> (Thumb, 0 bytes, Stack size 0 bytes, da14585_symbols.txt(ABSOLUTE))
<BR><BR>[Called By]<UL><LI><a href="#[59]">&gt;&gt;</a>&nbsp;&nbsp;&nbsp;PATCHED_llcp_length_req_handler
<LI><a href="#[5b]">&gt;&gt;</a>&nbsp;&nbsp;&nbsp;PATCHED_llcp_length_rsp_handler
<LI><a href="#[5e]">&gt;&gt;</a>&nbsp;&nbsp;&nbsp;PATCHED_llc_data_ind_handler
</UL>

<P><STRONG><a name="[78]"></a>llc_util_gen_skdx</STRONG> (Thumb, 0 bytes, Stack size 0 bytes, da14585_symbols.txt(ABSOLUTE), UNUSED)
<BR>[Address Reference Count : 1]<UL><LI> lto-llvm-32d66d.o(.rodata.patch_orig_table)
</UL>
<P><STRONG><a name="[122]"></a>llc_util_update_channel_map</STRONG> (Thumb, 0 bytes, Stack size 0 bytes, da14585_symbols.txt(ABSOLUTE))
<BR><BR>[Called By]<UL><LI><a href="#[6b]">&gt;&gt;</a>&nbsp;&nbsp;&nbsp;PATCHED_llm_con_req_ind
</UL>

<P><STRONG><a name="[114]"></a>lld_get_mode</STRONG> (Thumb, 0 bytes, Stack size 0 bytes, da14585_symbols.txt(ABSOLUTE))
<BR><BR>[Called By]<UL><LI><a href="#[5e]">&gt;&gt;</a>&nbsp;&nbsp;&nbsp;PATCHED_llc_data_ind_handler
</UL>

<P><STRONG><a name="[120]"></a>lld_move_to_slave</STRONG> (Thumb, 0 bytes, Stack size 0 bytes, da14585_symbols.txt(ABSOLUTE))
<BR><BR>[Called By]<UL><LI><a href="#[6b]">&gt;&gt;</a>&nbsp;&nbsp;&nbsp;PATCHED_llm_con_req_ind
</UL>

<P><STRONG><a name="[10b]"></a>lld_ch_map_ind</STRONG> (Thumb, 0 bytes, Stack size 0 bytes, da14585_symbols.txt(ABSOLUTE))
<BR><BR>[Called By]<UL><LI><a href="#[6a]">&gt;&gt;</a>&nbsp;&nbsp;&nbsp;PATCHED_llc_ch_map_req_ind
</UL>

<P><STRONG><a name="[19f]"></a>lld_crypt_isr</STRONG> (Thumb, 0 bytes, Stack size 0 bytes, da14585_symbols.txt(ABSOLUTE))
<BR><BR>[Called By]<UL><LI><a href="#[5]">&gt;&gt;</a>&nbsp;&nbsp;&nbsp;rwble_isr
</UL>

<P><STRONG><a name="[a8]"></a>lld_test_mode_tx_func</STRONG> (Thumb, 0 bytes, Stack size 0 bytes, da14585_symbols.txt(ABSOLUTE), UNUSED)
<BR>[Address Reference Count : 1]<UL><LI> lto-llvm-32d66d.o(.rodata.rom_func_addr_table_var)
</UL>
<P><STRONG><a name="[a9]"></a>lld_test_mode_rx_func</STRONG> (Thumb, 0 bytes, Stack size 0 bytes, da14585_symbols.txt(ABSOLUTE), UNUSED)
<BR>[Address Reference Count : 1]<UL><LI> lto-llvm-32d66d.o(.rodata.rom_func_addr_table_var)
</UL>
<P><STRONG><a name="[a7]"></a>lld_test_stop_func</STRONG> (Thumb, 0 bytes, Stack size 0 bytes, da14585_symbols.txt(ABSOLUTE), UNUSED)
<BR>[Address Reference Count : 1]<UL><LI> lto-llvm-32d66d.o(.rodata.rom_func_addr_table_var)
</UL>
<P><STRONG><a name="[c6]"></a>lld_data_tx_check_func</STRONG> (Thumb, 0 bytes, Stack size 0 bytes, da14585_symbols.txt(ABSOLUTE), UNUSED)
<BR>[Address Reference Count : 1]<UL><LI> lto-llvm-32d66d.o(.rodata.rom_func_addr_table_var)
</UL>
<P><STRONG><a name="[c5]"></a>lld_data_tx_prog_func</STRONG> (Thumb, 0 bytes, Stack size 0 bytes, da14585_symbols.txt(ABSOLUTE), UNUSED)
<BR>[Address Reference Count : 1]<UL><LI> lto-llvm-32d66d.o(.rodata.rom_func_addr_table_var)
</UL>
<P><STRONG><a name="[e4]"></a>lld_evt_elt_delete</STRONG> (Thumb, 0 bytes, Stack size 0 bytes, da14585_symbols.txt(ABSOLUTE))
<BR><BR>[Called By]<UL><LI><a href="#[67]">&gt;&gt;</a>&nbsp;&nbsp;&nbsp;PATCHED_lld_evt_move_to_master
</UL>

<P><STRONG><a name="[e7]"></a>lld_evt_channel_next</STRONG> (Thumb, 0 bytes, Stack size 0 bytes, da14585_symbols.txt(ABSOLUTE))
<BR><BR>[Called By]<UL><LI><a href="#[67]">&gt;&gt;</a>&nbsp;&nbsp;&nbsp;PATCHED_lld_evt_move_to_master
</UL>

<P><STRONG><a name="[10a]"></a>lld_evt_schedule_next</STRONG> (Thumb, 0 bytes, Stack size 0 bytes, da14585_symbols.txt(ABSOLUTE))
<BR><BR>[Called By]<UL><LI><a href="#[6a]">&gt;&gt;</a>&nbsp;&nbsp;&nbsp;PATCHED_llc_ch_map_req_ind
</UL>

<P><STRONG><a name="[79]"></a>lld_evt_move_to_master</STRONG> (Thumb, 0 bytes, Stack size 0 bytes, da14585_symbols.txt(ABSOLUTE), UNUSED)
<BR>[Address Reference Count : 1]<UL><LI> lto-llvm-32d66d.o(.rodata.patch_orig_table)
</UL>
<P><STRONG><a name="[19e]"></a>lld_evt_timer_isr</STRONG> (Thumb, 0 bytes, Stack size 0 bytes, da14585_symbols.txt(ABSOLUTE))
<BR><BR>[Called By]<UL><LI><a href="#[5]">&gt;&gt;</a>&nbsp;&nbsp;&nbsp;rwble_isr
</UL>

<P><STRONG><a name="[19c]"></a>lld_evt_end_isr</STRONG> (Thumb, 0 bytes, Stack size 0 bytes, da14585_symbols.txt(ABSOLUTE))
<BR><BR>[Called By]<UL><LI><a href="#[5]">&gt;&gt;</a>&nbsp;&nbsp;&nbsp;rwble_isr
</UL>

<P><STRONG><a name="[19b]"></a>lld_evt_rx_isr</STRONG> (Thumb, 0 bytes, Stack size 0 bytes, da14585_symbols.txt(ABSOLUTE))
<BR><BR>[Called By]<UL><LI><a href="#[5]">&gt;&gt;</a>&nbsp;&nbsp;&nbsp;rwble_isr
</UL>

<P><STRONG><a name="[17e]"></a>lld_sleep_us_2_lpcycles_func</STRONG> (Thumb, 0 bytes, Stack size 0 bytes, da14585_symbols.txt(ABSOLUTE))
<BR><BR>[Called By]<UL><LI><a href="#[a5]">&gt;&gt;</a>&nbsp;&nbsp;&nbsp;lld_sleep_us_2_lpcycles_sel_func
</UL>

<P><STRONG><a name="[17c]"></a>lld_sleep_lpcycles_2_us_func</STRONG> (Thumb, 0 bytes, Stack size 0 bytes, da14585_symbols.txt(ABSOLUTE))
<BR><BR>[Called By]<UL><LI><a href="#[a3]">&gt;&gt;</a>&nbsp;&nbsp;&nbsp;lld_sleep_compensate_func
<LI><a href="#[a6]">&gt;&gt;</a>&nbsp;&nbsp;&nbsp;lld_sleep_lpcycles_2_us_sel_func
</UL>

<P><STRONG><a name="[18d]"></a>lld_sleep_enter</STRONG> (Thumb, 0 bytes, Stack size 0 bytes, da14585_symbols.txt(ABSOLUTE))
<BR><BR>[Called By]<UL><LI><a href="#[10]">&gt;&gt;</a>&nbsp;&nbsp;&nbsp;main
</UL>

<P><STRONG><a name="[123]"></a>llm_wl_from_rl_restore</STRONG> (Thumb, 0 bytes, Stack size 0 bytes, da14585_symbols.txt(ABSOLUTE))
<BR><BR>[Called By]<UL><LI><a href="#[6b]">&gt;&gt;</a>&nbsp;&nbsp;&nbsp;PATCHED_llm_con_req_ind
</UL>

<P><STRONG><a name="[7d]"></a>llm_con_req_ind</STRONG> (Thumb, 0 bytes, Stack size 0 bytes, da14585_symbols.txt(ABSOLUTE), UNUSED)
<BR>[Address Reference Count : 1]<UL><LI> lto-llvm-32d66d.o(.rodata.patch_orig_table)
</UL>
<P><STRONG><a name="[7a]"></a>llm_adv_report_set</STRONG> (Thumb, 0 bytes, Stack size 0 bytes, da14585_symbols.txt(ABSOLUTE), UNUSED)
<BR>[Address Reference Count : 1]<UL><LI> lto-llvm-32d66d.o(.rodata.patch_orig_table)
</UL>
<P><STRONG><a name="[be]"></a>llm_le_adv_report_ind_func</STRONG> (Thumb, 0 bytes, Stack size 0 bytes, da14585_symbols.txt(ABSOLUTE), UNUSED)
<BR>[Address Reference Count : 1]<UL><LI> lto-llvm-32d66d.o(.rodata.rom_func_addr_table_var)
</UL>
<P><STRONG><a name="[9c]"></a>llm_encryption_done_func</STRONG> (Thumb, 0 bytes, Stack size 0 bytes, da14585_symbols.txt(ABSOLUTE), UNUSED)
<BR>[Address Reference Count : 1]<UL><LI> lto-llvm-32d66d.o(.rodata.rom_func_addr_table_var)
</UL>
<P><STRONG><a name="[c0]"></a>llm_p256_start_func</STRONG> (Thumb, 0 bytes, Stack size 0 bytes, da14585_symbols.txt(ABSOLUTE), UNUSED)
<BR><BR>[Called By]<UL><LI><a href="#[130]">&gt;&gt;</a>&nbsp;&nbsp;&nbsp;JT_llm_p256_start_func
</UL>
<BR>[Address Reference Count : 1]<UL><LI> lto-llvm-32d66d.o(.rodata.rom_func_addr_table_var)
</UL>
<P><STRONG><a name="[11c]"></a>llm_wlpub_addr_set</STRONG> (Thumb, 0 bytes, Stack size 0 bytes, da14585_symbols.txt(ABSOLUTE))
<BR><BR>[Called By]<UL><LI><a href="#[6b]">&gt;&gt;</a>&nbsp;&nbsp;&nbsp;PATCHED_llm_con_req_ind
</UL>

<P><STRONG><a name="[11d]"></a>llm_wlpriv_addr_set</STRONG> (Thumb, 0 bytes, Stack size 0 bytes, da14585_symbols.txt(ABSOLUTE))
<BR><BR>[Called By]<UL><LI><a href="#[6b]">&gt;&gt;</a>&nbsp;&nbsp;&nbsp;PATCHED_llm_con_req_ind
</UL>

<P><STRONG><a name="[b4]"></a>hci_rd_local_supp_feats_cmd_handler_func</STRONG> (Thumb, 0 bytes, Stack size 0 bytes, da14585_symbols.txt(ABSOLUTE), UNUSED)
<BR>[Address Reference Count : 1]<UL><LI> lto-llvm-32d66d.o(.rodata.rom_func_addr_table_var)
</UL>
<P><STRONG><a name="[11b]"></a>llm_util_bd_addr_in_wl</STRONG> (Thumb, 0 bytes, Stack size 0 bytes, da14585_symbols.txt(ABSOLUTE))
<BR><BR>[Called By]<UL><LI><a href="#[6b]">&gt;&gt;</a>&nbsp;&nbsp;&nbsp;PATCHED_llm_con_req_ind
</UL>

<P><STRONG><a name="[f0]"></a>llm_util_check_evt_mask</STRONG> (Thumb, 0 bytes, Stack size 0 bytes, da14585_symbols.txt(ABSOLUTE))
<BR><BR>[Called By]<UL><LI><a href="#[c2]">&gt;&gt;</a>&nbsp;&nbsp;&nbsp;llm_p256_req_handler_func
</UL>

<P><STRONG><a name="[11e]"></a>llm_util_bl_check</STRONG> (Thumb, 0 bytes, Stack size 0 bytes, da14585_symbols.txt(ABSOLUTE))
<BR><BR>[Called By]<UL><LI><a href="#[6b]">&gt;&gt;</a>&nbsp;&nbsp;&nbsp;PATCHED_llm_con_req_ind
</UL>

<P><STRONG><a name="[11f]"></a>llm_util_bl_add</STRONG> (Thumb, 0 bytes, Stack size 0 bytes, da14585_symbols.txt(ABSOLUTE))
<BR><BR>[Called By]<UL><LI><a href="#[6b]">&gt;&gt;</a>&nbsp;&nbsp;&nbsp;PATCHED_llm_con_req_ind
</UL>

<P><STRONG><a name="[118]"></a>llm_util_rl_check</STRONG> (Thumb, 0 bytes, Stack size 0 bytes, da14585_symbols.txt(ABSOLUTE))
<BR><BR>[Called By]<UL><LI><a href="#[6b]">&gt;&gt;</a>&nbsp;&nbsp;&nbsp;PATCHED_llm_con_req_ind
</UL>

<P><STRONG><a name="[119]"></a>llm_util_rl_peer_find</STRONG> (Thumb, 0 bytes, Stack size 0 bytes, da14585_symbols.txt(ABSOLUTE))
<BR><BR>[Called By]<UL><LI><a href="#[6b]">&gt;&gt;</a>&nbsp;&nbsp;&nbsp;PATCHED_llm_con_req_ind
</UL>

<P><STRONG><a name="[11a]"></a>llm_util_rl_peer_resolv</STRONG> (Thumb, 0 bytes, Stack size 0 bytes, da14585_symbols.txt(ABSOLUTE))
<BR><BR>[Called By]<UL><LI><a href="#[6b]">&gt;&gt;</a>&nbsp;&nbsp;&nbsp;PATCHED_llm_con_req_ind
</UL>

<P><STRONG><a name="[e5]"></a>ea_time_get_halfslot_rounded</STRONG> (Thumb, 0 bytes, Stack size 0 bytes, da14585_symbols.txt(ABSOLUTE))
<BR><BR>[Called By]<UL><LI><a href="#[67]">&gt;&gt;</a>&nbsp;&nbsp;&nbsp;PATCHED_lld_evt_move_to_master
</UL>

<P><STRONG><a name="[e3]"></a>ea_interval_create</STRONG> (Thumb, 0 bytes, Stack size 0 bytes, da14585_symbols.txt(ABSOLUTE))
<BR><BR>[Called By]<UL><LI><a href="#[67]">&gt;&gt;</a>&nbsp;&nbsp;&nbsp;PATCHED_lld_evt_move_to_master
</UL>

<P><STRONG><a name="[e8]"></a>ea_interval_insert</STRONG> (Thumb, 0 bytes, Stack size 0 bytes, da14585_symbols.txt(ABSOLUTE))
<BR><BR>[Called By]<UL><LI><a href="#[67]">&gt;&gt;</a>&nbsp;&nbsp;&nbsp;PATCHED_lld_evt_move_to_master
</UL>

<P><STRONG><a name="[19a]"></a>ea_finetimer_isr</STRONG> (Thumb, 0 bytes, Stack size 0 bytes, da14585_symbols.txt(ABSOLUTE))
<BR><BR>[Called By]<UL><LI><a href="#[5]">&gt;&gt;</a>&nbsp;&nbsp;&nbsp;rwble_isr
</UL>

<P><STRONG><a name="[19d]"></a>ea_sw_isr</STRONG> (Thumb, 0 bytes, Stack size 0 bytes, da14585_symbols.txt(ABSOLUTE))
<BR><BR>[Called By]<UL><LI><a href="#[5]">&gt;&gt;</a>&nbsp;&nbsp;&nbsp;rwble_isr
</UL>

<P><STRONG><a name="[189]"></a>ea_sleep_check</STRONG> (Thumb, 0 bytes, Stack size 0 bytes, da14585_symbols.txt(ABSOLUTE))
<BR><BR>[Called By]<UL><LI><a href="#[10]">&gt;&gt;</a>&nbsp;&nbsp;&nbsp;main
</UL>

<P><STRONG><a name="[84]"></a>uart_init_func</STRONG> (Thumb, 0 bytes, Stack size 0 bytes, da14585_symbols.txt(ABSOLUTE), UNUSED)
<BR>[Address Reference Count : 1]<UL><LI> lto-llvm-32d66d.o(.rodata.rom_func_addr_table_var)
</UL>
<P><STRONG><a name="[85]"></a>uart_flow_on_func</STRONG> (Thumb, 0 bytes, Stack size 0 bytes, da14585_symbols.txt(ABSOLUTE), UNUSED)
<BR>[Address Reference Count : 1]<UL><LI> lto-llvm-32d66d.o(.rodata.rom_func_addr_table_var)
</UL>
<P><STRONG><a name="[86]"></a>uart_flow_off_func</STRONG> (Thumb, 0 bytes, Stack size 0 bytes, da14585_symbols.txt(ABSOLUTE), UNUSED)
<BR>[Address Reference Count : 1]<UL><LI> lto-llvm-32d66d.o(.rodata.rom_func_addr_table_var)
</UL>
<P><STRONG><a name="[87]"></a>uart_finish_transfers_func</STRONG> (Thumb, 0 bytes, Stack size 0 bytes, da14585_symbols.txt(ABSOLUTE), UNUSED)
<BR>[Address Reference Count : 1]<UL><LI> lto-llvm-32d66d.o(.rodata.rom_func_addr_table_var)
</UL>
<P><STRONG><a name="[88]"></a>uart_read_func</STRONG> (Thumb, 0 bytes, Stack size 0 bytes, da14585_symbols.txt(ABSOLUTE), UNUSED)
<BR>[Address Reference Count : 1]<UL><LI> lto-llvm-32d66d.o(.rodata.rom_func_addr_table_var)
</UL>
<P><STRONG><a name="[89]"></a>uart_write_func</STRONG> (Thumb, 0 bytes, Stack size 0 bytes, da14585_symbols.txt(ABSOLUTE), UNUSED)
<BR>[Address Reference Count : 1]<UL><LI> lto-llvm-32d66d.o(.rodata.rom_func_addr_table_var)
</UL>
<P><STRONG><a name="[8a]"></a>UART_Handler_func</STRONG> (Thumb, 0 bytes, Stack size 0 bytes, da14585_symbols.txt(ABSOLUTE), UNUSED)
<BR>[Address Reference Count : 1]<UL><LI> lto-llvm-32d66d.o(.rodata.rom_func_addr_table_var)
</UL>
<P><STRONG><a name="[cb]"></a>modulationGainCalibration_func</STRONG> (Thumb, 0 bytes, Stack size 0 bytes, da14585_symbols.txt(ABSOLUTE), UNUSED)
<BR>[Address Reference Count : 1]<UL><LI> lto-llvm-32d66d.o(.rodata.rom_func_addr_table_var)
</UL>
<P><STRONG><a name="[cc]"></a>DCoffsetCalibration_func</STRONG> (Thumb, 0 bytes, Stack size 0 bytes, da14585_symbols.txt(ABSOLUTE), UNUSED)
<BR>[Address Reference Count : 1]<UL><LI> lto-llvm-32d66d.o(.rodata.rom_func_addr_table_var)
</UL>
<P><STRONG><a name="[cd]"></a>PllLF_IFF_MIX_CapCalibration_func</STRONG> (Thumb, 0 bytes, Stack size 0 bytes, da14585_symbols.txt(ABSOLUTE), UNUSED)
<BR>[Address Reference Count : 1]<UL><LI> lto-llvm-32d66d.o(.rodata.rom_func_addr_table_var)
</UL>
<P><STRONG><a name="[8b]"></a>gtl_init_func</STRONG> (Thumb, 0 bytes, Stack size 0 bytes, da14585_symbols.txt(ABSOLUTE), UNUSED)
<BR>[Address Reference Count : 1]<UL><LI> lto-llvm-32d66d.o(.rodata.rom_func_addr_table_var)
</UL>
<P><STRONG><a name="[8d]"></a>gtl_eif_read_start_func</STRONG> (Thumb, 0 bytes, Stack size 0 bytes, da14585_symbols.txt(ABSOLUTE), UNUSED)
<BR>[Address Reference Count : 1]<UL><LI> lto-llvm-32d66d.o(.rodata.rom_func_addr_table_var)
</UL>
<P><STRONG><a name="[8e]"></a>gtl_eif_read_hdr_func</STRONG> (Thumb, 0 bytes, Stack size 0 bytes, da14585_symbols.txt(ABSOLUTE), UNUSED)
<BR>[Address Reference Count : 1]<UL><LI> lto-llvm-32d66d.o(.rodata.rom_func_addr_table_var)
</UL>
<P><STRONG><a name="[8f]"></a>gtl_eif_read_payl_func</STRONG> (Thumb, 0 bytes, Stack size 0 bytes, da14585_symbols.txt(ABSOLUTE), UNUSED)
<BR>[Address Reference Count : 1]<UL><LI> lto-llvm-32d66d.o(.rodata.rom_func_addr_table_var)
</UL>
<P><STRONG><a name="[90]"></a>gtl_eif_tx_done_func</STRONG> (Thumb, 0 bytes, Stack size 0 bytes, da14585_symbols.txt(ABSOLUTE), UNUSED)
<BR>[Address Reference Count : 1]<UL><LI> lto-llvm-32d66d.o(.rodata.rom_func_addr_table_var)
</UL>
<P><STRONG><a name="[91]"></a>gtl_eif_rx_done_func</STRONG> (Thumb, 0 bytes, Stack size 0 bytes, da14585_symbols.txt(ABSOLUTE), UNUSED)
<BR>[Address Reference Count : 1]<UL><LI> lto-llvm-32d66d.o(.rodata.rom_func_addr_table_var)
</UL>
<P><STRONG><a name="[8c]"></a>gtl_eif_init_func</STRONG> (Thumb, 0 bytes, Stack size 0 bytes, da14585_symbols.txt(ABSOLUTE), UNUSED)
<BR>[Address Reference Count : 1]<UL><LI> lto-llvm-32d66d.o(.rodata.rom_func_addr_table_var)
</UL>
<P><STRONG><a name="[f2]"></a>hci_send_2_host</STRONG> (Thumb, 0 bytes, Stack size 0 bytes, da14585_symbols.txt(ABSOLUTE))
<BR><BR>[Called By]<UL><LI><a href="#[5d]">&gt;&gt;</a>&nbsp;&nbsp;&nbsp;PATCHED_hci_command_handler
<LI><a href="#[5e]">&gt;&gt;</a>&nbsp;&nbsp;&nbsp;PATCHED_llc_data_ind_handler
<LI><a href="#[c2]">&gt;&gt;</a>&nbsp;&nbsp;&nbsp;llm_p256_req_handler_func
</UL>

<P><STRONG><a name="[93]"></a>h4tl_read_start_func</STRONG> (Thumb, 0 bytes, Stack size 0 bytes, da14585_symbols.txt(ABSOLUTE), UNUSED)
<BR>[Address Reference Count : 1]<UL><LI> lto-llvm-32d66d.o(.rodata.rom_func_addr_table_var)
</UL>
<P><STRONG><a name="[94]"></a>h4tl_read_hdr_func</STRONG> (Thumb, 0 bytes, Stack size 0 bytes, da14585_symbols.txt(ABSOLUTE), UNUSED)
<BR>[Address Reference Count : 1]<UL><LI> lto-llvm-32d66d.o(.rodata.rom_func_addr_table_var)
</UL>
<P><STRONG><a name="[95]"></a>h4tl_read_payl_func</STRONG> (Thumb, 0 bytes, Stack size 0 bytes, da14585_symbols.txt(ABSOLUTE), UNUSED)
<BR>[Address Reference Count : 1]<UL><LI> lto-llvm-32d66d.o(.rodata.rom_func_addr_table_var)
</UL>
<P><STRONG><a name="[96]"></a>h4tl_read_next_out_of_sync_func</STRONG> (Thumb, 0 bytes, Stack size 0 bytes, da14585_symbols.txt(ABSOLUTE), UNUSED)
<BR>[Address Reference Count : 1]<UL><LI> lto-llvm-32d66d.o(.rodata.rom_func_addr_table_var)
</UL>
<P><STRONG><a name="[97]"></a>h4tl_out_of_sync_func</STRONG> (Thumb, 0 bytes, Stack size 0 bytes, da14585_symbols.txt(ABSOLUTE), UNUSED)
<BR>[Address Reference Count : 1]<UL><LI> lto-llvm-32d66d.o(.rodata.rom_func_addr_table_var)
</UL>
<P><STRONG><a name="[98]"></a>h4tl_tx_done_func</STRONG> (Thumb, 0 bytes, Stack size 0 bytes, da14585_symbols.txt(ABSOLUTE), UNUSED)
<BR>[Address Reference Count : 1]<UL><LI> lto-llvm-32d66d.o(.rodata.rom_func_addr_table_var)
</UL>
<P><STRONG><a name="[99]"></a>h4tl_rx_done_func</STRONG> (Thumb, 0 bytes, Stack size 0 bytes, da14585_symbols.txt(ABSOLUTE), UNUSED)
<BR>[Address Reference Count : 1]<UL><LI> lto-llvm-32d66d.o(.rodata.rom_func_addr_table_var)
</UL>
<P><STRONG><a name="[92]"></a>h4tl_init_func</STRONG> (Thumb, 0 bytes, Stack size 0 bytes, da14585_symbols.txt(ABSOLUTE), UNUSED)
<BR>[Address Reference Count : 1]<UL><LI> lto-llvm-32d66d.o(.rodata.rom_func_addr_table_var)
</UL>
<P><STRONG><a name="[bc]"></a>attc_l2cc_pdu_recv_handler_func</STRONG> (Thumb, 0 bytes, Stack size 0 bytes, da14585_symbols.txt(ABSOLUTE), UNUSED)
<BR>[Address Reference Count : 1]<UL><LI> lto-llvm-32d66d.o(.rodata.rom_func_addr_table_var)
</UL>
<P><STRONG><a name="[165]"></a>attmdb_add_service</STRONG> (Thumb, 0 bytes, Stack size 0 bytes, da14585_symbols.txt(ABSOLUTE))
<BR><BR>[Called By]<UL><LI><a href="#[4e]">&gt;&gt;</a>&nbsp;&nbsp;&nbsp;custs1_init
</UL>

<P><STRONG><a name="[173]"></a>attmdb_get_service</STRONG> (Thumb, 0 bytes, Stack size 0 bytes, da14585_symbols.txt(ABSOLUTE))
<BR><BR>[Called By]<UL><LI><a href="#[46]">&gt;&gt;</a>&nbsp;&nbsp;&nbsp;gattc_write_req_ind_handler
<LI><a href="#[168]">&gt;&gt;</a>&nbsp;&nbsp;&nbsp;get_cfg_handle
</UL>

<P><STRONG><a name="[174]"></a>attmdb_get_attribute</STRONG> (Thumb, 0 bytes, Stack size 0 bytes, da14585_symbols.txt(ABSOLUTE))
<BR><BR>[Called By]<UL><LI><a href="#[46]">&gt;&gt;</a>&nbsp;&nbsp;&nbsp;gattc_write_req_ind_handler
<LI><a href="#[168]">&gt;&gt;</a>&nbsp;&nbsp;&nbsp;get_cfg_handle
</UL>

<P><STRONG><a name="[166]"></a>attmdb_att_set_value</STRONG> (Thumb, 0 bytes, Stack size 0 bytes, da14585_symbols.txt(ABSOLUTE))
<BR><BR>[Called By]<UL><LI><a href="#[4a]">&gt;&gt;</a>&nbsp;&nbsp;&nbsp;custs1_val_set_req_handler
<LI><a href="#[46]">&gt;&gt;</a>&nbsp;&nbsp;&nbsp;gattc_write_req_ind_handler
<LI><a href="#[4e]">&gt;&gt;</a>&nbsp;&nbsp;&nbsp;custs1_init
</UL>

<P><STRONG><a name="[175]"></a>attmdb_get_uuid</STRONG> (Thumb, 0 bytes, Stack size 0 bytes, da14585_symbols.txt(ABSOLUTE))
<BR><BR>[Called By]<UL><LI><a href="#[46]">&gt;&gt;</a>&nbsp;&nbsp;&nbsp;gattc_write_req_ind_handler
<LI><a href="#[168]">&gt;&gt;</a>&nbsp;&nbsp;&nbsp;get_cfg_handle
</UL>

<P><STRONG><a name="[176]"></a>attmdb_att_get_permission</STRONG> (Thumb, 0 bytes, Stack size 0 bytes, da14585_symbols.txt(ABSOLUTE))
<BR><BR>[Called By]<UL><LI><a href="#[46]">&gt;&gt;</a>&nbsp;&nbsp;&nbsp;gattc_write_req_ind_handler
</UL>

<P><STRONG><a name="[16b]"></a>attm_svc_create_db</STRONG> (Thumb, 0 bytes, Stack size 0 bytes, da14585_symbols.txt(ABSOLUTE))
<BR><BR>[Called By]<UL><LI><a href="#[55]">&gt;&gt;</a>&nbsp;&nbsp;&nbsp;diss_init
</UL>

<P><STRONG><a name="[72]"></a>atts_mtu_exc_req</STRONG> (Thumb, 0 bytes, Stack size 0 bytes, da14585_symbols.txt(ABSOLUTE), UNUSED)
<BR>[Address Reference Count : 1]<UL><LI> lto-llvm-32d66d.o(.rodata.patch_orig_table)
</UL>
<P><STRONG><a name="[bb]"></a>atts_l2cc_pdu_recv_handler_func</STRONG> (Thumb, 0 bytes, Stack size 0 bytes, da14585_symbols.txt(ABSOLUTE), UNUSED)
<BR>[Address Reference Count : 1]<UL><LI> lto-llvm-32d66d.o(.rodata.rom_func_addr_table_var)
</UL>
<P><STRONG><a name="[d4]"></a>atts_allocate_pdu</STRONG> (Thumb, 0 bytes, Stack size 0 bytes, da14585_symbols.txt(ABSOLUTE))
<BR><BR>[Called By]<UL><LI><a href="#[60]">&gt;&gt;</a>&nbsp;&nbsp;&nbsp;PATCHED_atts_mtu_exc_req
</UL>

<P><STRONG><a name="[d6]"></a>atts_send_pdu</STRONG> (Thumb, 0 bytes, Stack size 0 bytes, da14585_symbols.txt(ABSOLUTE))
<BR><BR>[Called By]<UL><LI><a href="#[60]">&gt;&gt;</a>&nbsp;&nbsp;&nbsp;PATCHED_atts_mtu_exc_req
</UL>

<P><STRONG><a name="[d7]"></a>gattc_set_mtu</STRONG> (Thumb, 0 bytes, Stack size 0 bytes, da14585_symbols.txt(ABSOLUTE))
<BR><BR>[Called By]<UL><LI><a href="#[60]">&gt;&gt;</a>&nbsp;&nbsp;&nbsp;PATCHED_atts_mtu_exc_req
</UL>

<P><STRONG><a name="[d5]"></a>gattm_get_max_mtu</STRONG> (Thumb, 0 bytes, Stack size 0 bytes, da14585_symbols.txt(ABSOLUTE))
<BR><BR>[Called By]<UL><LI><a href="#[60]">&gt;&gt;</a>&nbsp;&nbsp;&nbsp;PATCHED_atts_mtu_exc_req
<LI><a href="#[5a]">&gt;&gt;</a>&nbsp;&nbsp;&nbsp;PATCHED_hci_acl_data_rx_handler
</UL>

<P><STRONG><a name="[12b]"></a>smpc_check_repeated_attempts</STRONG> (Thumb, 0 bytes, Stack size 0 bytes, da14585_symbols.txt(ABSOLUTE))
<BR><BR>[Called By]<UL><LI><a href="#[70]">&gt;&gt;</a>&nbsp;&nbsp;&nbsp;PATCHED_smpc_recv_pair_req_pdu
</UL>

<P><STRONG><a name="[75]"></a>smpc_check_key_distrib</STRONG> (Thumb, 0 bytes, Stack size 0 bytes, da14585_symbols.txt(ABSOLUTE), UNUSED)
<BR>[Address Reference Count : 1]<UL><LI> lto-llvm-32d66d.o(.rodata.patch_orig_table)
</UL>
<P><STRONG><a name="[110]"></a>smpc_generate_e1</STRONG> (Thumb, 0 bytes, Stack size 0 bytes, da14585_symbols.txt(ABSOLUTE))
<BR><BR>[Called By]<UL><LI><a href="#[6c]">&gt;&gt;</a>&nbsp;&nbsp;&nbsp;PATCHED_smpc_recv_pair_rand_pdu
</UL>

<P><STRONG><a name="[127]"></a>smpc_generate_stk</STRONG> (Thumb, 0 bytes, Stack size 0 bytes, da14585_symbols.txt(ABSOLUTE))
<BR><BR>[Called By]<UL><LI><a href="#[6e]">&gt;&gt;</a>&nbsp;&nbsp;&nbsp;PATCHED_hci_le_ltk_request_evt_handler
</UL>

<P><STRONG><a name="[111]"></a>smpc_pairing_end</STRONG> (Thumb, 0 bytes, Stack size 0 bytes, da14585_symbols.txt(ABSOLUTE))
<BR><BR>[Called By]<UL><LI><a href="#[61]">&gt;&gt;</a>&nbsp;&nbsp;&nbsp;PATCHED_smpc_dhkey_calc_start
<LI><a href="#[6c]">&gt;&gt;</a>&nbsp;&nbsp;&nbsp;PATCHED_smpc_recv_pair_rand_pdu
<LI><a href="#[6d]">&gt;&gt;</a>&nbsp;&nbsp;&nbsp;PATCHED_smpc_recv_public_key_exchange_pdu
<LI><a href="#[71]">&gt;&gt;</a>&nbsp;&nbsp;&nbsp;PATCHED_smpc_recv_pair_fail_pdu
<LI><a href="#[129]">&gt;&gt;</a>&nbsp;&nbsp;&nbsp;JT_smpc_pdu_recv_func
</UL>

<P><STRONG><a name="[80]"></a>smpc_pdu_send</STRONG> (Thumb, 0 bytes, Stack size 0 bytes, da14585_symbols.txt(ABSOLUTE))
<BR><BR>[Called By]<UL><LI><a href="#[61]">&gt;&gt;</a>&nbsp;&nbsp;&nbsp;PATCHED_smpc_dhkey_calc_start
<LI><a href="#[70]">&gt;&gt;</a>&nbsp;&nbsp;&nbsp;PATCHED_smpc_recv_pair_req_pdu
<LI><a href="#[6c]">&gt;&gt;</a>&nbsp;&nbsp;&nbsp;PATCHED_smpc_recv_pair_rand_pdu
<LI><a href="#[6d]">&gt;&gt;</a>&nbsp;&nbsp;&nbsp;PATCHED_smpc_recv_public_key_exchange_pdu
<LI><a href="#[129]">&gt;&gt;</a>&nbsp;&nbsp;&nbsp;JT_smpc_pdu_recv_func
</UL>
<BR>[Address Reference Count : 1]<UL><LI> lto-llvm-32d66d.o(.rodata.patch_orig_table)
</UL>
<P><STRONG><a name="[74]"></a>smpc_is_sec_mode_reached</STRONG> (Thumb, 0 bytes, Stack size 0 bytes, da14585_symbols.txt(ABSOLUTE), UNUSED)
<BR>[Address Reference Count : 1]<UL><LI> lto-llvm-32d66d.o(.rodata.patch_orig_table)
</UL>
<P><STRONG><a name="[ab]"></a>smpc_pdu_recv_func</STRONG> (Thumb, 0 bytes, Stack size 0 bytes, da14585_symbols.txt(ABSOLUTE), UNUSED)
<BR>[Address Reference Count : 1]<UL><LI> lto-llvm-32d66d.o(.rodata.rom_func_addr_table_var)
</UL>
<P><STRONG><a name="[10d]"></a>smpc_generate_f4</STRONG> (Thumb, 0 bytes, Stack size 0 bytes, da14585_symbols.txt(ABSOLUTE))
<BR><BR>[Called By]<UL><LI><a href="#[6c]">&gt;&gt;</a>&nbsp;&nbsp;&nbsp;PATCHED_smpc_recv_pair_rand_pdu
</UL>

<P><STRONG><a name="[112]"></a>smpc_generate_g2</STRONG> (Thumb, 0 bytes, Stack size 0 bytes, da14585_symbols.txt(ABSOLUTE))
<BR><BR>[Called By]<UL><LI><a href="#[6c]">&gt;&gt;</a>&nbsp;&nbsp;&nbsp;PATCHED_smpc_recv_pair_rand_pdu
</UL>

<P><STRONG><a name="[113]"></a>smpc_generate_f5</STRONG> (Thumb, 0 bytes, Stack size 0 bytes, da14585_symbols.txt(ABSOLUTE))
<BR><BR>[Called By]<UL><LI><a href="#[6c]">&gt;&gt;</a>&nbsp;&nbsp;&nbsp;PATCHED_smpc_recv_pair_rand_pdu
</UL>

<P><STRONG><a name="[126]"></a>gapc_send_complete_evt</STRONG> (Thumb, 0 bytes, Stack size 0 bytes, da14585_symbols.txt(ABSOLUTE))
<BR><BR>[Called By]<UL><LI><a href="#[70]">&gt;&gt;</a>&nbsp;&nbsp;&nbsp;PATCHED_smpc_recv_pair_req_pdu
<LI><a href="#[6e]">&gt;&gt;</a>&nbsp;&nbsp;&nbsp;PATCHED_hci_le_ltk_request_evt_handler
<LI><a href="#[71]">&gt;&gt;</a>&nbsp;&nbsp;&nbsp;PATCHED_smpc_recv_pair_fail_pdu
<LI><a href="#[129]">&gt;&gt;</a>&nbsp;&nbsp;&nbsp;JT_smpc_pdu_recv_func
</UL>

<P><STRONG><a name="[124]"></a>gapc_get_conidx</STRONG> (Thumb, 0 bytes, Stack size 0 bytes, da14585_symbols.txt(ABSOLUTE))
<BR><BR>[Called By]<UL><LI><a href="#[6e]">&gt;&gt;</a>&nbsp;&nbsp;&nbsp;PATCHED_hci_le_ltk_request_evt_handler
</UL>

<P><STRONG><a name="[10f]"></a>gapc_get_role</STRONG> (Thumb, 0 bytes, Stack size 0 bytes, da14585_symbols.txt(ABSOLUTE))
<BR><BR>[Called By]<UL><LI><a href="#[61]">&gt;&gt;</a>&nbsp;&nbsp;&nbsp;PATCHED_smpc_dhkey_calc_start
<LI><a href="#[70]">&gt;&gt;</a>&nbsp;&nbsp;&nbsp;PATCHED_smpc_recv_pair_req_pdu
<LI><a href="#[6c]">&gt;&gt;</a>&nbsp;&nbsp;&nbsp;PATCHED_smpc_recv_pair_rand_pdu
<LI><a href="#[6d]">&gt;&gt;</a>&nbsp;&nbsp;&nbsp;PATCHED_smpc_recv_public_key_exchange_pdu
<LI><a href="#[71]">&gt;&gt;</a>&nbsp;&nbsp;&nbsp;PATCHED_smpc_recv_pair_fail_pdu
<LI><a href="#[129]">&gt;&gt;</a>&nbsp;&nbsp;&nbsp;JT_smpc_pdu_recv_func
</UL>

<P><STRONG><a name="[125]"></a>gapc_get_operation</STRONG> (Thumb, 0 bytes, Stack size 0 bytes, da14585_symbols.txt(ABSOLUTE))
<BR><BR>[Called By]<UL><LI><a href="#[70]">&gt;&gt;</a>&nbsp;&nbsp;&nbsp;PATCHED_smpc_recv_pair_req_pdu
<LI><a href="#[6e]">&gt;&gt;</a>&nbsp;&nbsp;&nbsp;PATCHED_hci_le_ltk_request_evt_handler
<LI><a href="#[71]">&gt;&gt;</a>&nbsp;&nbsp;&nbsp;PATCHED_smpc_recv_pair_fail_pdu
<LI><a href="#[129]">&gt;&gt;</a>&nbsp;&nbsp;&nbsp;JT_smpc_pdu_recv_func
</UL>

<P><STRONG><a name="[fe]"></a>gapc_search_lecb_channel</STRONG> (Thumb, 0 bytes, Stack size 0 bytes, da14585_symbols.txt(ABSOLUTE))
<BR><BR>[Called By]<UL><LI><a href="#[5a]">&gt;&gt;</a>&nbsp;&nbsp;&nbsp;PATCHED_hci_acl_data_rx_handler
<LI><a href="#[fc]">&gt;&gt;</a>&nbsp;&nbsp;&nbsp;l2cc_handle_invalid_pdu
</UL>

<P><STRONG><a name="[107]"></a>gapc_lecnx_check_rx</STRONG> (Thumb, 0 bytes, Stack size 0 bytes, da14585_symbols.txt(ABSOLUTE))
<BR><BR>[Called By]<UL><LI><a href="#[b6]">&gt;&gt;</a>&nbsp;&nbsp;&nbsp;JT_l2cc_pdu_unpack_func
</UL>

<P><STRONG><a name="[108]"></a>l2cc_pdu_recv_ind_handler_func</STRONG> (Thumb, 0 bytes, Stack size 0 bytes, da14585_symbols.txt(ABSOLUTE))
<BR><BR>[Called By]<UL><LI><a href="#[b9]">&gt;&gt;</a>&nbsp;&nbsp;&nbsp;JT_l2cc_pdu_recv_ind_handler_func
</UL>

<P><STRONG><a name="[ba]"></a>gapc_lecb_connect_cfm_handler_func</STRONG> (Thumb, 0 bytes, Stack size 0 bytes, da14585_symbols.txt(ABSOLUTE), UNUSED)
<BR>[Address Reference Count : 1]<UL><LI> lto-llvm-32d66d.o(.rodata.rom_func_addr_table_var)
</UL>
<P><STRONG><a name="[f7]"></a>gapm_send_error_evt</STRONG> (Thumb, 0 bytes, Stack size 0 bytes, da14585_symbols.txt(ABSOLUTE))
<BR><BR>[Called By]<UL><LI><a href="#[5c]">&gt;&gt;</a>&nbsp;&nbsp;&nbsp;PATCHED_gapm_reset_cmd_handler
</UL>

<P><STRONG><a name="[7b]"></a>gapm_adv_sanity</STRONG> (Thumb, 0 bytes, Stack size 0 bytes, da14585_symbols.txt(ABSOLUTE), UNUSED)
<BR>[Address Reference Count : 1]<UL><LI> lto-llvm-32d66d.o(.rodata.patch_orig_table)
</UL>
<P><STRONG><a name="[f9]"></a>gapm_basic_hci_cmd_send</STRONG> (Thumb, 0 bytes, Stack size 0 bytes, da14585_symbols.txt(ABSOLUTE))
<BR><BR>[Called By]<UL><LI><a href="#[5c]">&gt;&gt;</a>&nbsp;&nbsp;&nbsp;PATCHED_gapm_reset_cmd_handler
</UL>

<P><STRONG><a name="[77]"></a>gapm_get_ad_type_flag</STRONG> (Thumb, 0 bytes, Stack size 0 bytes, da14585_symbols.txt(ABSOLUTE), UNUSED)
<BR>[Address Reference Count : 1]<UL><LI> lto-llvm-32d66d.o(.rodata.patch_orig_table)
</UL>
<P><STRONG><a name="[de]"></a>gapm_get_bdaddr</STRONG> (Thumb, 0 bytes, Stack size 0 bytes, da14585_symbols.txt(ABSOLUTE))
<BR><BR>[Called By]<UL><LI><a href="#[64]">&gt;&gt;</a>&nbsp;&nbsp;&nbsp;PATCHED_smpc_construct_id_addr_info_pdu
</UL>

<P><STRONG><a name="[b5]"></a>l2cc_pdu_pack_func</STRONG> (Thumb, 0 bytes, Stack size 0 bytes, da14585_symbols.txt(ABSOLUTE), UNUSED)
<BR>[Address Reference Count : 1]<UL><LI> lto-llvm-32d66d.o(.rodata.rom_func_addr_table_var)
</UL>
<P><STRONG><a name="[fd]"></a>l2cc_detect_dest</STRONG> (Thumb, 0 bytes, Stack size 0 bytes, da14585_symbols.txt(ABSOLUTE))
<BR><BR>[Called By]<UL><LI><a href="#[5a]">&gt;&gt;</a>&nbsp;&nbsp;&nbsp;PATCHED_hci_acl_data_rx_handler
<LI><a href="#[fc]">&gt;&gt;</a>&nbsp;&nbsp;&nbsp;l2cc_handle_invalid_pdu
</UL>

<P><STRONG><a name="[b8]"></a>l2c_process_sdu_func</STRONG> (Thumb, 0 bytes, Stack size 0 bytes, da14585_symbols.txt(ABSOLUTE), UNUSED)
<BR>[Address Reference Count : 1]<UL><LI> lto-llvm-32d66d.o(.rodata.rom_func_addr_table_var)
</UL>
<P><STRONG><a name="[b7]"></a>l2c_send_lecb_message_func</STRONG> (Thumb, 0 bytes, Stack size 0 bytes, da14585_symbols.txt(ABSOLUTE), UNUSED)
<BR>[Address Reference Count : 1]<UL><LI> lto-llvm-32d66d.o(.rodata.rom_func_addr_table_var)
</UL>
<P><STRONG><a name="[aa]"></a>smpc_check_param_func</STRONG> (Thumb, 0 bytes, Stack size 0 bytes, da14585_symbols.txt(ABSOLUTE), UNUSED)
<BR>[Address Reference Count : 1]<UL><LI> lto-llvm-32d66d.o(.rodata.rom_func_addr_table_var)
</UL>
<P><STRONG><a name="[76]"></a>smpc_construct_id_addr_info_pdu</STRONG> (Thumb, 0 bytes, Stack size 0 bytes, da14585_symbols.txt(ABSOLUTE), UNUSED)
<BR>[Address Reference Count : 1]<UL><LI> lto-llvm-32d66d.o(.rodata.patch_orig_table)
</UL>
<P><STRONG><a name="[7e]"></a>smpc_recv_pair_rand_pdu</STRONG> (Thumb, 0 bytes, Stack size 0 bytes, da14585_symbols.txt(ABSOLUTE), UNUSED)
<BR>[Address Reference Count : 1]<UL><LI> lto-llvm-32d66d.o(.rodata.patch_orig_table)
</UL>
<P><STRONG><a name="[7f]"></a>smpc_recv_public_key_exchange_pdu</STRONG> (Thumb, 0 bytes, Stack size 0 bytes, da14585_symbols.txt(ABSOLUTE), UNUSED)
<BR>[Address Reference Count : 1]<UL><LI> lto-llvm-32d66d.o(.rodata.patch_orig_table)
</UL>
<P><STRONG><a name="[ce]"></a>smpc_public_key_exchange_start_func</STRONG> (Thumb, 0 bytes, Stack size 0 bytes, da14585_symbols.txt(ABSOLUTE), UNUSED)
<BR>[Address Reference Count : 1]<UL><LI> lto-llvm-32d66d.o(.rodata.rom_func_addr_table_var)
</UL>
<P><STRONG><a name="[73]"></a>smpc_dhkey_calc_start</STRONG> (Thumb, 0 bytes, Stack size 0 bytes, da14585_symbols.txt(ABSOLUTE))
<BR><BR>[Called By]<UL><LI><a href="#[6d]">&gt;&gt;</a>&nbsp;&nbsp;&nbsp;PATCHED_smpc_recv_public_key_exchange_pdu
</UL>
<BR>[Address Reference Count : 1]<UL><LI> lto-llvm-32d66d.o(.rodata.patch_orig_table)
</UL>
<P><STRONG><a name="[cf]"></a>smpc_dhkey_calc_ind_func</STRONG> (Thumb, 0 bytes, Stack size 0 bytes, da14585_symbols.txt(ABSOLUTE), UNUSED)
<BR>[Address Reference Count : 1]<UL><LI> lto-llvm-32d66d.o(.rodata.rom_func_addr_table_var)
</UL>
<P><STRONG><a name="[18b]"></a>ke_sleep_check</STRONG> (Thumb, 0 bytes, Stack size 0 bytes, da14585_symbols.txt(ABSOLUTE))
<BR><BR>[Called By]<UL><LI><a href="#[10]">&gt;&gt;</a>&nbsp;&nbsp;&nbsp;main
</UL>

<P><STRONG><a name="[ff]"></a>ke_malloc</STRONG> (Thumb, 0 bytes, Stack size 0 bytes, da14585_symbols.txt(ABSOLUTE))
<BR><BR>[Called By]<UL><LI><a href="#[5a]">&gt;&gt;</a>&nbsp;&nbsp;&nbsp;PATCHED_hci_acl_data_rx_handler
<LI><a href="#[15d]">&gt;&gt;</a>&nbsp;&nbsp;&nbsp;custs1_att_set_value
<LI><a href="#[4e]">&gt;&gt;</a>&nbsp;&nbsp;&nbsp;custs1_init
<LI><a href="#[52]">&gt;&gt;</a>&nbsp;&nbsp;&nbsp;diss_set_value_req_handler
<LI><a href="#[55]">&gt;&gt;</a>&nbsp;&nbsp;&nbsp;diss_init
<LI><a href="#[fc]">&gt;&gt;</a>&nbsp;&nbsp;&nbsp;l2cc_handle_invalid_pdu
</UL>

<P><STRONG><a name="[100]"></a>ke_free</STRONG> (Thumb, 0 bytes, Stack size 0 bytes, da14585_symbols.txt(ABSOLUTE))
<BR><BR>[Called By]<UL><LI><a href="#[5a]">&gt;&gt;</a>&nbsp;&nbsp;&nbsp;PATCHED_hci_acl_data_rx_handler
<LI><a href="#[161]">&gt;&gt;</a>&nbsp;&nbsp;&nbsp;custs1_exe_operation
<LI><a href="#[4f]">&gt;&gt;</a>&nbsp;&nbsp;&nbsp;custs1_destroy
<LI><a href="#[15d]">&gt;&gt;</a>&nbsp;&nbsp;&nbsp;custs1_att_set_value
<LI><a href="#[4e]">&gt;&gt;</a>&nbsp;&nbsp;&nbsp;custs1_init
<LI><a href="#[52]">&gt;&gt;</a>&nbsp;&nbsp;&nbsp;diss_set_value_req_handler
<LI><a href="#[56]">&gt;&gt;</a>&nbsp;&nbsp;&nbsp;diss_destroy
<LI><a href="#[fc]">&gt;&gt;</a>&nbsp;&nbsp;&nbsp;l2cc_handle_invalid_pdu
</UL>

<P><STRONG><a name="[ec]"></a>ke_msg_alloc</STRONG> (Thumb, 0 bytes, Stack size 0 bytes, da14585_symbols.txt(ABSOLUTE))
<BR><BR>[Called By]<UL><LI><a href="#[61]">&gt;&gt;</a>&nbsp;&nbsp;&nbsp;PATCHED_smpc_dhkey_calc_start
<LI><a href="#[5d]">&gt;&gt;</a>&nbsp;&nbsp;&nbsp;PATCHED_hci_command_handler
<LI><a href="#[70]">&gt;&gt;</a>&nbsp;&nbsp;&nbsp;PATCHED_smpc_recv_pair_req_pdu
<LI><a href="#[6e]">&gt;&gt;</a>&nbsp;&nbsp;&nbsp;PATCHED_hci_le_ltk_request_evt_handler
<LI><a href="#[5a]">&gt;&gt;</a>&nbsp;&nbsp;&nbsp;PATCHED_hci_acl_data_rx_handler
<LI><a href="#[6f]">&gt;&gt;</a>&nbsp;&nbsp;&nbsp;PATCHED_smpc_pdu_send
<LI><a href="#[c1]">&gt;&gt;</a>&nbsp;&nbsp;&nbsp;llm_create_p256_key_func
<LI><a href="#[c2]">&gt;&gt;</a>&nbsp;&nbsp;&nbsp;llm_p256_req_handler_func
<LI><a href="#[4d]">&gt;&gt;</a>&nbsp;&nbsp;&nbsp;custs1_value_req_rsp_handler
<LI><a href="#[4c]">&gt;&gt;</a>&nbsp;&nbsp;&nbsp;custs1_att_info_rsp_handler
<LI><a href="#[161]">&gt;&gt;</a>&nbsp;&nbsp;&nbsp;custs1_exe_operation
<LI><a href="#[47]">&gt;&gt;</a>&nbsp;&nbsp;&nbsp;gattc_att_info_req_ind_handler
<LI><a href="#[46]">&gt;&gt;</a>&nbsp;&nbsp;&nbsp;gattc_write_req_ind_handler
<LI><a href="#[45]">&gt;&gt;</a>&nbsp;&nbsp;&nbsp;gattc_read_req_ind_handler.86
<LI><a href="#[54]">&gt;&gt;</a>&nbsp;&nbsp;&nbsp;diss_value_cfm_handler
<LI><a href="#[53]">&gt;&gt;</a>&nbsp;&nbsp;&nbsp;gattc_read_req_ind_handler
<LI><a href="#[52]">&gt;&gt;</a>&nbsp;&nbsp;&nbsp;diss_set_value_req_handler
<LI><a href="#[fc]">&gt;&gt;</a>&nbsp;&nbsp;&nbsp;l2cc_handle_invalid_pdu
<LI><a href="#[1e]">&gt;&gt;</a>&nbsp;&nbsp;&nbsp;app_hr_sample_timer_cb
<LI><a href="#[1f]">&gt;&gt;</a>&nbsp;&nbsp;&nbsp;app_sleep_tracker_timer_cb
<LI><a href="#[149]">&gt;&gt;</a>&nbsp;&nbsp;&nbsp;app_batt_send_telemetry_ntf
<LI><a href="#[44]">&gt;&gt;</a>&nbsp;&nbsp;&nbsp;app_custs1_create_db
<LI><a href="#[14f]">&gt;&gt;</a>&nbsp;&nbsp;&nbsp;create_timer
<LI><a href="#[1a]">&gt;&gt;</a>&nbsp;&nbsp;&nbsp;app_timer_api_process_handler
<LI><a href="#[36]">&gt;&gt;</a>&nbsp;&nbsp;&nbsp;diss_value_req_ind_handler
<LI><a href="#[81]">&gt;&gt;</a>&nbsp;&nbsp;&nbsp;app_diss_create_db
<LI><a href="#[40]">&gt;&gt;</a>&nbsp;&nbsp;&nbsp;gapc_param_update_req_ind_handler_wrapper
<LI><a href="#[3d]">&gt;&gt;</a>&nbsp;&nbsp;&nbsp;gapc_set_dev_info_req_ind_handler_wrapper
<LI><a href="#[3c]">&gt;&gt;</a>&nbsp;&nbsp;&nbsp;gapc_get_dev_info_req_ind_handler_wrapper
<LI><a href="#[21]">&gt;&gt;</a>&nbsp;&nbsp;&nbsp;param_update_request_timer_cb
<LI><a href="#[150]">&gt;&gt;</a>&nbsp;&nbsp;&nbsp;app_easy_timer_cancel
<LI><a href="#[3a]">&gt;&gt;</a>&nbsp;&nbsp;&nbsp;gapc_connection_req_ind_handler_wrapper
<LI><a href="#[151]">&gt;&gt;</a>&nbsp;&nbsp;&nbsp;user_catch_rest_hndl
<LI><a href="#[38]">&gt;&gt;</a>&nbsp;&nbsp;&nbsp;gapm_cmp_evt_handler_wrapper
<LI><a href="#[37]">&gt;&gt;</a>&nbsp;&nbsp;&nbsp;gapm_device_ready_ind_handler_wrapper
<LI><a href="#[14e]">&gt;&gt;</a>&nbsp;&nbsp;&nbsp;app_easy_gap_undirected_advertise_start
</UL>

<P><STRONG><a name="[ef]"></a>ke_msg_send</STRONG> (Thumb, 0 bytes, Stack size 0 bytes, da14585_symbols.txt(ABSOLUTE))
<BR><BR>[Called By]<UL><LI><a href="#[61]">&gt;&gt;</a>&nbsp;&nbsp;&nbsp;PATCHED_smpc_dhkey_calc_start
<LI><a href="#[70]">&gt;&gt;</a>&nbsp;&nbsp;&nbsp;PATCHED_smpc_recv_pair_req_pdu
<LI><a href="#[6e]">&gt;&gt;</a>&nbsp;&nbsp;&nbsp;PATCHED_hci_le_ltk_request_evt_handler
<LI><a href="#[5a]">&gt;&gt;</a>&nbsp;&nbsp;&nbsp;PATCHED_hci_acl_data_rx_handler
<LI><a href="#[6f]">&gt;&gt;</a>&nbsp;&nbsp;&nbsp;PATCHED_smpc_pdu_send
<LI><a href="#[c1]">&gt;&gt;</a>&nbsp;&nbsp;&nbsp;llm_create_p256_key_func
<LI><a href="#[4d]">&gt;&gt;</a>&nbsp;&nbsp;&nbsp;custs1_value_req_rsp_handler
<LI><a href="#[4c]">&gt;&gt;</a>&nbsp;&nbsp;&nbsp;custs1_att_info_rsp_handler
<LI><a href="#[161]">&gt;&gt;</a>&nbsp;&nbsp;&nbsp;custs1_exe_operation
[...]

<P><STRONG><a name="[196]"></a>oled_buffer_draw_string</STRONG> (Thumb, 96 bytes, Stack size 20 bytes, lto-llvm-32d66d.o(.text.oled_buffer_draw_string))
<BR><BR>[Stack]<UL><LI>Max Depth = 20<LI>Call Chain = oled_buffer_draw_string
</UL>
<BR>[Called By]<UL><LI><a href="#[13]">&gt;&gt;</a>&nbsp;&nbsp;&nbsp;oled_buffer_draw_accel_line
<LI><a href="#[12]">&gt;&gt;</a>&nbsp;&nbsp;&nbsp;oled_buffer_draw_centered_string
</UL>

<P><STRONG><a name="[13]"></a>oled_buffer_draw_accel_line</STRONG> (Thumb, 84 bytes, Stack size 32 bytes, lto-llvm-32d66d.o(.text.oled_buffer_draw_accel_line))
<BR><BR>[Stack]<UL><LI>Max Depth = 52<LI>Call Chain = oled_buffer_draw_accel_line &rArr; oled_buffer_draw_string
</UL>
<BR>[Calls]<UL><LI><a href="#[196]">&gt;&gt;</a>&nbsp;&nbsp;&nbsp;oled_buffer_draw_string
<LI><a href="#[195]">&gt;&gt;</a>&nbsp;&nbsp;&nbsp;display_string_length
</UL>
<BR>[Address Reference Count : 1]<UL><LI> lto-llvm-32d66d.o(.text.accelerometer_test)
</UL>
<P><STRONG><a name="[13d]"></a>sleep_tracker_update</STRONG> (Thumb, 648 bytes, Stack size 80 bytes, lto-llvm-32d66d.o(.text.sleep_tracker_update))
<BR><BR>[Stack]<UL><LI>Max Depth = 80<LI>Call Chain = sleep_tracker_update
</UL>
<BR>[Called By]<UL><LI><a href="#[13c]">&gt;&gt;</a>&nbsp;&nbsp;&nbsp;accelerometer_test
<LI><a href="#[1f]">&gt;&gt;</a>&nbsp;&nbsp;&nbsp;app_sleep_tracker_timer_cb
</UL>

<P><STRONG><a name="[2f]"></a>adxl362_read_register</STRONG> (Thumb, 76 bytes, Stack size 24 bytes, lto-llvm-32d66d.o(.text.adxl362_read_register))
<BR><BR>[Stack]<UL><LI>Max Depth = 28<LI>Call Chain = adxl362_read_register &rArr; adxl362_delay
</UL>
<BR>[Calls]<UL><LI><a href="#[145]">&gt;&gt;</a>&nbsp;&nbsp;&nbsp;adxl362_delay
</UL>
<BR>[Address Reference Count : 1]<UL><LI> lto-llvm-32d66d.o(.text.sleep_tracker_update)
</UL>
<P><STRONG><a name="[146]"></a>adxl362_mosi</STRONG> (Thumb, 36 bytes, Stack size 0 bytes, lto-llvm-32d66d.o(.text.adxl362_mosi))
<BR><BR>[Called By]<UL><LI><a href="#[14]">&gt;&gt;</a>&nbsp;&nbsp;&nbsp;adxl362_spi_transfer
</UL>

<P><STRONG><a name="[153]"></a>max30102_read_reg</STRONG> (Thumb, 64 bytes, Stack size 16 bytes, lto-llvm-32d66d.o(.text.max30102_read_reg))
<BR><BR>[Stack]<UL><LI>Max Depth = 88<LI>Call Chain = max30102_read_reg &rArr; max30102_i2c_read_byte &rArr; max30102_scl_lo &rArr; GPIO_ConfigurePin &rArr; GPIO_SetInactive
</UL>
<BR>[Calls]<UL><LI><a href="#[157]">&gt;&gt;</a>&nbsp;&nbsp;&nbsp;max30102_i2c_stop
<LI><a href="#[156]">&gt;&gt;</a>&nbsp;&nbsp;&nbsp;max30102_i2c_read_byte
<LI><a href="#[155]">&gt;&gt;</a>&nbsp;&nbsp;&nbsp;max30102_i2c_write_byte
<LI><a href="#[154]">&gt;&gt;</a>&nbsp;&nbsp;&nbsp;max30102_i2c_start
</UL>
<BR>[Called By]<UL><LI><a href="#[187]">&gt;&gt;</a>&nbsp;&nbsp;&nbsp;max30102_init
<LI><a href="#[1e]">&gt;&gt;</a>&nbsp;&nbsp;&nbsp;app_hr_sample_timer_cb
</UL>

<P><STRONG><a name="[154]"></a>max30102_i2c_start</STRONG> (Thumb, 20 bytes, Stack size 8 bytes, lto-llvm-32d66d.o(.text.max30102_i2c_start))
<BR><BR>[Stack]<UL><LI>Max Depth = 64<LI>Call Chain = max30102_i2c_start &rArr; max30102_scl_lo &rArr; GPIO_ConfigurePin &rArr; GPIO_SetInactive
</UL>
<BR>[Calls]<UL><LI><a href="#[192]">&gt;&gt;</a>&nbsp;&nbsp;&nbsp;max30102_scl_lo
<LI><a href="#[193]">&gt;&gt;</a>&nbsp;&nbsp;&nbsp;max30102_sda_lo
<LI><a href="#[190]">&gt;&gt;</a>&nbsp;&nbsp;&nbsp;max30102_scl_hi
<LI><a href="#[18f]">&gt;&gt;</a>&nbsp;&nbsp;&nbsp;max30102_sda_hi
</UL>
<BR>[Called By]<UL><LI><a href="#[1e]">&gt;&gt;</a>&nbsp;&nbsp;&nbsp;app_hr_sample_timer_cb
<LI><a href="#[23]">&gt;&gt;</a>&nbsp;&nbsp;&nbsp;max30102_write_reg
<LI><a href="#[153]">&gt;&gt;</a>&nbsp;&nbsp;&nbsp;max30102_read_reg
</UL>

<P><STRONG><a name="[155]"></a>max30102_i2c_write_byte</STRONG> (Thumb, 66 bytes, Stack size 16 bytes, lto-llvm-32d66d.o(.text.max30102_i2c_write_byte))
<BR><BR>[Stack]<UL><LI>Max Depth = 72<LI>Call Chain = max30102_i2c_write_byte &rArr; max30102_scl_lo &rArr; GPIO_ConfigurePin &rArr; GPIO_SetInactive
</UL>
<BR>[Calls]<UL><LI><a href="#[191]">&gt;&gt;</a>&nbsp;&nbsp;&nbsp;max30102_sda_read
<LI><a href="#[192]">&gt;&gt;</a>&nbsp;&nbsp;&nbsp;max30102_scl_lo
<LI><a href="#[193]">&gt;&gt;</a>&nbsp;&nbsp;&nbsp;max30102_sda_lo
<LI><a href="#[190]">&gt;&gt;</a>&nbsp;&nbsp;&nbsp;max30102_scl_hi
<LI><a href="#[18f]">&gt;&gt;</a>&nbsp;&nbsp;&nbsp;max30102_sda_hi
</UL>
<BR>[Called By]<UL><LI><a href="#[1e]">&gt;&gt;</a>&nbsp;&nbsp;&nbsp;app_hr_sample_timer_cb
<LI><a href="#[23]">&gt;&gt;</a>&nbsp;&nbsp;&nbsp;max30102_write_reg
<LI><a href="#[153]">&gt;&gt;</a>&nbsp;&nbsp;&nbsp;max30102_read_reg
</UL>

<P><STRONG><a name="[156]"></a>max30102_i2c_read_byte</STRONG> (Thumb, 66 bytes, Stack size 16 bytes, lto-llvm-32d66d.o(.text.max30102_i2c_read_byte))
<BR><BR>[Stack]<UL><LI>Max Depth = 72<LI>Call Chain = max30102_i2c_read_byte &rArr; max30102_scl_lo &rArr; GPIO_ConfigurePin &rArr; GPIO_SetInactive
</UL>
<BR>[Calls]<UL><LI><a href="#[191]">&gt;&gt;</a>&nbsp;&nbsp;&nbsp;max30102_sda_read
<LI><a href="#[192]">&gt;&gt;</a>&nbsp;&nbsp;&nbsp;max30102_scl_lo
<LI><a href="#[193]">&gt;&gt;</a>&nbsp;&nbsp;&nbsp;max30102_sda_lo
<LI><a href="#[190]">&gt;&gt;</a>&nbsp;&nbsp;&nbsp;max30102_scl_hi
<LI><a href="#[18f]">&gt;&gt;</a>&nbsp;&nbsp;&nbsp;max30102_sda_hi
</UL>
<BR>[Called By]<UL><LI><a href="#[1e]">&gt;&gt;</a>&nbsp;&nbsp;&nbsp;app_hr_sample_timer_cb
<LI><a href="#[153]">&gt;&gt;</a>&nbsp;&nbsp;&nbsp;max30102_read_reg
</UL>

<P><STRONG><a name="[157]"></a>max30102_i2c_stop</STRONG> (Thumb, 16 bytes, Stack size 8 bytes, lto-llvm-32d66d.o(.text.max30102_i2c_stop))
<BR><BR>[Stack]<UL><LI>Max Depth = 64<LI>Call Chain = max30102_i2c_stop &rArr; max30102_sda_lo &rArr; GPIO_ConfigurePin &rArr; GPIO_SetInactive
</UL>
<BR>[Calls]<UL><LI><a href="#[193]">&gt;&gt;</a>&nbsp;&nbsp;&nbsp;max30102_sda_lo
<LI><a href="#[190]">&gt;&gt;</a>&nbsp;&nbsp;&nbsp;max30102_scl_hi
<LI><a href="#[18f]">&gt;&gt;</a>&nbsp;&nbsp;&nbsp;max30102_sda_hi
</UL>
<BR>[Called By]<UL><LI><a href="#[1e]">&gt;&gt;</a>&nbsp;&nbsp;&nbsp;app_hr_sample_timer_cb
<LI><a href="#[23]">&gt;&gt;</a>&nbsp;&nbsp;&nbsp;max30102_write_reg
<LI><a href="#[153]">&gt;&gt;</a>&nbsp;&nbsp;&nbsp;max30102_read_reg
</UL>

<P><STRONG><a name="[18f]"></a>max30102_sda_hi</STRONG> (Thumb, 20 bytes, Stack size 8 bytes, lto-llvm-32d66d.o(.text.max30102_sda_hi))
<BR><BR>[Stack]<UL><LI>Max Depth = 56<LI>Call Chain = max30102_sda_hi &rArr; GPIO_ConfigurePin &rArr; GPIO_SetInactive
</UL>
<BR>[Calls]<UL><LI><a href="#[25]">&gt;&gt;</a>&nbsp;&nbsp;&nbsp;GPIO_ConfigurePin
<LI><a href="#[194]">&gt;&gt;</a>&nbsp;&nbsp;&nbsp;max30102_i2c_delay
</UL>
<BR>[Called By]<UL><LI><a href="#[157]">&gt;&gt;</a>&nbsp;&nbsp;&nbsp;max30102_i2c_stop
<LI><a href="#[156]">&gt;&gt;</a>&nbsp;&nbsp;&nbsp;max30102_i2c_read_byte
<LI><a href="#[155]">&gt;&gt;</a>&nbsp;&nbsp;&nbsp;max30102_i2c_write_byte
<LI><a href="#[154]">&gt;&gt;</a>&nbsp;&nbsp;&nbsp;max30102_i2c_start
</UL>

<P><STRONG><a name="[190]"></a>max30102_scl_hi</STRONG> (Thumb, 22 bytes, Stack size 8 bytes, lto-llvm-32d66d.o(.text.max30102_scl_hi))
<BR><BR>[Stack]<UL><LI>Max Depth = 56<LI>Call Chain = max30102_scl_hi &rArr; GPIO_ConfigurePin &rArr; GPIO_SetInactive
</UL>
<BR>[Calls]<UL><LI><a href="#[25]">&gt;&gt;</a>&nbsp;&nbsp;&nbsp;GPIO_ConfigurePin
<LI><a href="#[194]">&gt;&gt;</a>&nbsp;&nbsp;&nbsp;max30102_i2c_delay
</UL>
<BR>[Called By]<UL><LI><a href="#[157]">&gt;&gt;</a>&nbsp;&nbsp;&nbsp;max30102_i2c_stop
<LI><a href="#[156]">&gt;&gt;</a>&nbsp;&nbsp;&nbsp;max30102_i2c_read_byte
<LI><a href="#[155]">&gt;&gt;</a>&nbsp;&nbsp;&nbsp;max30102_i2c_write_byte
<LI><a href="#[154]">&gt;&gt;</a>&nbsp;&nbsp;&nbsp;max30102_i2c_start
</UL>

<P><STRONG><a name="[193]"></a>max30102_sda_lo</STRONG> (Thumb, 40 bytes, Stack size 8 bytes, lto-llvm-32d66d.o(.text.max30102_sda_lo))
<BR><BR>[Stack]<UL><LI>Max Depth = 56<LI>Call Chain = max30102_sda_lo &rArr; GPIO_ConfigurePin &rArr; GPIO_SetInactive
</UL>
<BR>[Calls]<UL><LI><a href="#[25]">&gt;&gt;</a>&nbsp;&nbsp;&nbsp;GPIO_ConfigurePin
<LI><a href="#[194]">&gt;&gt;</a>&nbsp;&nbsp;&nbsp;max30102_i2c_delay
</UL>
<BR>[Called By]<UL><LI><a href="#[157]">&gt;&gt;</a>&nbsp;&nbsp;&nbsp;max30102_i2c_stop
<LI><a href="#[156]">&gt;&gt;</a>&nbsp;&nbsp;&nbsp;max30102_i2c_read_byte
<LI><a href="#[155]">&gt;&gt;</a>&nbsp;&nbsp;&nbsp;max30102_i2c_write_byte
<LI><a href="#[154]">&gt;&gt;</a>&nbsp;&nbsp;&nbsp;max30102_i2c_start
</UL>

<P><STRONG><a name="[192]"></a>max30102_scl_lo</STRONG> (Thumb, 40 bytes, Stack size 8 bytes, lto-llvm-32d66d.o(.text.max30102_scl_lo))
<BR><BR>[Stack]<UL><LI>Max Depth = 56<LI>Call Chain = max30102_scl_lo &rArr; GPIO_ConfigurePin &rArr; GPIO_SetInactive
</UL>
<BR>[Calls]<UL><LI><a href="#[25]">&gt;&gt;</a>&nbsp;&nbsp;&nbsp;GPIO_ConfigurePin
<LI><a href="#[194]">&gt;&gt;</a>&nbsp;&nbsp;&nbsp;max30102_i2c_delay
</UL>
<BR>[Called By]<UL><LI><a href="#[156]">&gt;&gt;</a>&nbsp;&nbsp;&nbsp;max30102_i2c_read_byte
<LI><a href="#[155]">&gt;&gt;</a>&nbsp;&nbsp;&nbsp;max30102_i2c_write_byte
<LI><a href="#[154]">&gt;&gt;</a>&nbsp;&nbsp;&nbsp;max30102_i2c_start
</UL>

<P><STRONG><a name="[191]"></a>max30102_sda_read</STRONG> (Thumb, 12 bytes, Stack size 8 bytes, lto-llvm-32d66d.o(.text.max30102_sda_read))
<BR><BR>[Stack]<UL><LI>Max Depth = 24<LI>Call Chain = max30102_sda_read &rArr; GPIO_GetPinStatus
</UL>
<BR>[Calls]<UL><LI><a href="#[13a]">&gt;&gt;</a>&nbsp;&nbsp;&nbsp;GPIO_GetPinStatus
</UL>
<BR>[Called By]<UL><LI><a href="#[156]">&gt;&gt;</a>&nbsp;&nbsp;&nbsp;max30102_i2c_read_byte
<LI><a href="#[155]">&gt;&gt;</a>&nbsp;&nbsp;&nbsp;max30102_i2c_write_byte
</UL>

<P><STRONG><a name="[194]"></a>max30102_i2c_delay</STRONG> (Thumb, 24 bytes, Stack size 4 bytes, lto-llvm-32d66d.o(.text.max30102_i2c_delay))
<BR><BR>[Stack]<UL><LI>Max Depth = 4<LI>Call Chain = max30102_i2c_delay
</UL>
<BR>[Called By]<UL><LI><a href="#[192]">&gt;&gt;</a>&nbsp;&nbsp;&nbsp;max30102_scl_lo
<LI><a href="#[193]">&gt;&gt;</a>&nbsp;&nbsp;&nbsp;max30102_sda_lo
<LI><a href="#[190]">&gt;&gt;</a>&nbsp;&nbsp;&nbsp;max30102_scl_hi
<LI><a href="#[18f]">&gt;&gt;</a>&nbsp;&nbsp;&nbsp;max30102_sda_hi
</UL>

<P><STRONG><a name="[23]"></a>max30102_write_reg</STRONG> (Thumb, 42 bytes, Stack size 16 bytes, lto-llvm-32d66d.o(.text.max30102_write_reg))
<BR><BR>[Stack]<UL><LI>Max Depth = 88<LI>Call Chain = max30102_write_reg &rArr; max30102_i2c_write_byte &rArr; max30102_scl_lo &rArr; GPIO_ConfigurePin &rArr; GPIO_SetInactive
</UL>
<BR>[Calls]<UL><LI><a href="#[157]">&gt;&gt;</a>&nbsp;&nbsp;&nbsp;max30102_i2c_stop
<LI><a href="#[155]">&gt;&gt;</a>&nbsp;&nbsp;&nbsp;max30102_i2c_write_byte
<LI><a href="#[154]">&gt;&gt;</a>&nbsp;&nbsp;&nbsp;max30102_i2c_start
</UL>
<BR>[Called By]<UL><LI><a href="#[187]">&gt;&gt;</a>&nbsp;&nbsp;&nbsp;max30102_init
<LI><a href="#[159]">&gt;&gt;</a>&nbsp;&nbsp;&nbsp;max30102_shutdown
</UL>
<BR>[Address Reference Count : 1]<UL><LI> lto-llvm-32d66d.o(.text.max30102_start_measurement)
</UL>
<P><STRONG><a name="[159]"></a>max30102_shutdown</STRONG> (Thumb, 12 bytes, Stack size 8 bytes, lto-llvm-32d66d.o(.text.max30102_shutdown))
<BR><BR>[Stack]<UL><LI>Max Depth = 96<LI>Call Chain = max30102_shutdown &rArr; max30102_write_reg &rArr; max30102_i2c_write_byte &rArr; max30102_scl_lo &rArr; GPIO_ConfigurePin &rArr; GPIO_SetInactive
</UL>
<BR>[Calls]<UL><LI><a href="#[23]">&gt;&gt;</a>&nbsp;&nbsp;&nbsp;max30102_write_reg
</UL>
<BR>[Called By]<UL><LI><a href="#[187]">&gt;&gt;</a>&nbsp;&nbsp;&nbsp;max30102_init
<LI><a href="#[1e]">&gt;&gt;</a>&nbsp;&nbsp;&nbsp;app_hr_sample_timer_cb
<LI><a href="#[16e]">&gt;&gt;</a>&nbsp;&nbsp;&nbsp;stop_hr_polling
</UL>

<P><STRONG><a name="[152]"></a>max30102_start_measurement</STRONG> (Thumb, 68 bytes, Stack size 16 bytes, lto-llvm-32d66d.o(.text.max30102_start_measurement))
<BR><BR>[Stack]<UL><LI>Max Depth = 136<LI>Call Chain = max30102_start_measurement &rArr; max30102_init &rArr; max30102_shutdown &rArr; max30102_write_reg &rArr; max30102_i2c_write_byte &rArr; max30102_scl_lo &rArr; GPIO_ConfigurePin &rArr; GPIO_SetInactive
</UL>
<BR>[Calls]<UL><LI><a href="#[187]">&gt;&gt;</a>&nbsp;&nbsp;&nbsp;max30102_init
</UL>
<BR>[Called By]<UL><LI><a href="#[31]">&gt;&gt;</a>&nbsp;&nbsp;&nbsp;touch_release_timer_cb
<LI><a href="#[1d]">&gt;&gt;</a>&nbsp;&nbsp;&nbsp;app_hr_poll_timer_cb
</UL>

<P><STRONG><a name="[149]"></a>app_batt_send_telemetry_ntf</STRONG> (Thumb, 128 bytes, Stack size 24 bytes, lto-llvm-32d66d.o(.text.app_batt_send_telemetry_ntf))
<BR><BR>[Stack]<UL><LI>Max Depth = 24<LI>Call Chain = app_batt_send_telemetry_ntf
</UL>
<BR>[Calls]<UL><LI><a href="#[14a]">&gt;&gt;</a>&nbsp;&nbsp;&nbsp;prf_get_task_from_id
<LI><a href="#[ef]">&gt;&gt;</a>&nbsp;&nbsp;&nbsp;ke_msg_send
<LI><a href="#[ec]">&gt;&gt;</a>&nbsp;&nbsp;&nbsp;ke_msg_alloc
</UL>
<BR>[Called By]<UL><LI><a href="#[31]">&gt;&gt;</a>&nbsp;&nbsp;&nbsp;touch_release_timer_cb
<LI><a href="#[16]">&gt;&gt;</a>&nbsp;&nbsp;&nbsp;app_batt_poll_timer_cb
</UL>

<P><STRONG><a name="[17]"></a>app_clock_timer_cb</STRONG> (Thumb, 80 bytes, Stack size 8 bytes, lto-llvm-32d66d.o(.text.app_clock_timer_cb))
<BR><BR>[Stack]<UL><LI>Max Depth = 144<LI>Call Chain = app_clock_timer_cb &rArr; display_show_time &rArr; display_draw_string &rArr; i2c_write_byte &rArr; i2c_scl_lo &rArr; GPIO_ConfigurePin &rArr; GPIO_SetInactive
</UL>
<BR>[Calls]<UL><LI><a href="#[14b]">&gt;&gt;</a>&nbsp;&nbsp;&nbsp;display_show_time
<LI><a href="#[147]">&gt;&gt;</a>&nbsp;&nbsp;&nbsp;app_easy_timer
</UL>
<BR>[Address Reference Count : 2]<UL><LI> lto-llvm-32d66d.o(.text.app_clock_timer_cb)
<LI> lto-llvm-32d66d.o(.text.user_catch_rest_hndl)
</UL>
<P><STRONG><a name="[30]"></a>long_press_timer_cb</STRONG> (Thumb, 56 bytes, Stack size 16 bytes, lto-llvm-32d66d.o(.text.long_press_timer_cb))
<BR><BR>[Stack]<UL><LI>Max Depth = 152<LI>Call Chain = long_press_timer_cb &rArr; display_show_time &rArr; display_draw_string &rArr; i2c_write_byte &rArr; i2c_scl_lo &rArr; GPIO_ConfigurePin &rArr; GPIO_SetInactive
</UL>
<BR>[Calls]<UL><LI><a href="#[13a]">&gt;&gt;</a>&nbsp;&nbsp;&nbsp;GPIO_GetPinStatus
<LI><a href="#[14b]">&gt;&gt;</a>&nbsp;&nbsp;&nbsp;display_show_time
</UL>
<BR>[Address Reference Count : 1]<UL><LI> lto-llvm-32d66d.o(.text.touch_button_press_cb)
</UL>
<P><STRONG><a name="[31]"></a>touch_release_timer_cb</STRONG> (Thumb, 432 bytes, Stack size 48 bytes, lto-llvm-32d66d.o(.text.touch_release_timer_cb))
<BR><BR>[Stack]<UL><LI>Max Depth = 240<LI>Call Chain = touch_release_timer_cb &rArr; accelerometer_test &rArr; sleep_tracker_update
</UL>
<BR>[Calls]<UL><LI><a href="#[13a]">&gt;&gt;</a>&nbsp;&nbsp;&nbsp;GPIO_GetPinStatus
<LI><a href="#[169]">&gt;&gt;</a>&nbsp;&nbsp;&nbsp;display_clear
<LI><a href="#[148]">&gt;&gt;</a>&nbsp;&nbsp;&nbsp;read_battery_level_percentage
<LI><a href="#[13e]">&gt;&gt;</a>&nbsp;&nbsp;&nbsp;__aeabi_uidiv
<LI><a href="#[13c]">&gt;&gt;</a>&nbsp;&nbsp;&nbsp;accelerometer_test
<LI><a href="#[149]">&gt;&gt;</a>&nbsp;&nbsp;&nbsp;app_batt_send_telemetry_ntf
<LI><a href="#[152]">&gt;&gt;</a>&nbsp;&nbsp;&nbsp;max30102_start_measurement
<LI><a href="#[15a]">&gt;&gt;</a>&nbsp;&nbsp;&nbsp;display_show_steps
<LI><a href="#[16a]">&gt;&gt;</a>&nbsp;&nbsp;&nbsp;display_draw_string
<LI><a href="#[26]">&gt;&gt;</a>&nbsp;&nbsp;&nbsp;oled_send_cmd
<LI><a href="#[170]">&gt;&gt;</a>&nbsp;&nbsp;&nbsp;stop_accel_display
<LI><a href="#[150]">&gt;&gt;</a>&nbsp;&nbsp;&nbsp;app_easy_timer_cancel
<LI><a href="#[147]">&gt;&gt;</a>&nbsp;&nbsp;&nbsp;app_easy_timer
</UL>
<BR>[Address Reference Count : 1]<UL><LI> lto-llvm-32d66d.o(.text.touch_release_timer_cb)
</UL>
<P><STRONG><a name="[1f]"></a>app_sleep_tracker_timer_cb</STRONG> (Thumb, 232 bytes, Stack size 40 bytes, lto-llvm-32d66d.o(.text.app_sleep_tracker_timer_cb))
<BR><BR>[Stack]<UL><LI>Max Depth = 120<LI>Call Chain = app_sleep_tracker_timer_cb &rArr; sleep_tracker_update
</UL>
<BR>[Calls]<UL><LI><a href="#[14a]">&gt;&gt;</a>&nbsp;&nbsp;&nbsp;prf_get_task_from_id
<LI><a href="#[ef]">&gt;&gt;</a>&nbsp;&nbsp;&nbsp;ke_msg_send
<LI><a href="#[ec]">&gt;&gt;</a>&nbsp;&nbsp;&nbsp;ke_msg_alloc
<LI><a href="#[13d]">&gt;&gt;</a>&nbsp;&nbsp;&nbsp;sleep_tracker_update
<LI><a href="#[147]">&gt;&gt;</a>&nbsp;&nbsp;&nbsp;app_easy_timer
</UL>
<BR>[Address Reference Count : 2]<UL><LI> lto-llvm-32d66d.o(.text.start_sleep_tracker)
<LI> lto-llvm-32d66d.o(.text.app_sleep_tracker_timer_cb)
</UL>
<P><STRONG><a name="[13c]"></a>accelerometer_test</STRONG> (Thumb, 336 bytes, Stack size 112 bytes, lto-llvm-32d66d.o(.text.accelerometer_test))
<BR><BR>[Stack]<UL><LI>Max Depth = 192<LI>Call Chain = accelerometer_test &rArr; sleep_tracker_update
</UL>
<BR>[Calls]<UL><LI><a href="#[13e]">&gt;&gt;</a>&nbsp;&nbsp;&nbsp;__aeabi_uidiv
<LI><a href="#[13d]">&gt;&gt;</a>&nbsp;&nbsp;&nbsp;sleep_tracker_update
<LI><a href="#[141]">&gt;&gt;</a>&nbsp;&nbsp;&nbsp;i2c_stop
<LI><a href="#[24]">&gt;&gt;</a>&nbsp;&nbsp;&nbsp;i2c_write_byte
<LI><a href="#[140]">&gt;&gt;</a>&nbsp;&nbsp;&nbsp;i2c_start
<LI><a href="#[13f]">&gt;&gt;</a>&nbsp;&nbsp;&nbsp;oled_set_cursor
</UL>
<BR>[Called By]<UL><LI><a href="#[15]">&gt;&gt;</a>&nbsp;&nbsp;&nbsp;app_accel_display_timer_cb
<LI><a href="#[31]">&gt;&gt;</a>&nbsp;&nbsp;&nbsp;touch_release_timer_cb
</UL>

<P><STRONG><a name="[32]"></a>touch_rearm_timer_cb</STRONG> (Thumb, 48 bytes, Stack size 16 bytes, lto-llvm-32d66d.o(.text.touch_rearm_timer_cb))
<BR><BR>[Stack]<UL><LI>Max Depth = 48<LI>Call Chain = touch_rearm_timer_cb &rArr; app_easy_timer &rArr; create_timer
</UL>
<BR>[Calls]<UL><LI><a href="#[13a]">&gt;&gt;</a>&nbsp;&nbsp;&nbsp;GPIO_GetPinStatus
<LI><a href="#[186]">&gt;&gt;</a>&nbsp;&nbsp;&nbsp;wkupct_enable_irq
<LI><a href="#[147]">&gt;&gt;</a>&nbsp;&nbsp;&nbsp;app_easy_timer
</UL>
<BR>[Address Reference Count : 1]<UL><LI> lto-llvm-32d66d.o(.text.touch_release_timer_cb)
</UL>
<P><STRONG><a name="[15]"></a>app_accel_display_timer_cb</STRONG> (Thumb, 36 bytes, Stack size 8 bytes, lto-llvm-32d66d.o(.text.app_accel_display_timer_cb))
<BR><BR>[Stack]<UL><LI>Max Depth = 200<LI>Call Chain = app_accel_display_timer_cb &rArr; accelerometer_test &rArr; sleep_tracker_update
</UL>
<BR>[Calls]<UL><LI><a href="#[13c]">&gt;&gt;</a>&nbsp;&nbsp;&nbsp;accelerometer_test
<LI><a href="#[147]">&gt;&gt;</a>&nbsp;&nbsp;&nbsp;app_easy_timer
</UL>
<BR>[Address Reference Count : 2]<UL><LI> lto-llvm-32d66d.o(.text.touch_release_timer_cb)
<LI> lto-llvm-32d66d.o(.text.app_accel_display_timer_cb)
</UL>
<P><STRONG><a name="[1e]"></a>app_hr_sample_timer_cb</STRONG> (Thumb, 592 bytes, Stack size 48 bytes, lto-llvm-32d66d.o(.text.app_hr_sample_timer_cb))
<BR><BR>[Stack]<UL><LI>Max Depth = 184<LI>Call Chain = app_hr_sample_timer_cb &rArr; display_show_steps &rArr; display_draw_string &rArr; i2c_write_byte &rArr; i2c_scl_lo &rArr; GPIO_ConfigurePin &rArr; GPIO_SetInactive
</UL>
<BR>[Calls]<UL><LI><a href="#[14a]">&gt;&gt;</a>&nbsp;&nbsp;&nbsp;prf_get_task_from_id
<LI><a href="#[ef]">&gt;&gt;</a>&nbsp;&nbsp;&nbsp;ke_msg_send
<LI><a href="#[ec]">&gt;&gt;</a>&nbsp;&nbsp;&nbsp;ke_msg_alloc
<LI><a href="#[158]">&gt;&gt;</a>&nbsp;&nbsp;&nbsp;__aeabi_idiv
<LI><a href="#[e6]">&gt;&gt;</a>&nbsp;&nbsp;&nbsp;__aeabi_uidivmod
<LI><a href="#[13e]">&gt;&gt;</a>&nbsp;&nbsp;&nbsp;__aeabi_uidiv
<LI><a href="#[159]">&gt;&gt;</a>&nbsp;&nbsp;&nbsp;max30102_shutdown
<LI><a href="#[157]">&gt;&gt;</a>&nbsp;&nbsp;&nbsp;max30102_i2c_stop
<LI><a href="#[156]">&gt;&gt;</a>&nbsp;&nbsp;&nbsp;max30102_i2c_read_byte
<LI><a href="#[155]">&gt;&gt;</a>&nbsp;&nbsp;&nbsp;max30102_i2c_write_byte
<LI><a href="#[154]">&gt;&gt;</a>&nbsp;&nbsp;&nbsp;max30102_i2c_start
<LI><a href="#[153]">&gt;&gt;</a>&nbsp;&nbsp;&nbsp;max30102_read_reg
<LI><a href="#[15a]">&gt;&gt;</a>&nbsp;&nbsp;&nbsp;display_show_steps
<LI><a href="#[147]">&gt;&gt;</a>&nbsp;&nbsp;&nbsp;app_easy_timer
</UL>
<BR>[Address Reference Count : 2]<UL><LI> lto-llvm-32d66d.o(.text.touch_release_timer_cb)
<LI> lto-llvm-32d66d.o(.text.app_hr_sample_timer_cb)
</UL><P>
<H3>
Undefined Global Symbols
</H3>
<P><STRONG><a name="[17f]"></a>reset_indication</STRONG> (Unknown, 0 bytes, Stack size 0 bytes, UNDEFINED)
<BR><BR>[Called By]<UL><LI><a href="#[10]">&gt;&gt;</a>&nbsp;&nbsp;&nbsp;main
</UL>
<HR></body></html>
