<!doctype html public "-//w3c//dtd html 4.0 transitional//en">
<html><head>
<title>Static Call Graph - [.\out_DA14585\Objects\ble_app_peripheral_585.axf]</title></head>
<body><HR>
<H1>Static Call Graph for image .\out_DA14585\Objects\ble_app_peripheral_585.axf</H1><HR>
<BR><P>#&#060CALLGRAPH&#062# ARM Linker, 6240002: Last Updated: Fri Aug 28 16:42:43 2026
<BR><P>
<H3>Maximum Stack Usage =        264 bytes + Unknown(Cycles, Untraceable Function Pointers)</H3><H3>
Call chain for Maximum Stack Depth:</H3>
main &rArr; periph_init &rArr; display_draw_string &rArr; i2c_write_byte &rArr; i2c_scl_lo &rArr; GPIO_ConfigurePin &rArr; GPIO_SetInactive
<P>
<H3>
Mutually Recursive functions
</H3> <LI><a href="#[3]">Default_Handler</a>&nbsp;&nbsp;&nbsp;&rArr;&nbsp;&nbsp;&nbsp;<a href="#[3]">Default_Handler</a><BR>
</UL>
<P>
<H3>
Function Pointers
</H3><UL>
 <LI><a href="#[9]">ADC_Handler</a> from lto-llvm-0abb6c.o(.text.ADC_Handler) referenced from lto-llvm-0abb6c.o(RESET)
 <LI><a href="#[4]">BLE_WAKEUP_LP_Handler</a> from lto-llvm-0abb6c.o(.text.BLE_WAKEUP_LP_Handler) referenced from lto-llvm-0abb6c.o(RESET)
 <LI><a href="#[c2]">DCoffsetCalibration_func</a> from da14585_symbols.txt(ABSOLUTE) referenced from lto-llvm-0abb6c.o(.rodata.rom_func_addr_table_var)
 <LI><a href="#[3]">Default_Handler</a> from lto-llvm-0abb6c.o(startup_code_DA14xxx) referenced 19 times from lto-llvm-0abb6c.o(RESET)
 <LI><a href="#[a]">GPIO0_Handler</a> from lto-llvm-0abb6c.o(.text.GPIO0_Handler) referenced from lto-llvm-0abb6c.o(RESET)
 <LI><a href="#[b]">GPIO1_Handler</a> from lto-llvm-0abb6c.o(.text.GPIO1_Handler) referenced from lto-llvm-0abb6c.o(RESET)
 <LI><a href="#[c]">GPIO2_Handler</a> from lto-llvm-0abb6c.o(.text.GPIO2_Handler) referenced from lto-llvm-0abb6c.o(RESET)
 <LI><a href="#[d]">GPIO3_Handler</a> from lto-llvm-0abb6c.o(.text.GPIO3_Handler) referenced from lto-llvm-0abb6c.o(RESET)
 <LI><a href="#[e]">GPIO4_Handler</a> from lto-llvm-0abb6c.o(.text.GPIO4_Handler) referenced from lto-llvm-0abb6c.o(RESET)
 <LI><a href="#[1c]">GPIO_ConfigurePin</a> from lto-llvm-0abb6c.o(.text.GPIO_ConfigurePin) referenced from lto-llvm-0abb6c.o(.text.periph_init)
 <LI><a href="#[2]">HardFault_Handler</a> from lto-llvm-0abb6c.o(startup_code_DA14xxx) referenced from lto-llvm-0abb6c.o(RESET)
 <LI><a href="#[2a]">HardFault_HandlerC</a> from lto-llvm-0abb6c.o(.text.HardFault_HandlerC) referenced from lto-llvm-0abb6c.o(startup_code_DA14xxx)
 <LI><a href="#[8]">I2C_Handler</a> from lto-llvm-0abb6c.o(.text.I2C_Handler) referenced from lto-llvm-0abb6c.o(RESET)
 <LI><a href="#[af]">JT_l2cc_pdu_recv_ind_handler_func</a> from patch.o(.text) referenced from lto-llvm-0abb6c.o(.rodata.rom_func_addr_table_var)
 <LI><a href="#[ac]">JT_l2cc_pdu_unpack_func</a> from patch.o(.text) referenced from lto-llvm-0abb6c.o(.rodata.rom_func_addr_table_var)
 <LI><a href="#[b9]">JT_llc_le_length_effective_func</a> from patch.o(.text) referenced from lto-llvm-0abb6c.o(.rodata.rom_func_addr_table_var)
 <LI><a href="#[1]">NMI_Handler</a> from lto-llvm-0abb6c.o(startup_code_DA14xxx) referenced from lto-llvm-0abb6c.o(RESET)
 <LI><a href="#[29]">NMI_HandlerC</a> from lto-llvm-0abb6c.o(.text.NMI_HandlerC) referenced from lto-llvm-0abb6c.o(startup_code_DA14xxx)
 <LI><a href="#[56]">PATCHED_atts_mtu_exc_req</a> from patch.o(.text) referenced from lto-llvm-0abb6c.o(.rodata.patch_new_table)
 <LI><a href="#[5f]">PATCHED_gapm_adv_sanity</a> from patch.o(.text) referenced from lto-llvm-0abb6c.o(.rodata.patch_new_table)
 <LI><a href="#[5b]">PATCHED_gapm_get_ad_type_flag</a> from patch.o(.text) referenced from lto-llvm-0abb6c.o(.rodata.patch_new_table)
 <LI><a href="#[52]">PATCHED_gapm_reset_cmd_handler</a> from patch.o(.text) referenced from lto-llvm-0abb6c.o(.rodata.my_custom_msg_handlers)
 <LI><a href="#[50]">PATCHED_hci_acl_data_rx_handler</a> from patch.o(.text) referenced from lto-llvm-0abb6c.o(.rodata.my_custom_msg_handlers)
 <LI><a href="#[53]">PATCHED_hci_command_handler</a> from patch.o(.text) referenced from lto-llvm-0abb6c.o(.rodata.my_custom_msg_handlers)
 <LI><a href="#[64]">PATCHED_hci_le_ltk_request_evt_handler</a> from patch.o(.text) referenced from lto-llvm-0abb6c.o(.rodata.patch_new_table)
 <LI><a href="#[55]">PATCHED_l2cc_data_send_rsp_handler</a> from patch.o(.text) referenced from lto-llvm-0abb6c.o(.rodata.my_custom_msg_handlers)
 <LI><a href="#[60]">PATCHED_llc_ch_map_req_ind</a> from patch.o(.text) referenced from lto-llvm-0abb6c.o(.rodata.patch_new_table)
 <LI><a href="#[54]">PATCHED_llc_data_ind_handler</a> from patch.o(.text) referenced from lto-llvm-0abb6c.o(.rodata.my_custom_msg_handlers)
 <LI><a href="#[5c]">PATCHED_llc_util_gen_skdx</a> from patch.o(.text) referenced from lto-llvm-0abb6c.o(.rodata.patch_new_table)
 <LI><a href="#[4f]">PATCHED_llcp_length_req_handler</a> from patch.o(.text) referenced from lto-llvm-0abb6c.o(.rodata.my_custom_msg_handlers)
 <LI><a href="#[51]">PATCHED_llcp_length_rsp_handler</a> from patch.o(.text) referenced from lto-llvm-0abb6c.o(.rodata.my_custom_msg_handlers)
 <LI><a href="#[5d]">PATCHED_lld_evt_move_to_master</a> from patch.o(.text) referenced from lto-llvm-0abb6c.o(.rodata.patch_new_table)
 <LI><a href="#[5e]">PATCHED_llm_adv_report_set</a> from patch.o(.text) referenced from lto-llvm-0abb6c.o(.rodata.patch_new_table)
 <LI><a href="#[61]">PATCHED_llm_con_req_ind</a> from patch.o(.text) referenced from lto-llvm-0abb6c.o(.rodata.patch_new_table)
 <LI><a href="#[59]">PATCHED_smpc_check_key_distrib</a> from patch.o(.text) referenced from lto-llvm-0abb6c.o(.rodata.patch_new_table)
 <LI><a href="#[5a]">PATCHED_smpc_construct_id_addr_info_pdu</a> from patch.o(.text) referenced from lto-llvm-0abb6c.o(.rodata.patch_new_table)
 <LI><a href="#[57]">PATCHED_smpc_dhkey_calc_start</a> from smpc_util.o(.text) referenced from lto-llvm-0abb6c.o(.rodata.patch_new_table)
 <LI><a href="#[58]">PATCHED_smpc_is_sec_mode_reached</a> from patch.o(.text) referenced from lto-llvm-0abb6c.o(.rodata.patch_new_table)
 <LI><a href="#[65]">PATCHED_smpc_pdu_send</a> from patch.o(.text) referenced from lto-llvm-0abb6c.o(.rodata.patch_new_table)
 <LI><a href="#[67]">PATCHED_smpc_recv_pair_fail_pdu</a> from patch.o(.text) referenced from lto-llvm-0abb6c.o(.rodata.patch_new_table)
 <LI><a href="#[62]">PATCHED_smpc_recv_pair_rand_pdu</a> from patch.o(.text) referenced from lto-llvm-0abb6c.o(.rodata.patch_new_table)
 <LI><a href="#[66]">PATCHED_smpc_recv_pair_req_pdu</a> from patch.o(.text) referenced from lto-llvm-0abb6c.o(.rodata.patch_new_table)
 <LI><a href="#[63]">PATCHED_smpc_recv_public_key_exchange_pdu</a> from patch.o(.text) referenced from lto-llvm-0abb6c.o(.rodata.patch_new_table)
 <LI><a href="#[b5]">PK_PointMult_func</a> from patch.o(.text) referenced from lto-llvm-0abb6c.o(.rodata.rom_func_addr_table_var)
 <LI><a href="#[c3]">PllLF_IFF_MIX_CapCalibration_func</a> from da14585_symbols.txt(ABSOLUTE) referenced from lto-llvm-0abb6c.o(.rodata.rom_func_addr_table_var)
 <LI><a href="#[22]">RADIOCNTL_Handler</a> from lto-llvm-0abb6c.o(.text.RADIOCNTL_Handler) referenced from lto-llvm-0abb6c.o(.text.rf_init_func)
 <LI><a href="#[0]">Reset_Handler</a> from lto-llvm-0abb6c.o(startup_code_DA14xxx) referenced from lto-llvm-0abb6c.o(RESET)
 <LI><a href="#[7]">UART2_Handler</a> from lto-llvm-0abb6c.o(.text.UART2_Handler) referenced from lto-llvm-0abb6c.o(RESET)
 <LI><a href="#[6]">UART_Handler</a> from da14585_symbols.txt(ABSOLUTE) referenced from lto-llvm-0abb6c.o(RESET)
 <LI><a href="#[80]">UART_Handler_func</a> from da14585_symbols.txt(ABSOLUTE) referenced from lto-llvm-0abb6c.o(.rodata.rom_func_addr_table_var)
 <LI><a href="#[f]">WKUP_QUADEC_Handler</a> from lto-llvm-0abb6c.o(.text.WKUP_QUADEC_Handler) referenced from lto-llvm-0abb6c.o(RESET)
 <LI><a href="#[11]">adv_data_update_timer_cb</a> from lto-llvm-0abb6c.o(.text.adv_data_update_timer_cb) referenced from lto-llvm-0abb6c.o(.text.adv_data_update_timer_cb)
 <LI><a href="#[11]">adv_data_update_timer_cb</a> from lto-llvm-0abb6c.o(.text.adv_data_update_timer_cb) referenced from lto-llvm-0abb6c.o(.text.user_app_adv_start)
 <LI><a href="#[3a]">app_custs1_create_db</a> from lto-llvm-0abb6c.o(.text.app_custs1_create_db) referenced from lto-llvm-0abb6c.o(.rodata.cust_prf_funcs)
 <LI><a href="#[15]">app_custs1_process_handler</a> from lto-llvm-0abb6c.o(.text.app_custs1_process_handler) referenced from lto-llvm-0abb6c.o(.text.app_entry_point_handler)
 <LI><a href="#[77]">app_diss_create_db</a> from lto-llvm-0abb6c.o(.text.app_diss_create_db) referenced from lto-llvm-0abb6c.o(.rodata.prf_funcs)
 <LI><a href="#[14]">app_diss_process_handler</a> from lto-llvm-0abb6c.o(.text.app_diss_process_handler) referenced from lto-llvm-0abb6c.o(.text.app_entry_point_handler)
 <LI><a href="#[2b]">app_entry_point_handler</a> from lto-llvm-0abb6c.o(.text.app_entry_point_handler) referenced from lto-llvm-0abb6c.o(.rodata.app_default_state)
 <LI><a href="#[12]">app_gap_process_handler_RAM</a> from lto-llvm-0abb6c.o(.text.app_gap_process_handler_RAM) referenced from lto-llvm-0abb6c.o(.text.app_entry_point_handler)
 <LI><a href="#[13]">app_timer_api_process_handler</a> from lto-llvm-0abb6c.o(.text.app_timer_api_process_handler) referenced from lto-llvm-0abb6c.o(.text.app_entry_point_handler)
 <LI><a href="#[b2]">attc_l2cc_pdu_recv_handler_func</a> from da14585_symbols.txt(ABSOLUTE) referenced from lto-llvm-0abb6c.o(.rodata.rom_func_addr_table_var)
 <LI><a href="#[b1]">atts_l2cc_pdu_recv_handler_func</a> from da14585_symbols.txt(ABSOLUTE) referenced from lto-llvm-0abb6c.o(.rodata.rom_func_addr_table_var)
 <LI><a href="#[68]">atts_mtu_exc_req</a> from da14585_symbols.txt(ABSOLUTE) referenced from lto-llvm-0abb6c.o(.rodata.patch_orig_table)
 <LI><a href="#[c0]">ba431_get_rand_func</a> from lto-llvm-0abb6c.o(.text.ba431_get_rand_func) referenced from lto-llvm-0abb6c.o(.rodata.rom_func_addr_table_var)
 <LI><a href="#[18]">batt_poll_timer_cb</a> from lto-llvm-0abb6c.o(.text.batt_poll_timer_cb) referenced from lto-llvm-0abb6c.o(.text.batt_poll_timer_cb)
 <LI><a href="#[18]">batt_poll_timer_cb</a> from lto-llvm-0abb6c.o(.text.batt_poll_timer_cb) referenced from lto-llvm-0abb6c.o(.text.main)
 <LI><a href="#[b3]">crypto_init_func</a> from lto-llvm-0abb6c.o(.text.crypto_init_func) referenced from lto-llvm-0abb6c.o(.rodata.rom_func_addr_table_var)
 <LI><a href="#[42]">custs1_att_info_rsp_handler</a> from lto-llvm-0abb6c.o(.text.custs1_att_info_rsp_handler) referenced from lto-llvm-0abb6c.o(.rodata.custs1_default_state)
 <LI><a href="#[47]">custs1_cleanup</a> from lto-llvm-0abb6c.o(.text.custs1_cleanup) referenced from lto-llvm-0abb6c.o(.rodata.custs1_itf)
 <LI><a href="#[46]">custs1_create</a> from lto-llvm-0abb6c.o(.text.custs1_create) referenced from lto-llvm-0abb6c.o(.rodata.custs1_itf)
 <LI><a href="#[45]">custs1_destroy</a> from lto-llvm-0abb6c.o(.text.custs1_destroy) referenced from lto-llvm-0abb6c.o(.rodata.custs1_itf)
 <LI><a href="#[44]">custs1_init</a> from lto-llvm-0abb6c.o(.text.custs1_init) referenced from lto-llvm-0abb6c.o(.rodata.custs1_itf)
 <LI><a href="#[41]">custs1_val_ind_req_handler</a> from lto-llvm-0abb6c.o(.text.custs1_val_ind_req_handler) referenced from lto-llvm-0abb6c.o(.rodata.custs1_default_state)
 <LI><a href="#[3f]">custs1_val_ntf_req_handler</a> from lto-llvm-0abb6c.o(.text.custs1_val_ntf_req_handler) referenced from lto-llvm-0abb6c.o(.rodata.custs1_default_state)
 <LI><a href="#[40]">custs1_val_set_req_handler</a> from lto-llvm-0abb6c.o(.text.custs1_val_set_req_handler) referenced from lto-llvm-0abb6c.o(.rodata.custs1_default_state)
 <LI><a href="#[43]">custs1_value_req_rsp_handler</a> from lto-llvm-0abb6c.o(.text.custs1_value_req_rsp_handler) referenced from lto-llvm-0abb6c.o(.rodata.custs1_default_state)
 <LI><a href="#[a8]">dbg_init_func_empty</a> from lto-llvm-0abb6c.o(.text.dbg_init_func_empty) referenced from lto-llvm-0abb6c.o(.rodata.rom_func_addr_table_var)
 <LI><a href="#[a9]">dbg_platform_reset_complete_func_empty</a> from lto-llvm-0abb6c.o(.text.dbg_platform_reset_complete_func_empty) referenced from lto-llvm-0abb6c.o(.rodata.rom_func_addr_table_var)
 <LI><a href="#[be]">dia_rand_func</a> from lto-llvm-0abb6c.o(.text.dia_rand_func) referenced from lto-llvm-0abb6c.o(.rodata.rom_func_addr_table_var)
 <LI><a href="#[bf]">dia_srand_func</a> from lto-llvm-0abb6c.o(.text.dia_srand_func) referenced from lto-llvm-0abb6c.o(.rodata.rom_func_addr_table_var)
 <LI><a href="#[4e]">diss_cleanup</a> from lto-llvm-0abb6c.o(.text.diss_cleanup) referenced from lto-llvm-0abb6c.o(.rodata.diss_itf)
 <LI><a href="#[4d]">diss_create</a> from lto-llvm-0abb6c.o(.text.diss_create) referenced from lto-llvm-0abb6c.o(.rodata.diss_itf)
 <LI><a href="#[4c]">diss_destroy</a> from lto-llvm-0abb6c.o(.text.diss_destroy) referenced from lto-llvm-0abb6c.o(.rodata.diss_itf)
 <LI><a href="#[4b]">diss_init</a> from lto-llvm-0abb6c.o(.text.diss_init) referenced from lto-llvm-0abb6c.o(.rodata.diss_itf)
 <LI><a href="#[48]">diss_set_value_req_handler</a> from lto-llvm-0abb6c.o(.text.diss_set_value_req_handler) referenced from lto-llvm-0abb6c.o(.rodata.diss_default_state)
 <LI><a href="#[4a]">diss_value_cfm_handler</a> from lto-llvm-0abb6c.o(.text.diss_value_cfm_handler) referenced from lto-llvm-0abb6c.o(.rodata.diss_default_state)
 <LI><a href="#[2c]">diss_value_req_ind_handler</a> from lto-llvm-0abb6c.o(.text.diss_value_req_ind_handler) referenced from lto-llvm-0abb6c.o(.rodata.app_diss_process_handlers)
 <LI><a href="#[2f]">gapc_cmp_evt_handler_wrapper</a> from lto-llvm-0abb6c.o(.text.gapc_cmp_evt_handler_wrapper) referenced from lto-llvm-0abb6c.o(.rodata.app_gap_process_handlers)
 <LI><a href="#[30]">gapc_connection_req_ind_handler_wrapper</a> from lto-llvm-0abb6c.o(.text.gapc_connection_req_ind_handler_wrapper) referenced from lto-llvm-0abb6c.o(.rodata.app_gap_process_handlers)
 <LI><a href="#[31]">gapc_disconnect_ind_handler_wrapper</a> from lto-llvm-0abb6c.o(.text.gapc_disconnect_ind_handler_wrapper) referenced from lto-llvm-0abb6c.o(.rodata.app_gap_process_handlers)
 <LI><a href="#[32]">gapc_get_dev_info_req_ind_handler_wrapper</a> from lto-llvm-0abb6c.o(.text.gapc_get_dev_info_req_ind_handler_wrapper) referenced from lto-llvm-0abb6c.o(.rodata.app_gap_process_handlers)
 <LI><a href="#[37]">gapc_le_pkt_size_ind_handler_wrapper</a> from lto-llvm-0abb6c.o(.text.gapc_le_pkt_size_ind_handler_wrapper) referenced from lto-llvm-0abb6c.o(.rodata.app_gap_process_handlers)
 <LI><a href="#[b0]">gapc_lecb_connect_cfm_handler_func</a> from da14585_symbols.txt(ABSOLUTE) referenced from lto-llvm-0abb6c.o(.rodata.rom_func_addr_table_var)
 <LI><a href="#[36]">gapc_param_update_req_ind_handler_wrapper</a> from lto-llvm-0abb6c.o(.text.gapc_param_update_req_ind_handler_wrapper) referenced from lto-llvm-0abb6c.o(.rodata.app_gap_process_handlers)
 <LI><a href="#[39]">gapc_peer_features_ind_handler_wrapper</a> from lto-llvm-0abb6c.o(.text.gapc_peer_features_ind_handler_wrapper) referenced from lto-llvm-0abb6c.o(.rodata.app_gap_process_handlers)
 <LI><a href="#[33]">gapc_set_dev_info_req_ind_handler_wrapper</a> from lto-llvm-0abb6c.o(.text.gapc_set_dev_info_req_ind_handler_wrapper) referenced from lto-llvm-0abb6c.o(.rodata.app_gap_process_handlers)
 <LI><a href="#[35]">gapm_adv_report_ind_handler_wrapper</a> from lto-llvm-0abb6c.o(.text.gapm_adv_report_ind_handler_wrapper) referenced from lto-llvm-0abb6c.o(.rodata.app_gap_process_handlers)
 <LI><a href="#[71]">gapm_adv_sanity</a> from da14585_symbols.txt(ABSOLUTE) referenced from lto-llvm-0abb6c.o(.rodata.patch_orig_table)
 <LI><a href="#[2e]">gapm_cmp_evt_handler_wrapper</a> from lto-llvm-0abb6c.o(.text.gapm_cmp_evt_handler_wrapper) referenced from lto-llvm-0abb6c.o(.rodata.app_gap_process_handlers)
 <LI><a href="#[2d]">gapm_device_ready_ind_handler_wrapper</a> from lto-llvm-0abb6c.o(.text.gapm_device_ready_ind_handler_wrapper) referenced from lto-llvm-0abb6c.o(.rodata.app_gap_process_handlers)
 <LI><a href="#[6d]">gapm_get_ad_type_flag</a> from da14585_symbols.txt(ABSOLUTE) referenced from lto-llvm-0abb6c.o(.rodata.patch_orig_table)
 <LI><a href="#[34]">gapm_profile_added_ind_handler_wrapper</a> from lto-llvm-0abb6c.o(.text.gapm_profile_added_ind_handler_wrapper) referenced from lto-llvm-0abb6c.o(.rodata.app_gap_process_handlers)
 <LI><a href="#[3d]">gattc_att_info_req_ind_handler</a> from lto-llvm-0abb6c.o(.text.gattc_att_info_req_ind_handler) referenced from lto-llvm-0abb6c.o(.rodata.custs1_default_state)
 <LI><a href="#[3e]">gattc_cmp_evt_handler</a> from lto-llvm-0abb6c.o(.text.gattc_cmp_evt_handler) referenced from lto-llvm-0abb6c.o(.rodata.custs1_default_state)
 <LI><a href="#[49]">gattc_read_req_ind_handler</a> from lto-llvm-0abb6c.o(.text.gattc_read_req_ind_handler) referenced from lto-llvm-0abb6c.o(.rodata.diss_default_state)
 <LI><a href="#[3b]">gattc_read_req_ind_handler.86</a> from lto-llvm-0abb6c.o(.text.gattc_read_req_ind_handler.86) referenced from lto-llvm-0abb6c.o(.rodata.custs1_default_state)
 <LI><a href="#[38]">gattc_svc_changed_cfg_ind_handler_wrapper</a> from lto-llvm-0abb6c.o(.text.gattc_svc_changed_cfg_ind_handler_wrapper) referenced from lto-llvm-0abb6c.o(.rodata.app_gap_process_handlers)
 <LI><a href="#[3c]">gattc_write_req_ind_handler</a> from lto-llvm-0abb6c.o(.text.gattc_write_req_ind_handler) referenced from lto-llvm-0abb6c.o(.rodata.custs1_default_state)
 <LI><a href="#[82]">gtl_eif_init_func</a> from da14585_symbols.txt(ABSOLUTE) referenced from lto-llvm-0abb6c.o(.rodata.rom_func_addr_table_var)
 <LI><a href="#[84]">gtl_eif_read_hdr_func</a> from da14585_symbols.txt(ABSOLUTE) referenced from lto-llvm-0abb6c.o(.rodata.rom_func_addr_table_var)
 <LI><a href="#[85]">gtl_eif_read_payl_func</a> from da14585_symbols.txt(ABSOLUTE) referenced from lto-llvm-0abb6c.o(.rodata.rom_func_addr_table_var)
 <LI><a href="#[83]">gtl_eif_read_start_func</a> from da14585_symbols.txt(ABSOLUTE) referenced from lto-llvm-0abb6c.o(.rodata.rom_func_addr_table_var)
 <LI><a href="#[87]">gtl_eif_rx_done_func</a> from da14585_symbols.txt(ABSOLUTE) referenced from lto-llvm-0abb6c.o(.rodata.rom_func_addr_table_var)
 <LI><a href="#[86]">gtl_eif_tx_done_func</a> from da14585_symbols.txt(ABSOLUTE) referenced from lto-llvm-0abb6c.o(.rodata.rom_func_addr_table_var)
 <LI><a href="#[81]">gtl_init_func</a> from da14585_symbols.txt(ABSOLUTE) referenced from lto-llvm-0abb6c.o(.rodata.rom_func_addr_table_var)
 <LI><a href="#[88]">h4tl_init_func</a> from da14585_symbols.txt(ABSOLUTE) referenced from lto-llvm-0abb6c.o(.rodata.rom_func_addr_table_var)
 <LI><a href="#[8d]">h4tl_out_of_sync_func</a> from da14585_symbols.txt(ABSOLUTE) referenced from lto-llvm-0abb6c.o(.rodata.rom_func_addr_table_var)
 <LI><a href="#[8a]">h4tl_read_hdr_func</a> from da14585_symbols.txt(ABSOLUTE) referenced from lto-llvm-0abb6c.o(.rodata.rom_func_addr_table_var)
 <LI><a href="#[8c]">h4tl_read_next_out_of_sync_func</a> from da14585_symbols.txt(ABSOLUTE) referenced from lto-llvm-0abb6c.o(.rodata.rom_func_addr_table_var)
 <LI><a href="#[8b]">h4tl_read_payl_func</a> from da14585_symbols.txt(ABSOLUTE) referenced from lto-llvm-0abb6c.o(.rodata.rom_func_addr_table_var)
 <LI><a href="#[89]">h4tl_read_start_func</a> from da14585_symbols.txt(ABSOLUTE) referenced from lto-llvm-0abb6c.o(.rodata.rom_func_addr_table_var)
 <LI><a href="#[8f]">h4tl_rx_done_func</a> from da14585_symbols.txt(ABSOLUTE) referenced from lto-llvm-0abb6c.o(.rodata.rom_func_addr_table_var)
 <LI><a href="#[8e]">h4tl_tx_done_func</a> from da14585_symbols.txt(ABSOLUTE) referenced from lto-llvm-0abb6c.o(.rodata.rom_func_addr_table_var)
 <LI><a href="#[aa]">hci_rd_local_supp_feats_cmd_handler_func</a> from da14585_symbols.txt(ABSOLUTE) referenced from lto-llvm-0abb6c.o(.rodata.rom_func_addr_table_var)
 <LI><a href="#[1b]">i2c_write_byte</a> from lto-llvm-0abb6c.o(.text.i2c_write_byte) referenced from lto-llvm-0abb6c.o(.text.oled_send_cmd)
 <LI><a href="#[90]">ke_task_init_func</a> from da14585_symbols.txt(ABSOLUTE) referenced from lto-llvm-0abb6c.o(.rodata.rom_func_addr_table_var)
 <LI><a href="#[91]">ke_timer_init_func</a> from da14585_symbols.txt(ABSOLUTE) referenced from lto-llvm-0abb6c.o(.rodata.rom_func_addr_table_var)
 <LI><a href="#[ae]">l2c_process_sdu_func</a> from da14585_symbols.txt(ABSOLUTE) referenced from lto-llvm-0abb6c.o(.rodata.rom_func_addr_table_var)
 <LI><a href="#[ad]">l2c_send_lecb_message_func</a> from da14585_symbols.txt(ABSOLUTE) referenced from lto-llvm-0abb6c.o(.rodata.rom_func_addr_table_var)
 <LI><a href="#[ab]">l2cc_pdu_pack_func</a> from da14585_symbols.txt(ABSOLUTE) referenced from lto-llvm-0abb6c.o(.rodata.rom_func_addr_table_var)
 <LI><a href="#[27]">led_auto_off_timer_cb</a> from lto-llvm-0abb6c.o(.text.led_auto_off_timer_cb) referenced from lto-llvm-0abb6c.o(.text.user_catch_rest_hndl)
 <LI><a href="#[72]">llc_ch_map_req_ind</a> from da14585_symbols.txt(ABSOLUTE) referenced from lto-llvm-0abb6c.o(.rodata.patch_orig_table)
 <LI><a href="#[ba]">llc_le_length_conn_init_func</a> from da14585_symbols.txt(ABSOLUTE) referenced from lto-llvm-0abb6c.o(.rodata.rom_func_addr_table_var)
 <LI><a href="#[bd]">llc_pdu_send_func</a> from da14585_symbols.txt(ABSOLUTE) referenced from lto-llvm-0abb6c.o(.rodata.rom_func_addr_table_var)
 <LI><a href="#[6e]">llc_util_gen_skdx</a> from da14585_symbols.txt(ABSOLUTE) referenced from lto-llvm-0abb6c.o(.rodata.patch_orig_table)
 <LI><a href="#[bc]">lld_data_tx_check_func</a> from da14585_symbols.txt(ABSOLUTE) referenced from lto-llvm-0abb6c.o(.rodata.rom_func_addr_table_var)
 <LI><a href="#[bb]">lld_data_tx_prog_func</a> from da14585_symbols.txt(ABSOLUTE) referenced from lto-llvm-0abb6c.o(.rodata.rom_func_addr_table_var)
 <LI><a href="#[6f]">lld_evt_move_to_master</a> from da14585_symbols.txt(ABSOLUTE) referenced from lto-llvm-0abb6c.o(.rodata.patch_orig_table)
 <LI><a href="#[99]">lld_sleep_compensate_func</a> from lto-llvm-0abb6c.o(.text.lld_sleep_compensate_func) referenced from lto-llvm-0abb6c.o(.rodata.rom_func_addr_table_var)
 <LI><a href="#[9a]">lld_sleep_init_func</a> from lto-llvm-0abb6c.o(.text.lld_sleep_init_func) referenced from lto-llvm-0abb6c.o(.rodata.rom_func_addr_table_var)
 <LI><a href="#[9c]">lld_sleep_lpcycles_2_us_sel_func</a> from lto-llvm-0abb6c.o(.text.lld_sleep_lpcycles_2_us_sel_func) referenced from lto-llvm-0abb6c.o(.rodata.rom_func_addr_table_var)
 <LI><a href="#[9b]">lld_sleep_us_2_lpcycles_sel_func</a> from lto-llvm-0abb6c.o(.text.lld_sleep_us_2_lpcycles_sel_func) referenced from lto-llvm-0abb6c.o(.rodata.rom_func_addr_table_var)
 <LI><a href="#[9f]">lld_test_mode_rx_func</a> from da14585_symbols.txt(ABSOLUTE) referenced from lto-llvm-0abb6c.o(.rodata.rom_func_addr_table_var)
 <LI><a href="#[9e]">lld_test_mode_tx_func</a> from da14585_symbols.txt(ABSOLUTE) referenced from lto-llvm-0abb6c.o(.rodata.rom_func_addr_table_var)
 <LI><a href="#[9d]">lld_test_stop_func</a> from da14585_symbols.txt(ABSOLUTE) referenced from lto-llvm-0abb6c.o(.rodata.rom_func_addr_table_var)
 <LI><a href="#[70]">llm_adv_report_set</a> from da14585_symbols.txt(ABSOLUTE) referenced from lto-llvm-0abb6c.o(.rodata.patch_orig_table)
 <LI><a href="#[73]">llm_con_req_ind</a> from da14585_symbols.txt(ABSOLUTE) referenced from lto-llvm-0abb6c.o(.rodata.patch_orig_table)
 <LI><a href="#[b7]">llm_create_p256_key_func</a> from patch.o(.text) referenced from lto-llvm-0abb6c.o(.rodata.rom_func_addr_table_var)
 <LI><a href="#[92]">llm_encryption_done_func</a> from da14585_symbols.txt(ABSOLUTE) referenced from lto-llvm-0abb6c.o(.rodata.rom_func_addr_table_var)
 <LI><a href="#[b4]">llm_le_adv_report_ind_func</a> from da14585_symbols.txt(ABSOLUTE) referenced from lto-llvm-0abb6c.o(.rodata.rom_func_addr_table_var)
 <LI><a href="#[b8]">llm_p256_req_handler_func</a> from patch.o(.text) referenced from lto-llvm-0abb6c.o(.rodata.rom_func_addr_table_var)
 <LI><a href="#[b6]">llm_p256_start_func</a> from da14585_symbols.txt(ABSOLUTE) referenced from lto-llvm-0abb6c.o(.rodata.rom_func_addr_table_var)
 <LI><a href="#[10]">main</a> from lto-llvm-0abb6c.o(.text.main) referenced from entry9a.o(.ARM.Collect$$$$0000000B)
 <LI><a href="#[c1]">modulationGainCalibration_func</a> from da14585_symbols.txt(ABSOLUTE) referenced from lto-llvm-0abb6c.o(.rodata.rom_func_addr_table_var)
 <LI><a href="#[95]">nvds_del_func</a> from lto-llvm-0abb6c.o(.text.nvds_del_func) referenced from lto-llvm-0abb6c.o(.rodata.rom_func_addr_table_var)
 <LI><a href="#[93]">nvds_get_func</a> from lto-llvm-0abb6c.o(.text.nvds_get_func) referenced from lto-llvm-0abb6c.o(.rodata.rom_func_addr_table_var)
 <LI><a href="#[96]">nvds_init_func</a> from lto-llvm-0abb6c.o(.text.nvds_init_func) referenced from lto-llvm-0abb6c.o(.rodata.rom_func_addr_table_var)
 <LI><a href="#[94]">nvds_put_func</a> from lto-llvm-0abb6c.o(.text.nvds_put_func) referenced from lto-llvm-0abb6c.o(.rodata.rom_func_addr_table_var)
 <LI><a href="#[1d]">oled_send_cmd</a> from lto-llvm-0abb6c.o(.text.oled_send_cmd) referenced from lto-llvm-0abb6c.o(.text.periph_init)
 <LI><a href="#[19]">param_update_request_timer_cb</a> from lto-llvm-0abb6c.o(.text.param_update_request_timer_cb) referenced from lto-llvm-0abb6c.o(.text.gapc_connection_req_ind_handler_wrapper)
 <LI><a href="#[98]">platform_reset_func</a> from lto-llvm-0abb6c.o(.text.platform_reset_func) referenced from lto-llvm-0abb6c.o(.rodata.rom_func_addr_table_var)
 <LI><a href="#[a3]">prf_add_profile_func</a> from lto-llvm-0abb6c.o(.text.prf_add_profile_func) referenced from lto-llvm-0abb6c.o(.rodata.rom_func_addr_table_var)
 <LI><a href="#[a5]">prf_cleanup_func</a> from lto-llvm-0abb6c.o(.text.prf_cleanup_func) referenced from lto-llvm-0abb6c.o(.rodata.rom_func_addr_table_var)
 <LI><a href="#[a4]">prf_create_func</a> from lto-llvm-0abb6c.o(.text.prf_create_func) referenced from lto-llvm-0abb6c.o(.rodata.rom_func_addr_table_var)
 <LI><a href="#[a6]">prf_get_id_from_task_func</a> from lto-llvm-0abb6c.o(.text.prf_get_id_from_task_func) referenced from lto-llvm-0abb6c.o(.rodata.rom_func_addr_table_var)
 <LI><a href="#[a7]">prf_get_task_from_id_func</a> from lto-llvm-0abb6c.o(.text.prf_get_task_from_id_func) referenced from lto-llvm-0abb6c.o(.rodata.rom_func_addr_table_var)
 <LI><a href="#[a2]">prf_init_func</a> from lto-llvm-0abb6c.o(.text.prf_init_func) referenced from lto-llvm-0abb6c.o(.rodata.rom_func_addr_table_var)
 <LI><a href="#[25]">rf_force_agc_enable</a> from lto-llvm-0abb6c.o(.text.rf_force_agc_enable) referenced from lto-llvm-0abb6c.o(.text.rf_init_func)
 <LI><a href="#[78]">rf_init_func</a> from lto-llvm-0abb6c.o(.text.rf_init_func) referenced from lto-llvm-0abb6c.o(.rodata.rom_func_addr_table_var)
 <LI><a href="#[1f]">rf_reg_rd</a> from lto-llvm-0abb6c.o(.text.rf_reg_rd) referenced from lto-llvm-0abb6c.o(.text.rf_init_func)
 <LI><a href="#[1e]">rf_reg_wr</a> from lto-llvm-0abb6c.o(.text.rf_reg_wr) referenced from lto-llvm-0abb6c.o(.text.rf_init_func)
 <LI><a href="#[79]">rf_reinit_func</a> from lto-llvm-0abb6c.o(.text.rf_reinit_func) referenced from lto-llvm-0abb6c.o(.rodata.rom_func_addr_table_var)
 <LI><a href="#[23]">rf_reset</a> from lto-llvm-0abb6c.o(.text.rf_reset) referenced from lto-llvm-0abb6c.o(.text.rf_init_func)
 <LI><a href="#[24]">rf_rssi_convert</a> from lto-llvm-0abb6c.o(.text.rf_rssi_convert) referenced from lto-llvm-0abb6c.o(.text.rf_init_func)
 <LI><a href="#[20]">rf_sleep</a> from lto-llvm-0abb6c.o(.text.rf_sleep) referenced from lto-llvm-0abb6c.o(.text.rf_init_func)
 <LI><a href="#[21]">rf_txpwr_dbm_get</a> from lto-llvm-0abb6c.o(.text.rf_txpwr_dbm_get) referenced from lto-llvm-0abb6c.o(.text.rf_init_func)
 <LI><a href="#[5]">rwble_isr</a> from lto-llvm-0abb6c.o(.text.rwble_isr) referenced from lto-llvm-0abb6c.o(RESET)
 <LI><a href="#[97]">rwip_eif_get_func</a> from da14585_symbols.txt(ABSOLUTE) referenced from lto-llvm-0abb6c.o(.rodata.rom_func_addr_table_var)
 <LI><a href="#[6b]">smpc_check_key_distrib</a> from da14585_symbols.txt(ABSOLUTE) referenced from lto-llvm-0abb6c.o(.rodata.patch_orig_table)
 <LI><a href="#[a0]">smpc_check_param_func</a> from da14585_symbols.txt(ABSOLUTE) referenced from lto-llvm-0abb6c.o(.rodata.rom_func_addr_table_var)
 <LI><a href="#[6c]">smpc_construct_id_addr_info_pdu</a> from da14585_symbols.txt(ABSOLUTE) referenced from lto-llvm-0abb6c.o(.rodata.patch_orig_table)
 <LI><a href="#[c5]">smpc_dhkey_calc_ind_func</a> from da14585_symbols.txt(ABSOLUTE) referenced from lto-llvm-0abb6c.o(.rodata.rom_func_addr_table_var)
 <LI><a href="#[69]">smpc_dhkey_calc_start</a> from da14585_symbols.txt(ABSOLUTE) referenced from lto-llvm-0abb6c.o(.rodata.patch_orig_table)
 <LI><a href="#[6a]">smpc_is_sec_mode_reached</a> from da14585_symbols.txt(ABSOLUTE) referenced from lto-llvm-0abb6c.o(.rodata.patch_orig_table)
 <LI><a href="#[a1]">smpc_pdu_recv_func</a> from da14585_symbols.txt(ABSOLUTE) referenced from lto-llvm-0abb6c.o(.rodata.rom_func_addr_table_var)
 <LI><a href="#[76]">smpc_pdu_send</a> from da14585_symbols.txt(ABSOLUTE) referenced from lto-llvm-0abb6c.o(.rodata.patch_orig_table)
 <LI><a href="#[c4]">smpc_public_key_exchange_start_func</a> from da14585_symbols.txt(ABSOLUTE) referenced from lto-llvm-0abb6c.o(.rodata.rom_func_addr_table_var)
 <LI><a href="#[74]">smpc_recv_pair_rand_pdu</a> from da14585_symbols.txt(ABSOLUTE) referenced from lto-llvm-0abb6c.o(.rodata.patch_orig_table)
 <LI><a href="#[75]">smpc_recv_public_key_exchange_pdu</a> from da14585_symbols.txt(ABSOLUTE) referenced from lto-llvm-0abb6c.o(.rodata.patch_orig_table)
 <LI><a href="#[c6]">smpm_ecdh_key_create_empty_func</a> from lto-llvm-0abb6c.o(.text.smpm_ecdh_key_create_empty_func) referenced from lto-llvm-0abb6c.o(.rodata.rom_func_addr_table_var)
 <LI><a href="#[26]">tap_eval_timer_cb</a> from lto-llvm-0abb6c.o(.text.tap_eval_timer_cb) referenced from lto-llvm-0abb6c.o(.text.touch_button_press_cb)
 <LI><a href="#[17]">timer_canceled_handler</a> from lto-llvm-0abb6c.o(.text.timer_canceled_handler) referenced from lto-llvm-0abb6c.o(.text.app_timer_api_process_handler)
 <LI><a href="#[16]">timer_modified_handler</a> from lto-llvm-0abb6c.o(.text.timer_modified_handler) referenced from lto-llvm-0abb6c.o(.text.app_timer_api_process_handler)
 <LI><a href="#[1a]">touch_button_press_cb</a> from lto-llvm-0abb6c.o(.text.touch_button_press_cb) referenced from lto-llvm-0abb6c.o(.text.main)
 <LI><a href="#[1a]">touch_button_press_cb</a> from lto-llvm-0abb6c.o(.text.touch_button_press_cb) referenced from lto-llvm-0abb6c.o(.text.touch_button_press_cb)
 <LI><a href="#[28]">touch_clear_cb</a> from lto-llvm-0abb6c.o(.text.touch_clear_cb) referenced from lto-llvm-0abb6c.o(.text.user_catch_rest_hndl)
 <LI><a href="#[7d]">uart_finish_transfers_func</a> from da14585_symbols.txt(ABSOLUTE) referenced from lto-llvm-0abb6c.o(.rodata.rom_func_addr_table_var)
 <LI><a href="#[7c]">uart_flow_off_func</a> from da14585_symbols.txt(ABSOLUTE) referenced from lto-llvm-0abb6c.o(.rodata.rom_func_addr_table_var)
 <LI><a href="#[7b]">uart_flow_on_func</a> from da14585_symbols.txt(ABSOLUTE) referenced from lto-llvm-0abb6c.o(.rodata.rom_func_addr_table_var)
 <LI><a href="#[7a]">uart_init_func</a> from da14585_symbols.txt(ABSOLUTE) referenced from lto-llvm-0abb6c.o(.rodata.rom_func_addr_table_var)
 <LI><a href="#[7e]">uart_read_func</a> from da14585_symbols.txt(ABSOLUTE) referenced from lto-llvm-0abb6c.o(.rodata.rom_func_addr_table_var)
 <LI><a href="#[7f]">uart_write_func</a> from da14585_symbols.txt(ABSOLUTE) referenced from lto-llvm-0abb6c.o(.rodata.rom_func_addr_table_var)
</UL>
<P>
<H3>
Global Symbols
</H3>
<P><STRONG><a name="[97]"></a>rwip_eif_get_func</STRONG> (Thumb, 0 bytes, Stack size 0 bytes, da14585_symbols.txt(ABSOLUTE), UNUSED)
<BR>[Address Reference Count : 1]<UL><LI> lto-llvm-0abb6c.o(.rodata.rom_func_addr_table_var)
</UL>
<P><STRONG><a name="[169]"></a>ble_init</STRONG> (Thumb, 0 bytes, Stack size 0 bytes, da14585_symbols.txt(ABSOLUTE))
<BR><BR>[Called By]<UL><LI><a href="#[10]">&gt;&gt;</a>&nbsp;&nbsp;&nbsp;main
</UL>

<P><STRONG><a name="[172]"></a>ble_regs_push</STRONG> (Thumb, 0 bytes, Stack size 0 bytes, da14585_symbols.txt(ABSOLUTE))
<BR><BR>[Called By]<UL><LI><a href="#[10]">&gt;&gt;</a>&nbsp;&nbsp;&nbsp;main
</UL>

<P><STRONG><a name="[12b]"></a>ble_regs_pop</STRONG> (Thumb, 0 bytes, Stack size 0 bytes, da14585_symbols.txt(ABSOLUTE))
<BR><BR>[Called By]<UL><LI><a href="#[4]">&gt;&gt;</a>&nbsp;&nbsp;&nbsp;BLE_WAKEUP_LP_Handler
</UL>

<P><STRONG><a name="[17e]"></a>rf_reinit</STRONG> (Thumb, 0 bytes, Stack size 0 bytes, da14585_symbols.txt(ABSOLUTE))
<BR><BR>[Called By]<UL><LI><a href="#[5]">&gt;&gt;</a>&nbsp;&nbsp;&nbsp;rwble_isr
</UL>

<P><STRONG><a name="[120]"></a>smpc_check_param</STRONG> (Thumb, 0 bytes, Stack size 0 bytes, da14585_symbols.txt(ABSOLUTE), UNUSED)
<BR><BR>[Called By]<UL><LI><a href="#[11f]">&gt;&gt;</a>&nbsp;&nbsp;&nbsp;JT_smpc_pdu_recv_func
</UL>

<P><STRONG><a name="[ff]"></a>smpc_pdu_recv</STRONG> (Thumb, 0 bytes, Stack size 0 bytes, da14585_symbols.txt(ABSOLUTE))
<BR><BR>[Called By]<UL><LI><a href="#[af]">&gt;&gt;</a>&nbsp;&nbsp;&nbsp;JT_l2cc_pdu_recv_ind_handler_func
</UL>

<P><STRONG><a name="[6]"></a>UART_Handler</STRONG> (Thumb, 0 bytes, Stack size 0 bytes, da14585_symbols.txt(ABSOLUTE), UNUSED)
<BR>[Address Reference Count : 1]<UL><LI> lto-llvm-0abb6c.o(RESET)
</UL>
<P><STRONG><a name="[f0]"></a>platform_reset</STRONG> (Thumb, 0 bytes, Stack size 0 bytes, da14585_symbols.txt(ABSOLUTE))
<BR><BR>[Called By]<UL><LI><a href="#[52]">&gt;&gt;</a>&nbsp;&nbsp;&nbsp;PATCHED_gapm_reset_cmd_handler
</UL>

<P><STRONG><a name="[137]"></a>prf_get_task_from_id</STRONG> (Thumb, 0 bytes, Stack size 0 bytes, da14585_symbols.txt(ABSOLUTE))
<BR><BR>[Called By]<UL><LI><a href="#[136]">&gt;&gt;</a>&nbsp;&nbsp;&nbsp;app_batt_send_telemetry_ntf
</UL>

<P><STRONG><a name="[f7]"></a>l2cc_pdu_unpack</STRONG> (Thumb, 0 bytes, Stack size 0 bytes, da14585_symbols.txt(ABSOLUTE))
<BR><BR>[Called By]<UL><LI><a href="#[50]">&gt;&gt;</a>&nbsp;&nbsp;&nbsp;PATCHED_hci_acl_data_rx_handler
</UL>

<P><STRONG><a name="[fb]"></a>l2c_send_lecb_message</STRONG> (Thumb, 0 bytes, Stack size 0 bytes, da14585_symbols.txt(ABSOLUTE))
<BR><BR>[Called By]<UL><LI><a href="#[50]">&gt;&gt;</a>&nbsp;&nbsp;&nbsp;PATCHED_hci_acl_data_rx_handler
</UL>

<P><STRONG><a name="[f9]"></a>l2c_process_sdu</STRONG> (Thumb, 0 bytes, Stack size 0 bytes, da14585_symbols.txt(ABSOLUTE))
<BR><BR>[Called By]<UL><LI><a href="#[50]">&gt;&gt;</a>&nbsp;&nbsp;&nbsp;PATCHED_hci_acl_data_rx_handler
</UL>

<P><STRONG><a name="[e4]"></a>PK_PointMult</STRONG> (Thumb, 0 bytes, Stack size 0 bytes, da14585_symbols.txt(ABSOLUTE))
<BR><BR>[Called By]<UL><LI><a href="#[b7]">&gt;&gt;</a>&nbsp;&nbsp;&nbsp;llm_create_p256_key_func
</UL>

<P><STRONG><a name="[ec]"></a>llm_p256_start</STRONG> (Thumb, 0 bytes, Stack size 0 bytes, da14585_symbols.txt(ABSOLUTE))
<BR><BR>[Called By]<UL><LI><a href="#[b8]">&gt;&gt;</a>&nbsp;&nbsp;&nbsp;llm_p256_req_handler_func
</UL>

<P><STRONG><a name="[e7]"></a>llm_create_p256_key</STRONG> (Thumb, 0 bytes, Stack size 0 bytes, da14585_symbols.txt(ABSOLUTE))
<BR><BR>[Called By]<UL><LI><a href="#[b8]">&gt;&gt;</a>&nbsp;&nbsp;&nbsp;llm_p256_req_handler_func
</UL>

<P><STRONG><a name="[d6]"></a>dia_rand</STRONG> (Thumb, 0 bytes, Stack size 0 bytes, da14585_symbols.txt(ABSOLUTE))
<BR><BR>[Called By]<UL><LI><a href="#[5c]">&gt;&gt;</a>&nbsp;&nbsp;&nbsp;PATCHED_llc_util_gen_skdx
<LI><a href="#[c0]">&gt;&gt;</a>&nbsp;&nbsp;&nbsp;ba431_get_rand_func
</UL>

<P><STRONG><a name="[e3]"></a>ba431_get_rand</STRONG> (Thumb, 0 bytes, Stack size 0 bytes, da14585_symbols.txt(ABSOLUTE))
<BR><BR>[Called By]<UL><LI><a href="#[b7]">&gt;&gt;</a>&nbsp;&nbsp;&nbsp;llm_create_p256_key_func
</UL>

<P><STRONG><a name="[125]"></a>modulationGainCalibration</STRONG> (Thumb, 0 bytes, Stack size 0 bytes, da14585_symbols.txt(ABSOLUTE))
<BR><BR>[Called By]<UL><LI><a href="#[122]">&gt;&gt;</a>&nbsp;&nbsp;&nbsp;rf_calibration_585
</UL>

<P><STRONG><a name="[123]"></a>DCoffsetCalibration</STRONG> (Thumb, 0 bytes, Stack size 0 bytes, da14585_symbols.txt(ABSOLUTE))
<BR><BR>[Called By]<UL><LI><a href="#[122]">&gt;&gt;</a>&nbsp;&nbsp;&nbsp;rf_calibration_585
<LI><a href="#[10]">&gt;&gt;</a>&nbsp;&nbsp;&nbsp;main
</UL>

<P><STRONG><a name="[124]"></a>PllLF_IFF_MIX_CapCalibration</STRONG> (Thumb, 0 bytes, Stack size 0 bytes, da14585_symbols.txt(ABSOLUTE))
<BR><BR>[Called By]<UL><LI><a href="#[122]">&gt;&gt;</a>&nbsp;&nbsp;&nbsp;rf_calibration_585
<LI><a href="#[10]">&gt;&gt;</a>&nbsp;&nbsp;&nbsp;main
</UL>

<P><STRONG><a name="[f1]"></a>smpm_ecdh_key_create</STRONG> (Thumb, 0 bytes, Stack size 0 bytes, da14585_symbols.txt(ABSOLUTE))
<BR><BR>[Called By]<UL><LI><a href="#[52]">&gt;&gt;</a>&nbsp;&nbsp;&nbsp;PATCHED_gapm_reset_cmd_handler
</UL>

<P><STRONG><a name="[fc]"></a>co_buf_rx_free</STRONG> (Thumb, 0 bytes, Stack size 0 bytes, da14585_symbols.txt(ABSOLUTE))
<BR><BR>[Called By]<UL><LI><a href="#[54]">&gt;&gt;</a>&nbsp;&nbsp;&nbsp;PATCHED_llc_data_ind_handler
<LI><a href="#[50]">&gt;&gt;</a>&nbsp;&nbsp;&nbsp;PATCHED_hci_acl_data_rx_handler
</UL>

<P><STRONG><a name="[d8]"></a>co_buf_rx_buffer_get</STRONG> (Thumb, 0 bytes, Stack size 0 bytes, da14585_symbols.txt(ABSOLUTE))
<BR><BR>[Called By]<UL><LI><a href="#[5e]">&gt;&gt;</a>&nbsp;&nbsp;&nbsp;PATCHED_llm_adv_report_set
<LI><a href="#[61]">&gt;&gt;</a>&nbsp;&nbsp;&nbsp;PATCHED_llm_con_req_ind
<LI><a href="#[50]">&gt;&gt;</a>&nbsp;&nbsp;&nbsp;PATCHED_hci_acl_data_rx_handler
</UL>

<P><STRONG><a name="[14b]"></a>co_list_init</STRONG> (Thumb, 0 bytes, Stack size 0 bytes, da14585_symbols.txt(ABSOLUTE))
<BR><BR>[Called By]<UL><LI><a href="#[44]">&gt;&gt;</a>&nbsp;&nbsp;&nbsp;custs1_init
<LI><a href="#[4b]">&gt;&gt;</a>&nbsp;&nbsp;&nbsp;diss_init
</UL>

<P><STRONG><a name="[ea]"></a>co_list_pop_front</STRONG> (Thumb, 0 bytes, Stack size 0 bytes, da14585_symbols.txt(ABSOLUTE))
<BR><BR>[Called By]<UL><LI><a href="#[b8]">&gt;&gt;</a>&nbsp;&nbsp;&nbsp;llm_p256_req_handler_func
<LI><a href="#[45]">&gt;&gt;</a>&nbsp;&nbsp;&nbsp;custs1_destroy
<LI><a href="#[4c]">&gt;&gt;</a>&nbsp;&nbsp;&nbsp;diss_destroy
</UL>

<P><STRONG><a name="[f8]"></a>co_list_push_back</STRONG> (Thumb, 0 bytes, Stack size 0 bytes, da14585_symbols.txt(ABSOLUTE))
<BR><BR>[Called By]<UL><LI><a href="#[50]">&gt;&gt;</a>&nbsp;&nbsp;&nbsp;PATCHED_hci_acl_data_rx_handler
<LI><a href="#[141]">&gt;&gt;</a>&nbsp;&nbsp;&nbsp;custs1_att_set_value
<LI><a href="#[48]">&gt;&gt;</a>&nbsp;&nbsp;&nbsp;diss_set_value_req_handler
</UL>

<P><STRONG><a name="[142]"></a>co_list_extract</STRONG> (Thumb, 0 bytes, Stack size 0 bytes, da14585_symbols.txt(ABSOLUTE))
<BR><BR>[Called By]<UL><LI><a href="#[141]">&gt;&gt;</a>&nbsp;&nbsp;&nbsp;custs1_att_set_value
<LI><a href="#[48]">&gt;&gt;</a>&nbsp;&nbsp;&nbsp;diss_set_value_req_handler
</UL>

<P><STRONG><a name="[ba]"></a>llc_le_length_conn_init_func</STRONG> (Thumb, 0 bytes, Stack size 0 bytes, da14585_symbols.txt(ABSOLUTE), UNUSED)
<BR>[Address Reference Count : 1]<UL><LI> lto-llvm-0abb6c.o(.rodata.rom_func_addr_table_var)
</UL>
<P><STRONG><a name="[117]"></a>llc_start</STRONG> (Thumb, 0 bytes, Stack size 0 bytes, da14585_symbols.txt(ABSOLUTE))
<BR><BR>[Called By]<UL><LI><a href="#[61]">&gt;&gt;</a>&nbsp;&nbsp;&nbsp;PATCHED_llm_con_req_ind
</UL>

<P><STRONG><a name="[10b]"></a>llc_common_enc_key_ref_comp_evt_send</STRONG> (Thumb, 0 bytes, Stack size 0 bytes, da14585_symbols.txt(ABSOLUTE))
<BR><BR>[Called By]<UL><LI><a href="#[54]">&gt;&gt;</a>&nbsp;&nbsp;&nbsp;PATCHED_llc_data_ind_handler
</UL>

<P><STRONG><a name="[10c]"></a>llc_common_enc_change_evt_send</STRONG> (Thumb, 0 bytes, Stack size 0 bytes, da14585_symbols.txt(ABSOLUTE))
<BR><BR>[Called By]<UL><LI><a href="#[54]">&gt;&gt;</a>&nbsp;&nbsp;&nbsp;PATCHED_llc_data_ind_handler
</UL>

<P><STRONG><a name="[102]"></a>llc_map_update_ind</STRONG> (Thumb, 0 bytes, Stack size 0 bytes, da14585_symbols.txt(ABSOLUTE))
<BR><BR>[Called By]<UL><LI><a href="#[60]">&gt;&gt;</a>&nbsp;&nbsp;&nbsp;PATCHED_llc_ch_map_req_ind
</UL>

<P><STRONG><a name="[bd]"></a>llc_pdu_send_func</STRONG> (Thumb, 0 bytes, Stack size 0 bytes, da14585_symbols.txt(ABSOLUTE), UNUSED)
<BR>[Address Reference Count : 1]<UL><LI> lto-llvm-0abb6c.o(.rodata.rom_func_addr_table_var)
</UL>
<P><STRONG><a name="[d0]"></a>llc_length_rsp_pdu_send</STRONG> (Thumb, 0 bytes, Stack size 0 bytes, da14585_symbols.txt(ABSOLUTE))
<BR><BR>[Called By]<UL><LI><a href="#[4f]">&gt;&gt;</a>&nbsp;&nbsp;&nbsp;PATCHED_llcp_length_req_handler
</UL>

<P><STRONG><a name="[d1]"></a>llc_length_ind</STRONG> (Thumb, 0 bytes, Stack size 0 bytes, da14585_symbols.txt(ABSOLUTE))
<BR><BR>[Called By]<UL><LI><a href="#[4f]">&gt;&gt;</a>&nbsp;&nbsp;&nbsp;PATCHED_llcp_length_req_handler
<LI><a href="#[51]">&gt;&gt;</a>&nbsp;&nbsp;&nbsp;PATCHED_llcp_length_rsp_handler
</UL>

<P><STRONG><a name="[72]"></a>llc_ch_map_req_ind</STRONG> (Thumb, 0 bytes, Stack size 0 bytes, da14585_symbols.txt(ABSOLUTE), UNUSED)
<BR>[Address Reference Count : 1]<UL><LI> lto-llvm-0abb6c.o(.rodata.patch_orig_table)
</UL>
<P><STRONG><a name="[10d]"></a>llc_util_get_free_conhdl</STRONG> (Thumb, 0 bytes, Stack size 0 bytes, da14585_symbols.txt(ABSOLUTE))
<BR><BR>[Called By]<UL><LI><a href="#[61]">&gt;&gt;</a>&nbsp;&nbsp;&nbsp;PATCHED_llm_con_req_ind
</UL>

<P><STRONG><a name="[cf]"></a>llc_util_dicon_procedure</STRONG> (Thumb, 0 bytes, Stack size 0 bytes, da14585_symbols.txt(ABSOLUTE))
<BR><BR>[Called By]<UL><LI><a href="#[4f]">&gt;&gt;</a>&nbsp;&nbsp;&nbsp;PATCHED_llcp_length_req_handler
<LI><a href="#[51]">&gt;&gt;</a>&nbsp;&nbsp;&nbsp;PATCHED_llcp_length_rsp_handler
<LI><a href="#[54]">&gt;&gt;</a>&nbsp;&nbsp;&nbsp;PATCHED_llc_data_ind_handler
</UL>

<P><STRONG><a name="[6e]"></a>llc_util_gen_skdx</STRONG> (Thumb, 0 bytes, Stack size 0 bytes, da14585_symbols.txt(ABSOLUTE), UNUSED)
<BR>[Address Reference Count : 1]<UL><LI> lto-llvm-0abb6c.o(.rodata.patch_orig_table)
</UL>
<P><STRONG><a name="[118]"></a>llc_util_update_channel_map</STRONG> (Thumb, 0 bytes, Stack size 0 bytes, da14585_symbols.txt(ABSOLUTE))
<BR><BR>[Called By]<UL><LI><a href="#[61]">&gt;&gt;</a>&nbsp;&nbsp;&nbsp;PATCHED_llm_con_req_ind
</UL>

<P><STRONG><a name="[10a]"></a>lld_get_mode</STRONG> (Thumb, 0 bytes, Stack size 0 bytes, da14585_symbols.txt(ABSOLUTE))
<BR><BR>[Called By]<UL><LI><a href="#[54]">&gt;&gt;</a>&nbsp;&nbsp;&nbsp;PATCHED_llc_data_ind_handler
</UL>

<P><STRONG><a name="[116]"></a>lld_move_to_slave</STRONG> (Thumb, 0 bytes, Stack size 0 bytes, da14585_symbols.txt(ABSOLUTE))
<BR><BR>[Called By]<UL><LI><a href="#[61]">&gt;&gt;</a>&nbsp;&nbsp;&nbsp;PATCHED_llm_con_req_ind
</UL>

<P><STRONG><a name="[101]"></a>lld_ch_map_ind</STRONG> (Thumb, 0 bytes, Stack size 0 bytes, da14585_symbols.txt(ABSOLUTE))
<BR><BR>[Called By]<UL><LI><a href="#[60]">&gt;&gt;</a>&nbsp;&nbsp;&nbsp;PATCHED_llc_ch_map_req_ind
</UL>

<P><STRONG><a name="[17b]"></a>lld_crypt_isr</STRONG> (Thumb, 0 bytes, Stack size 0 bytes, da14585_symbols.txt(ABSOLUTE))
<BR><BR>[Called By]<UL><LI><a href="#[5]">&gt;&gt;</a>&nbsp;&nbsp;&nbsp;rwble_isr
</UL>

<P><STRONG><a name="[9e]"></a>lld_test_mode_tx_func</STRONG> (Thumb, 0 bytes, Stack size 0 bytes, da14585_symbols.txt(ABSOLUTE), UNUSED)
<BR>[Address Reference Count : 1]<UL><LI> lto-llvm-0abb6c.o(.rodata.rom_func_addr_table_var)
</UL>
<P><STRONG><a name="[9f]"></a>lld_test_mode_rx_func</STRONG> (Thumb, 0 bytes, Stack size 0 bytes, da14585_symbols.txt(ABSOLUTE), UNUSED)
<BR>[Address Reference Count : 1]<UL><LI> lto-llvm-0abb6c.o(.rodata.rom_func_addr_table_var)
</UL>
<P><STRONG><a name="[9d]"></a>lld_test_stop_func</STRONG> (Thumb, 0 bytes, Stack size 0 bytes, da14585_symbols.txt(ABSOLUTE), UNUSED)
<BR>[Address Reference Count : 1]<UL><LI> lto-llvm-0abb6c.o(.rodata.rom_func_addr_table_var)
</UL>
<P><STRONG><a name="[bc]"></a>lld_data_tx_check_func</STRONG> (Thumb, 0 bytes, Stack size 0 bytes, da14585_symbols.txt(ABSOLUTE), UNUSED)
<BR>[Address Reference Count : 1]<UL><LI> lto-llvm-0abb6c.o(.rodata.rom_func_addr_table_var)
</UL>
<P><STRONG><a name="[bb]"></a>lld_data_tx_prog_func</STRONG> (Thumb, 0 bytes, Stack size 0 bytes, da14585_symbols.txt(ABSOLUTE), UNUSED)
<BR>[Address Reference Count : 1]<UL><LI> lto-llvm-0abb6c.o(.rodata.rom_func_addr_table_var)
</UL>
<P><STRONG><a name="[da]"></a>lld_evt_elt_delete</STRONG> (Thumb, 0 bytes, Stack size 0 bytes, da14585_symbols.txt(ABSOLUTE))
<BR><BR>[Called By]<UL><LI><a href="#[5d]">&gt;&gt;</a>&nbsp;&nbsp;&nbsp;PATCHED_lld_evt_move_to_master
</UL>

<P><STRONG><a name="[dd]"></a>lld_evt_channel_next</STRONG> (Thumb, 0 bytes, Stack size 0 bytes, da14585_symbols.txt(ABSOLUTE))
<BR><BR>[Called By]<UL><LI><a href="#[5d]">&gt;&gt;</a>&nbsp;&nbsp;&nbsp;PATCHED_lld_evt_move_to_master
</UL>

<P><STRONG><a name="[100]"></a>lld_evt_schedule_next</STRONG> (Thumb, 0 bytes, Stack size 0 bytes, da14585_symbols.txt(ABSOLUTE))
<BR><BR>[Called By]<UL><LI><a href="#[60]">&gt;&gt;</a>&nbsp;&nbsp;&nbsp;PATCHED_llc_ch_map_req_ind
</UL>

<P><STRONG><a name="[6f]"></a>lld_evt_move_to_master</STRONG> (Thumb, 0 bytes, Stack size 0 bytes, da14585_symbols.txt(ABSOLUTE), UNUSED)
<BR>[Address Reference Count : 1]<UL><LI> lto-llvm-0abb6c.o(.rodata.patch_orig_table)
</UL>
<P><STRONG><a name="[17a]"></a>lld_evt_timer_isr</STRONG> (Thumb, 0 bytes, Stack size 0 bytes, da14585_symbols.txt(ABSOLUTE))
<BR><BR>[Called By]<UL><LI><a href="#[5]">&gt;&gt;</a>&nbsp;&nbsp;&nbsp;rwble_isr
</UL>

<P><STRONG><a name="[178]"></a>lld_evt_end_isr</STRONG> (Thumb, 0 bytes, Stack size 0 bytes, da14585_symbols.txt(ABSOLUTE))
<BR><BR>[Called By]<UL><LI><a href="#[5]">&gt;&gt;</a>&nbsp;&nbsp;&nbsp;rwble_isr
</UL>

<P><STRONG><a name="[177]"></a>lld_evt_rx_isr</STRONG> (Thumb, 0 bytes, Stack size 0 bytes, da14585_symbols.txt(ABSOLUTE))
<BR><BR>[Called By]<UL><LI><a href="#[5]">&gt;&gt;</a>&nbsp;&nbsp;&nbsp;rwble_isr
</UL>

<P><STRONG><a name="[164]"></a>lld_sleep_us_2_lpcycles_func</STRONG> (Thumb, 0 bytes, Stack size 0 bytes, da14585_symbols.txt(ABSOLUTE))
<BR><BR>[Called By]<UL><LI><a href="#[9b]">&gt;&gt;</a>&nbsp;&nbsp;&nbsp;lld_sleep_us_2_lpcycles_sel_func
</UL>

<P><STRONG><a name="[162]"></a>lld_sleep_lpcycles_2_us_func</STRONG> (Thumb, 0 bytes, Stack size 0 bytes, da14585_symbols.txt(ABSOLUTE))
<BR><BR>[Called By]<UL><LI><a href="#[99]">&gt;&gt;</a>&nbsp;&nbsp;&nbsp;lld_sleep_compensate_func
<LI><a href="#[9c]">&gt;&gt;</a>&nbsp;&nbsp;&nbsp;lld_sleep_lpcycles_2_us_sel_func
</UL>

<P><STRONG><a name="[171]"></a>lld_sleep_enter</STRONG> (Thumb, 0 bytes, Stack size 0 bytes, da14585_symbols.txt(ABSOLUTE))
<BR><BR>[Called By]<UL><LI><a href="#[10]">&gt;&gt;</a>&nbsp;&nbsp;&nbsp;main
</UL>

<P><STRONG><a name="[119]"></a>llm_wl_from_rl_restore</STRONG> (Thumb, 0 bytes, Stack size 0 bytes, da14585_symbols.txt(ABSOLUTE))
<BR><BR>[Called By]<UL><LI><a href="#[61]">&gt;&gt;</a>&nbsp;&nbsp;&nbsp;PATCHED_llm_con_req_ind
</UL>

<P><STRONG><a name="[73]"></a>llm_con_req_ind</STRONG> (Thumb, 0 bytes, Stack size 0 bytes, da14585_symbols.txt(ABSOLUTE), UNUSED)
<BR>[Address Reference Count : 1]<UL><LI> lto-llvm-0abb6c.o(.rodata.patch_orig_table)
</UL>
<P><STRONG><a name="[70]"></a>llm_adv_report_set</STRONG> (Thumb, 0 bytes, Stack size 0 bytes, da14585_symbols.txt(ABSOLUTE), UNUSED)
<BR>[Address Reference Count : 1]<UL><LI> lto-llvm-0abb6c.o(.rodata.patch_orig_table)
</UL>
<P><STRONG><a name="[b4]"></a>llm_le_adv_report_ind_func</STRONG> (Thumb, 0 bytes, Stack size 0 bytes, da14585_symbols.txt(ABSOLUTE), UNUSED)
<BR>[Address Reference Count : 1]<UL><LI> lto-llvm-0abb6c.o(.rodata.rom_func_addr_table_var)
</UL>
<P><STRONG><a name="[92]"></a>llm_encryption_done_func</STRONG> (Thumb, 0 bytes, Stack size 0 bytes, da14585_symbols.txt(ABSOLUTE), UNUSED)
<BR>[Address Reference Count : 1]<UL><LI> lto-llvm-0abb6c.o(.rodata.rom_func_addr_table_var)
</UL>
<P><STRONG><a name="[b6]"></a>llm_p256_start_func</STRONG> (Thumb, 0 bytes, Stack size 0 bytes, da14585_symbols.txt(ABSOLUTE), UNUSED)
<BR><BR>[Called By]<UL><LI><a href="#[126]">&gt;&gt;</a>&nbsp;&nbsp;&nbsp;JT_llm_p256_start_func
</UL>
<BR>[Address Reference Count : 1]<UL><LI> lto-llvm-0abb6c.o(.rodata.rom_func_addr_table_var)
</UL>
<P><STRONG><a name="[112]"></a>llm_wlpub_addr_set</STRONG> (Thumb, 0 bytes, Stack size 0 bytes, da14585_symbols.txt(ABSOLUTE))
<BR><BR>[Called By]<UL><LI><a href="#[61]">&gt;&gt;</a>&nbsp;&nbsp;&nbsp;PATCHED_llm_con_req_ind
</UL>

<P><STRONG><a name="[113]"></a>llm_wlpriv_addr_set</STRONG> (Thumb, 0 bytes, Stack size 0 bytes, da14585_symbols.txt(ABSOLUTE))
<BR><BR>[Called By]<UL><LI><a href="#[61]">&gt;&gt;</a>&nbsp;&nbsp;&nbsp;PATCHED_llm_con_req_ind
</UL>

<P><STRONG><a name="[aa]"></a>hci_rd_local_supp_feats_cmd_handler_func</STRONG> (Thumb, 0 bytes, Stack size 0 bytes, da14585_symbols.txt(ABSOLUTE), UNUSED)
<BR>[Address Reference Count : 1]<UL><LI> lto-llvm-0abb6c.o(.rodata.rom_func_addr_table_var)
</UL>
<P><STRONG><a name="[111]"></a>llm_util_bd_addr_in_wl</STRONG> (Thumb, 0 bytes, Stack size 0 bytes, da14585_symbols.txt(ABSOLUTE))
<BR><BR>[Called By]<UL><LI><a href="#[61]">&gt;&gt;</a>&nbsp;&nbsp;&nbsp;PATCHED_llm_con_req_ind
</UL>

<P><STRONG><a name="[e6]"></a>llm_util_check_evt_mask</STRONG> (Thumb, 0 bytes, Stack size 0 bytes, da14585_symbols.txt(ABSOLUTE))
<BR><BR>[Called By]<UL><LI><a href="#[b8]">&gt;&gt;</a>&nbsp;&nbsp;&nbsp;llm_p256_req_handler_func
</UL>

<P><STRONG><a name="[114]"></a>llm_util_bl_check</STRONG> (Thumb, 0 bytes, Stack size 0 bytes, da14585_symbols.txt(ABSOLUTE))
<BR><BR>[Called By]<UL><LI><a href="#[61]">&gt;&gt;</a>&nbsp;&nbsp;&nbsp;PATCHED_llm_con_req_ind
</UL>

<P><STRONG><a name="[115]"></a>llm_util_bl_add</STRONG> (Thumb, 0 bytes, Stack size 0 bytes, da14585_symbols.txt(ABSOLUTE))
<BR><BR>[Called By]<UL><LI><a href="#[61]">&gt;&gt;</a>&nbsp;&nbsp;&nbsp;PATCHED_llm_con_req_ind
</UL>

<P><STRONG><a name="[10e]"></a>llm_util_rl_check</STRONG> (Thumb, 0 bytes, Stack size 0 bytes, da14585_symbols.txt(ABSOLUTE))
<BR><BR>[Called By]<UL><LI><a href="#[61]">&gt;&gt;</a>&nbsp;&nbsp;&nbsp;PATCHED_llm_con_req_ind
</UL>

<P><STRONG><a name="[10f]"></a>llm_util_rl_peer_find</STRONG> (Thumb, 0 bytes, Stack size 0 bytes, da14585_symbols.txt(ABSOLUTE))
<BR><BR>[Called By]<UL><LI><a href="#[61]">&gt;&gt;</a>&nbsp;&nbsp;&nbsp;PATCHED_llm_con_req_ind
</UL>

<P><STRONG><a name="[110]"></a>llm_util_rl_peer_resolv</STRONG> (Thumb, 0 bytes, Stack size 0 bytes, da14585_symbols.txt(ABSOLUTE))
<BR><BR>[Called By]<UL><LI><a href="#[61]">&gt;&gt;</a>&nbsp;&nbsp;&nbsp;PATCHED_llm_con_req_ind
</UL>

<P><STRONG><a name="[db]"></a>ea_time_get_halfslot_rounded</STRONG> (Thumb, 0 bytes, Stack size 0 bytes, da14585_symbols.txt(ABSOLUTE))
<BR><BR>[Called By]<UL><LI><a href="#[5d]">&gt;&gt;</a>&nbsp;&nbsp;&nbsp;PATCHED_lld_evt_move_to_master
</UL>

<P><STRONG><a name="[d9]"></a>ea_interval_create</STRONG> (Thumb, 0 bytes, Stack size 0 bytes, da14585_symbols.txt(ABSOLUTE))
<BR><BR>[Called By]<UL><LI><a href="#[5d]">&gt;&gt;</a>&nbsp;&nbsp;&nbsp;PATCHED_lld_evt_move_to_master
</UL>

<P><STRONG><a name="[de]"></a>ea_interval_insert</STRONG> (Thumb, 0 bytes, Stack size 0 bytes, da14585_symbols.txt(ABSOLUTE))
<BR><BR>[Called By]<UL><LI><a href="#[5d]">&gt;&gt;</a>&nbsp;&nbsp;&nbsp;PATCHED_lld_evt_move_to_master
</UL>

<P><STRONG><a name="[176]"></a>ea_finetimer_isr</STRONG> (Thumb, 0 bytes, Stack size 0 bytes, da14585_symbols.txt(ABSOLUTE))
<BR><BR>[Called By]<UL><LI><a href="#[5]">&gt;&gt;</a>&nbsp;&nbsp;&nbsp;rwble_isr
</UL>

<P><STRONG><a name="[179]"></a>ea_sw_isr</STRONG> (Thumb, 0 bytes, Stack size 0 bytes, da14585_symbols.txt(ABSOLUTE))
<BR><BR>[Called By]<UL><LI><a href="#[5]">&gt;&gt;</a>&nbsp;&nbsp;&nbsp;rwble_isr
</UL>

<P><STRONG><a name="[16d]"></a>ea_sleep_check</STRONG> (Thumb, 0 bytes, Stack size 0 bytes, da14585_symbols.txt(ABSOLUTE))
<BR><BR>[Called By]<UL><LI><a href="#[10]">&gt;&gt;</a>&nbsp;&nbsp;&nbsp;main
</UL>

<P><STRONG><a name="[7a]"></a>uart_init_func</STRONG> (Thumb, 0 bytes, Stack size 0 bytes, da14585_symbols.txt(ABSOLUTE), UNUSED)
<BR>[Address Reference Count : 1]<UL><LI> lto-llvm-0abb6c.o(.rodata.rom_func_addr_table_var)
</UL>
<P><STRONG><a name="[7b]"></a>uart_flow_on_func</STRONG> (Thumb, 0 bytes, Stack size 0 bytes, da14585_symbols.txt(ABSOLUTE), UNUSED)
<BR>[Address Reference Count : 1]<UL><LI> lto-llvm-0abb6c.o(.rodata.rom_func_addr_table_var)
</UL>
<P><STRONG><a name="[7c]"></a>uart_flow_off_func</STRONG> (Thumb, 0 bytes, Stack size 0 bytes, da14585_symbols.txt(ABSOLUTE), UNUSED)
<BR>[Address Reference Count : 1]<UL><LI> lto-llvm-0abb6c.o(.rodata.rom_func_addr_table_var)
</UL>
<P><STRONG><a name="[7d]"></a>uart_finish_transfers_func</STRONG> (Thumb, 0 bytes, Stack size 0 bytes, da14585_symbols.txt(ABSOLUTE), UNUSED)
<BR>[Address Reference Count : 1]<UL><LI> lto-llvm-0abb6c.o(.rodata.rom_func_addr_table_var)
</UL>
<P><STRONG><a name="[7e]"></a>uart_read_func</STRONG> (Thumb, 0 bytes, Stack size 0 bytes, da14585_symbols.txt(ABSOLUTE), UNUSED)
<BR>[Address Reference Count : 1]<UL><LI> lto-llvm-0abb6c.o(.rodata.rom_func_addr_table_var)
</UL>
<P><STRONG><a name="[7f]"></a>uart_write_func</STRONG> (Thumb, 0 bytes, Stack size 0 bytes, da14585_symbols.txt(ABSOLUTE), UNUSED)
<BR>[Address Reference Count : 1]<UL><LI> lto-llvm-0abb6c.o(.rodata.rom_func_addr_table_var)
</UL>
<P><STRONG><a name="[80]"></a>UART_Handler_func</STRONG> (Thumb, 0 bytes, Stack size 0 bytes, da14585_symbols.txt(ABSOLUTE), UNUSED)
<BR>[Address Reference Count : 1]<UL><LI> lto-llvm-0abb6c.o(.rodata.rom_func_addr_table_var)
</UL>
<P><STRONG><a name="[c1]"></a>modulationGainCalibration_func</STRONG> (Thumb, 0 bytes, Stack size 0 bytes, da14585_symbols.txt(ABSOLUTE), UNUSED)
<BR>[Address Reference Count : 1]<UL><LI> lto-llvm-0abb6c.o(.rodata.rom_func_addr_table_var)
</UL>
<P><STRONG><a name="[c2]"></a>DCoffsetCalibration_func</STRONG> (Thumb, 0 bytes, Stack size 0 bytes, da14585_symbols.txt(ABSOLUTE), UNUSED)
<BR>[Address Reference Count : 1]<UL><LI> lto-llvm-0abb6c.o(.rodata.rom_func_addr_table_var)
</UL>
<P><STRONG><a name="[c3]"></a>PllLF_IFF_MIX_CapCalibration_func</STRONG> (Thumb, 0 bytes, Stack size 0 bytes, da14585_symbols.txt(ABSOLUTE), UNUSED)
<BR>[Address Reference Count : 1]<UL><LI> lto-llvm-0abb6c.o(.rodata.rom_func_addr_table_var)
</UL>
<P><STRONG><a name="[81]"></a>gtl_init_func</STRONG> (Thumb, 0 bytes, Stack size 0 bytes, da14585_symbols.txt(ABSOLUTE), UNUSED)
<BR>[Address Reference Count : 1]<UL><LI> lto-llvm-0abb6c.o(.rodata.rom_func_addr_table_var)
</UL>
<P><STRONG><a name="[83]"></a>gtl_eif_read_start_func</STRONG> (Thumb, 0 bytes, Stack size 0 bytes, da14585_symbols.txt(ABSOLUTE), UNUSED)
<BR>[Address Reference Count : 1]<UL><LI> lto-llvm-0abb6c.o(.rodata.rom_func_addr_table_var)
</UL>
<P><STRONG><a name="[84]"></a>gtl_eif_read_hdr_func</STRONG> (Thumb, 0 bytes, Stack size 0 bytes, da14585_symbols.txt(ABSOLUTE), UNUSED)
<BR>[Address Reference Count : 1]<UL><LI> lto-llvm-0abb6c.o(.rodata.rom_func_addr_table_var)
</UL>
<P><STRONG><a name="[85]"></a>gtl_eif_read_payl_func</STRONG> (Thumb, 0 bytes, Stack size 0 bytes, da14585_symbols.txt(ABSOLUTE), UNUSED)
<BR>[Address Reference Count : 1]<UL><LI> lto-llvm-0abb6c.o(.rodata.rom_func_addr_table_var)
</UL>
<P><STRONG><a name="[86]"></a>gtl_eif_tx_done_func</STRONG> (Thumb, 0 bytes, Stack size 0 bytes, da14585_symbols.txt(ABSOLUTE), UNUSED)
<BR>[Address Reference Count : 1]<UL><LI> lto-llvm-0abb6c.o(.rodata.rom_func_addr_table_var)
</UL>
<P><STRONG><a name="[87]"></a>gtl_eif_rx_done_func</STRONG> (Thumb, 0 bytes, Stack size 0 bytes, da14585_symbols.txt(ABSOLUTE), UNUSED)
<BR>[Address Reference Count : 1]<UL><LI> lto-llvm-0abb6c.o(.rodata.rom_func_addr_table_var)
</UL>
<P><STRONG><a name="[82]"></a>gtl_eif_init_func</STRONG> (Thumb, 0 bytes, Stack size 0 bytes, da14585_symbols.txt(ABSOLUTE), UNUSED)
<BR>[Address Reference Count : 1]<UL><LI> lto-llvm-0abb6c.o(.rodata.rom_func_addr_table_var)
</UL>
<P><STRONG><a name="[e8]"></a>hci_send_2_host</STRONG> (Thumb, 0 bytes, Stack size 0 bytes, da14585_symbols.txt(ABSOLUTE))
<BR><BR>[Called By]<UL><LI><a href="#[53]">&gt;&gt;</a>&nbsp;&nbsp;&nbsp;PATCHED_hci_command_handler
<LI><a href="#[54]">&gt;&gt;</a>&nbsp;&nbsp;&nbsp;PATCHED_llc_data_ind_handler
<LI><a href="#[b8]">&gt;&gt;</a>&nbsp;&nbsp;&nbsp;llm_p256_req_handler_func
</UL>

<P><STRONG><a name="[89]"></a>h4tl_read_start_func</STRONG> (Thumb, 0 bytes, Stack size 0 bytes, da14585_symbols.txt(ABSOLUTE), UNUSED)
<BR>[Address Reference Count : 1]<UL><LI> lto-llvm-0abb6c.o(.rodata.rom_func_addr_table_var)
</UL>
<P><STRONG><a name="[8a]"></a>h4tl_read_hdr_func</STRONG> (Thumb, 0 bytes, Stack size 0 bytes, da14585_symbols.txt(ABSOLUTE), UNUSED)
<BR>[Address Reference Count : 1]<UL><LI> lto-llvm-0abb6c.o(.rodata.rom_func_addr_table_var)
</UL>
<P><STRONG><a name="[8b]"></a>h4tl_read_payl_func</STRONG> (Thumb, 0 bytes, Stack size 0 bytes, da14585_symbols.txt(ABSOLUTE), UNUSED)
<BR>[Address Reference Count : 1]<UL><LI> lto-llvm-0abb6c.o(.rodata.rom_func_addr_table_var)
</UL>
<P><STRONG><a name="[8c]"></a>h4tl_read_next_out_of_sync_func</STRONG> (Thumb, 0 bytes, Stack size 0 bytes, da14585_symbols.txt(ABSOLUTE), UNUSED)
<BR>[Address Reference Count : 1]<UL><LI> lto-llvm-0abb6c.o(.rodata.rom_func_addr_table_var)
</UL>
<P><STRONG><a name="[8d]"></a>h4tl_out_of_sync_func</STRONG> (Thumb, 0 bytes, Stack size 0 bytes, da14585_symbols.txt(ABSOLUTE), UNUSED)
<BR>[Address Reference Count : 1]<UL><LI> lto-llvm-0abb6c.o(.rodata.rom_func_addr_table_var)
</UL>
<P><STRONG><a name="[8e]"></a>h4tl_tx_done_func</STRONG> (Thumb, 0 bytes, Stack size 0 bytes, da14585_symbols.txt(ABSOLUTE), UNUSED)
<BR>[Address Reference Count : 1]<UL><LI> lto-llvm-0abb6c.o(.rodata.rom_func_addr_table_var)
</UL>
<P><STRONG><a name="[8f]"></a>h4tl_rx_done_func</STRONG> (Thumb, 0 bytes, Stack size 0 bytes, da14585_symbols.txt(ABSOLUTE), UNUSED)
<BR>[Address Reference Count : 1]<UL><LI> lto-llvm-0abb6c.o(.rodata.rom_func_addr_table_var)
</UL>
<P><STRONG><a name="[88]"></a>h4tl_init_func</STRONG> (Thumb, 0 bytes, Stack size 0 bytes, da14585_symbols.txt(ABSOLUTE), UNUSED)
<BR>[Address Reference Count : 1]<UL><LI> lto-llvm-0abb6c.o(.rodata.rom_func_addr_table_var)
</UL>
<P><STRONG><a name="[b2]"></a>attc_l2cc_pdu_recv_handler_func</STRONG> (Thumb, 0 bytes, Stack size 0 bytes, da14585_symbols.txt(ABSOLUTE), UNUSED)
<BR>[Address Reference Count : 1]<UL><LI> lto-llvm-0abb6c.o(.rodata.rom_func_addr_table_var)
</UL>
<P><STRONG><a name="[149]"></a>attmdb_add_service</STRONG> (Thumb, 0 bytes, Stack size 0 bytes, da14585_symbols.txt(ABSOLUTE))
<BR><BR>[Called By]<UL><LI><a href="#[44]">&gt;&gt;</a>&nbsp;&nbsp;&nbsp;custs1_init
</UL>

<P><STRONG><a name="[159]"></a>attmdb_get_service</STRONG> (Thumb, 0 bytes, Stack size 0 bytes, da14585_symbols.txt(ABSOLUTE))
<BR><BR>[Called By]<UL><LI><a href="#[3c]">&gt;&gt;</a>&nbsp;&nbsp;&nbsp;gattc_write_req_ind_handler
<LI><a href="#[14c]">&gt;&gt;</a>&nbsp;&nbsp;&nbsp;get_cfg_handle
</UL>

<P><STRONG><a name="[15a]"></a>attmdb_get_attribute</STRONG> (Thumb, 0 bytes, Stack size 0 bytes, da14585_symbols.txt(ABSOLUTE))
<BR><BR>[Called By]<UL><LI><a href="#[3c]">&gt;&gt;</a>&nbsp;&nbsp;&nbsp;gattc_write_req_ind_handler
<LI><a href="#[14c]">&gt;&gt;</a>&nbsp;&nbsp;&nbsp;get_cfg_handle
</UL>

<P><STRONG><a name="[14a]"></a>attmdb_att_set_value</STRONG> (Thumb, 0 bytes, Stack size 0 bytes, da14585_symbols.txt(ABSOLUTE))
<BR><BR>[Called By]<UL><LI><a href="#[40]">&gt;&gt;</a>&nbsp;&nbsp;&nbsp;custs1_val_set_req_handler
<LI><a href="#[3c]">&gt;&gt;</a>&nbsp;&nbsp;&nbsp;gattc_write_req_ind_handler
<LI><a href="#[44]">&gt;&gt;</a>&nbsp;&nbsp;&nbsp;custs1_init
</UL>

<P><STRONG><a name="[15b]"></a>attmdb_get_uuid</STRONG> (Thumb, 0 bytes, Stack size 0 bytes, da14585_symbols.txt(ABSOLUTE))
<BR><BR>[Called By]<UL><LI><a href="#[3c]">&gt;&gt;</a>&nbsp;&nbsp;&nbsp;gattc_write_req_ind_handler
<LI><a href="#[14c]">&gt;&gt;</a>&nbsp;&nbsp;&nbsp;get_cfg_handle
</UL>

<P><STRONG><a name="[15c]"></a>attmdb_att_get_permission</STRONG> (Thumb, 0 bytes, Stack size 0 bytes, da14585_symbols.txt(ABSOLUTE))
<BR><BR>[Called By]<UL><LI><a href="#[3c]">&gt;&gt;</a>&nbsp;&nbsp;&nbsp;gattc_write_req_ind_handler
</UL>

<P><STRONG><a name="[154]"></a>attm_svc_create_db</STRONG> (Thumb, 0 bytes, Stack size 0 bytes, da14585_symbols.txt(ABSOLUTE))
<BR><BR>[Called By]<UL><LI><a href="#[4b]">&gt;&gt;</a>&nbsp;&nbsp;&nbsp;diss_init
</UL>

<P><STRONG><a name="[68]"></a>atts_mtu_exc_req</STRONG> (Thumb, 0 bytes, Stack size 0 bytes, da14585_symbols.txt(ABSOLUTE), UNUSED)
<BR>[Address Reference Count : 1]<UL><LI> lto-llvm-0abb6c.o(.rodata.patch_orig_table)
</UL>
<P><STRONG><a name="[b1]"></a>atts_l2cc_pdu_recv_handler_func</STRONG> (Thumb, 0 bytes, Stack size 0 bytes, da14585_symbols.txt(ABSOLUTE), UNUSED)
<BR>[Address Reference Count : 1]<UL><LI> lto-llvm-0abb6c.o(.rodata.rom_func_addr_table_var)
</UL>
<P><STRONG><a name="[ca]"></a>atts_allocate_pdu</STRONG> (Thumb, 0 bytes, Stack size 0 bytes, da14585_symbols.txt(ABSOLUTE))
<BR><BR>[Called By]<UL><LI><a href="#[56]">&gt;&gt;</a>&nbsp;&nbsp;&nbsp;PATCHED_atts_mtu_exc_req
</UL>

<P><STRONG><a name="[cc]"></a>atts_send_pdu</STRONG> (Thumb, 0 bytes, Stack size 0 bytes, da14585_symbols.txt(ABSOLUTE))
<BR><BR>[Called By]<UL><LI><a href="#[56]">&gt;&gt;</a>&nbsp;&nbsp;&nbsp;PATCHED_atts_mtu_exc_req
</UL>

<P><STRONG><a name="[cd]"></a>gattc_set_mtu</STRONG> (Thumb, 0 bytes, Stack size 0 bytes, da14585_symbols.txt(ABSOLUTE))
<BR><BR>[Called By]<UL><LI><a href="#[56]">&gt;&gt;</a>&nbsp;&nbsp;&nbsp;PATCHED_atts_mtu_exc_req
</UL>

<P><STRONG><a name="[cb]"></a>gattm_get_max_mtu</STRONG> (Thumb, 0 bytes, Stack size 0 bytes, da14585_symbols.txt(ABSOLUTE))
<BR><BR>[Called By]<UL><LI><a href="#[56]">&gt;&gt;</a>&nbsp;&nbsp;&nbsp;PATCHED_atts_mtu_exc_req
<LI><a href="#[50]">&gt;&gt;</a>&nbsp;&nbsp;&nbsp;PATCHED_hci_acl_data_rx_handler
</UL>

<P><STRONG><a name="[121]"></a>smpc_check_repeated_attempts</STRONG> (Thumb, 0 bytes, Stack size 0 bytes, da14585_symbols.txt(ABSOLUTE))
<BR><BR>[Called By]<UL><LI><a href="#[66]">&gt;&gt;</a>&nbsp;&nbsp;&nbsp;PATCHED_smpc_recv_pair_req_pdu
</UL>

<P><STRONG><a name="[6b]"></a>smpc_check_key_distrib</STRONG> (Thumb, 0 bytes, Stack size 0 bytes, da14585_symbols.txt(ABSOLUTE), UNUSED)
<BR>[Address Reference Count : 1]<UL><LI> lto-llvm-0abb6c.o(.rodata.patch_orig_table)
</UL>
<P><STRONG><a name="[106]"></a>smpc_generate_e1</STRONG> (Thumb, 0 bytes, Stack size 0 bytes, da14585_symbols.txt(ABSOLUTE))
<BR><BR>[Called By]<UL><LI><a href="#[62]">&gt;&gt;</a>&nbsp;&nbsp;&nbsp;PATCHED_smpc_recv_pair_rand_pdu
</UL>

<P><STRONG><a name="[11d]"></a>smpc_generate_stk</STRONG> (Thumb, 0 bytes, Stack size 0 bytes, da14585_symbols.txt(ABSOLUTE))
<BR><BR>[Called By]<UL><LI><a href="#[64]">&gt;&gt;</a>&nbsp;&nbsp;&nbsp;PATCHED_hci_le_ltk_request_evt_handler
</UL>

<P><STRONG><a name="[107]"></a>smpc_pairing_end</STRONG> (Thumb, 0 bytes, Stack size 0 bytes, da14585_symbols.txt(ABSOLUTE))
<BR><BR>[Called By]<UL><LI><a href="#[57]">&gt;&gt;</a>&nbsp;&nbsp;&nbsp;PATCHED_smpc_dhkey_calc_start
<LI><a href="#[62]">&gt;&gt;</a>&nbsp;&nbsp;&nbsp;PATCHED_smpc_recv_pair_rand_pdu
<LI><a href="#[63]">&gt;&gt;</a>&nbsp;&nbsp;&nbsp;PATCHED_smpc_recv_public_key_exchange_pdu
<LI><a href="#[67]">&gt;&gt;</a>&nbsp;&nbsp;&nbsp;PATCHED_smpc_recv_pair_fail_pdu
<LI><a href="#[11f]">&gt;&gt;</a>&nbsp;&nbsp;&nbsp;JT_smpc_pdu_recv_func
</UL>

<P><STRONG><a name="[76]"></a>smpc_pdu_send</STRONG> (Thumb, 0 bytes, Stack size 0 bytes, da14585_symbols.txt(ABSOLUTE))
<BR><BR>[Called By]<UL><LI><a href="#[57]">&gt;&gt;</a>&nbsp;&nbsp;&nbsp;PATCHED_smpc_dhkey_calc_start
<LI><a href="#[66]">&gt;&gt;</a>&nbsp;&nbsp;&nbsp;PATCHED_smpc_recv_pair_req_pdu
<LI><a href="#[62]">&gt;&gt;</a>&nbsp;&nbsp;&nbsp;PATCHED_smpc_recv_pair_rand_pdu
<LI><a href="#[63]">&gt;&gt;</a>&nbsp;&nbsp;&nbsp;PATCHED_smpc_recv_public_key_exchange_pdu
<LI><a href="#[11f]">&gt;&gt;</a>&nbsp;&nbsp;&nbsp;JT_smpc_pdu_recv_func
</UL>
<BR>[Address Reference Count : 1]<UL><LI> lto-llvm-0abb6c.o(.rodata.patch_orig_table)
</UL>
<P><STRONG><a name="[6a]"></a>smpc_is_sec_mode_reached</STRONG> (Thumb, 0 bytes, Stack size 0 bytes, da14585_symbols.txt(ABSOLUTE), UNUSED)
<BR>[Address Reference Count : 1]<UL><LI> lto-llvm-0abb6c.o(.rodata.patch_orig_table)
</UL>
<P><STRONG><a name="[a1]"></a>smpc_pdu_recv_func</STRONG> (Thumb, 0 bytes, Stack size 0 bytes, da14585_symbols.txt(ABSOLUTE), UNUSED)
<BR>[Address Reference Count : 1]<UL><LI> lto-llvm-0abb6c.o(.rodata.rom_func_addr_table_var)
</UL>
<P><STRONG><a name="[103]"></a>smpc_generate_f4</STRONG> (Thumb, 0 bytes, Stack size 0 bytes, da14585_symbols.txt(ABSOLUTE))
<BR><BR>[Called By]<UL><LI><a href="#[62]">&gt;&gt;</a>&nbsp;&nbsp;&nbsp;PATCHED_smpc_recv_pair_rand_pdu
</UL>

<P><STRONG><a name="[108]"></a>smpc_generate_g2</STRONG> (Thumb, 0 bytes, Stack size 0 bytes, da14585_symbols.txt(ABSOLUTE))
<BR><BR>[Called By]<UL><LI><a href="#[62]">&gt;&gt;</a>&nbsp;&nbsp;&nbsp;PATCHED_smpc_recv_pair_rand_pdu
</UL>

<P><STRONG><a name="[109]"></a>smpc_generate_f5</STRONG> (Thumb, 0 bytes, Stack size 0 bytes, da14585_symbols.txt(ABSOLUTE))
<BR><BR>[Called By]<UL><LI><a href="#[62]">&gt;&gt;</a>&nbsp;&nbsp;&nbsp;PATCHED_smpc_recv_pair_rand_pdu
</UL>

<P><STRONG><a name="[11c]"></a>gapc_send_complete_evt</STRONG> (Thumb, 0 bytes, Stack size 0 bytes, da14585_symbols.txt(ABSOLUTE))
<BR><BR>[Called By]<UL><LI><a href="#[66]">&gt;&gt;</a>&nbsp;&nbsp;&nbsp;PATCHED_smpc_recv_pair_req_pdu
<LI><a href="#[64]">&gt;&gt;</a>&nbsp;&nbsp;&nbsp;PATCHED_hci_le_ltk_request_evt_handler
<LI><a href="#[67]">&gt;&gt;</a>&nbsp;&nbsp;&nbsp;PATCHED_smpc_recv_pair_fail_pdu
<LI><a href="#[11f]">&gt;&gt;</a>&nbsp;&nbsp;&nbsp;JT_smpc_pdu_recv_func
</UL>

<P><STRONG><a name="[11a]"></a>gapc_get_conidx</STRONG> (Thumb, 0 bytes, Stack size 0 bytes, da14585_symbols.txt(ABSOLUTE))
<BR><BR>[Called By]<UL><LI><a href="#[64]">&gt;&gt;</a>&nbsp;&nbsp;&nbsp;PATCHED_hci_le_ltk_request_evt_handler
</UL>

<P><STRONG><a name="[105]"></a>gapc_get_role</STRONG> (Thumb, 0 bytes, Stack size 0 bytes, da14585_symbols.txt(ABSOLUTE))
<BR><BR>[Called By]<UL><LI><a href="#[57]">&gt;&gt;</a>&nbsp;&nbsp;&nbsp;PATCHED_smpc_dhkey_calc_start
<LI><a href="#[66]">&gt;&gt;</a>&nbsp;&nbsp;&nbsp;PATCHED_smpc_recv_pair_req_pdu
<LI><a href="#[62]">&gt;&gt;</a>&nbsp;&nbsp;&nbsp;PATCHED_smpc_recv_pair_rand_pdu
<LI><a href="#[63]">&gt;&gt;</a>&nbsp;&nbsp;&nbsp;PATCHED_smpc_recv_public_key_exchange_pdu
<LI><a href="#[67]">&gt;&gt;</a>&nbsp;&nbsp;&nbsp;PATCHED_smpc_recv_pair_fail_pdu
<LI><a href="#[11f]">&gt;&gt;</a>&nbsp;&nbsp;&nbsp;JT_smpc_pdu_recv_func
</UL>

<P><STRONG><a name="[11b]"></a>gapc_get_operation</STRONG> (Thumb, 0 bytes, Stack size 0 bytes, da14585_symbols.txt(ABSOLUTE))
<BR><BR>[Called By]<UL><LI><a href="#[66]">&gt;&gt;</a>&nbsp;&nbsp;&nbsp;PATCHED_smpc_recv_pair_req_pdu
<LI><a href="#[64]">&gt;&gt;</a>&nbsp;&nbsp;&nbsp;PATCHED_hci_le_ltk_request_evt_handler
<LI><a href="#[67]">&gt;&gt;</a>&nbsp;&nbsp;&nbsp;PATCHED_smpc_recv_pair_fail_pdu
<LI><a href="#[11f]">&gt;&gt;</a>&nbsp;&nbsp;&nbsp;JT_smpc_pdu_recv_func
</UL>

<P><STRONG><a name="[f4]"></a>gapc_search_lecb_channel</STRONG> (Thumb, 0 bytes, Stack size 0 bytes, da14585_symbols.txt(ABSOLUTE))
<BR><BR>[Called By]<UL><LI><a href="#[50]">&gt;&gt;</a>&nbsp;&nbsp;&nbsp;PATCHED_hci_acl_data_rx_handler
<LI><a href="#[f2]">&gt;&gt;</a>&nbsp;&nbsp;&nbsp;l2cc_handle_invalid_pdu
</UL>

<P><STRONG><a name="[fd]"></a>gapc_lecnx_check_rx</STRONG> (Thumb, 0 bytes, Stack size 0 bytes, da14585_symbols.txt(ABSOLUTE))
<BR><BR>[Called By]<UL><LI><a href="#[ac]">&gt;&gt;</a>&nbsp;&nbsp;&nbsp;JT_l2cc_pdu_unpack_func
</UL>

<P><STRONG><a name="[fe]"></a>l2cc_pdu_recv_ind_handler_func</STRONG> (Thumb, 0 bytes, Stack size 0 bytes, da14585_symbols.txt(ABSOLUTE))
<BR><BR>[Called By]<UL><LI><a href="#[af]">&gt;&gt;</a>&nbsp;&nbsp;&nbsp;JT_l2cc_pdu_recv_ind_handler_func
</UL>

<P><STRONG><a name="[b0]"></a>gapc_lecb_connect_cfm_handler_func</STRONG> (Thumb, 0 bytes, Stack size 0 bytes, da14585_symbols.txt(ABSOLUTE), UNUSED)
<BR>[Address Reference Count : 1]<UL><LI> lto-llvm-0abb6c.o(.rodata.rom_func_addr_table_var)
</UL>
<P><STRONG><a name="[ed]"></a>gapm_send_error_evt</STRONG> (Thumb, 0 bytes, Stack size 0 bytes, da14585_symbols.txt(ABSOLUTE))
<BR><BR>[Called By]<UL><LI><a href="#[52]">&gt;&gt;</a>&nbsp;&nbsp;&nbsp;PATCHED_gapm_reset_cmd_handler
</UL>

<P><STRONG><a name="[71]"></a>gapm_adv_sanity</STRONG> (Thumb, 0 bytes, Stack size 0 bytes, da14585_symbols.txt(ABSOLUTE), UNUSED)
<BR>[Address Reference Count : 1]<UL><LI> lto-llvm-0abb6c.o(.rodata.patch_orig_table)
</UL>
<P><STRONG><a name="[ef]"></a>gapm_basic_hci_cmd_send</STRONG> (Thumb, 0 bytes, Stack size 0 bytes, da14585_symbols.txt(ABSOLUTE))
<BR><BR>[Called By]<UL><LI><a href="#[52]">&gt;&gt;</a>&nbsp;&nbsp;&nbsp;PATCHED_gapm_reset_cmd_handler
</UL>

<P><STRONG><a name="[6d]"></a>gapm_get_ad_type_flag</STRONG> (Thumb, 0 bytes, Stack size 0 bytes, da14585_symbols.txt(ABSOLUTE), UNUSED)
<BR>[Address Reference Count : 1]<UL><LI> lto-llvm-0abb6c.o(.rodata.patch_orig_table)
</UL>
<P><STRONG><a name="[d4]"></a>gapm_get_bdaddr</STRONG> (Thumb, 0 bytes, Stack size 0 bytes, da14585_symbols.txt(ABSOLUTE))
<BR><BR>[Called By]<UL><LI><a href="#[5a]">&gt;&gt;</a>&nbsp;&nbsp;&nbsp;PATCHED_smpc_construct_id_addr_info_pdu
</UL>

<P><STRONG><a name="[ab]"></a>l2cc_pdu_pack_func</STRONG> (Thumb, 0 bytes, Stack size 0 bytes, da14585_symbols.txt(ABSOLUTE), UNUSED)
<BR>[Address Reference Count : 1]<UL><LI> lto-llvm-0abb6c.o(.rodata.rom_func_addr_table_var)
</UL>
<P><STRONG><a name="[f3]"></a>l2cc_detect_dest</STRONG> (Thumb, 0 bytes, Stack size 0 bytes, da14585_symbols.txt(ABSOLUTE))
<BR><BR>[Called By]<UL><LI><a href="#[50]">&gt;&gt;</a>&nbsp;&nbsp;&nbsp;PATCHED_hci_acl_data_rx_handler
<LI><a href="#[f2]">&gt;&gt;</a>&nbsp;&nbsp;&nbsp;l2cc_handle_invalid_pdu
</UL>

<P><STRONG><a name="[ae]"></a>l2c_process_sdu_func</STRONG> (Thumb, 0 bytes, Stack size 0 bytes, da14585_symbols.txt(ABSOLUTE), UNUSED)
<BR>[Address Reference Count : 1]<UL><LI> lto-llvm-0abb6c.o(.rodata.rom_func_addr_table_var)
</UL>
<P><STRONG><a name="[ad]"></a>l2c_send_lecb_message_func</STRONG> (Thumb, 0 bytes, Stack size 0 bytes, da14585_symbols.txt(ABSOLUTE), UNUSED)
<BR>[Address Reference Count : 1]<UL><LI> lto-llvm-0abb6c.o(.rodata.rom_func_addr_table_var)
</UL>
<P><STRONG><a name="[a0]"></a>smpc_check_param_func</STRONG> (Thumb, 0 bytes, Stack size 0 bytes, da14585_symbols.txt(ABSOLUTE), UNUSED)
<BR>[Address Reference Count : 1]<UL><LI> lto-llvm-0abb6c.o(.rodata.rom_func_addr_table_var)
</UL>
<P><STRONG><a name="[6c]"></a>smpc_construct_id_addr_info_pdu</STRONG> (Thumb, 0 bytes, Stack size 0 bytes, da14585_symbols.txt(ABSOLUTE), UNUSED)
<BR>[Address Reference Count : 1]<UL><LI> lto-llvm-0abb6c.o(.rodata.patch_orig_table)
</UL>
<P><STRONG><a name="[74]"></a>smpc_recv_pair_rand_pdu</STRONG> (Thumb, 0 bytes, Stack size 0 bytes, da14585_symbols.txt(ABSOLUTE), UNUSED)
<BR>[Address Reference Count : 1]<UL><LI> lto-llvm-0abb6c.o(.rodata.patch_orig_table)
</UL>
<P><STRONG><a name="[75]"></a>smpc_recv_public_key_exchange_pdu</STRONG> (Thumb, 0 bytes, Stack size 0 bytes, da14585_symbols.txt(ABSOLUTE), UNUSED)
<BR>[Address Reference Count : 1]<UL><LI> lto-llvm-0abb6c.o(.rodata.patch_orig_table)
</UL>
<P><STRONG><a name="[c4]"></a>smpc_public_key_exchange_start_func</STRONG> (Thumb, 0 bytes, Stack size 0 bytes, da14585_symbols.txt(ABSOLUTE), UNUSED)
<BR>[Address Reference Count : 1]<UL><LI> lto-llvm-0abb6c.o(.rodata.rom_func_addr_table_var)
</UL>
<P><STRONG><a name="[69]"></a>smpc_dhkey_calc_start</STRONG> (Thumb, 0 bytes, Stack size 0 bytes, da14585_symbols.txt(ABSOLUTE))
<BR><BR>[Called By]<UL><LI><a href="#[63]">&gt;&gt;</a>&nbsp;&nbsp;&nbsp;PATCHED_smpc_recv_public_key_exchange_pdu
</UL>
<BR>[Address Reference Count : 1]<UL><LI> lto-llvm-0abb6c.o(.rodata.patch_orig_table)
</UL>
<P><STRONG><a name="[c5]"></a>smpc_dhkey_calc_ind_func</STRONG> (Thumb, 0 bytes, Stack size 0 bytes, da14585_symbols.txt(ABSOLUTE), UNUSED)
<BR>[Address Reference Count : 1]<UL><LI> lto-llvm-0abb6c.o(.rodata.rom_func_addr_table_var)
</UL>
<P><STRONG><a name="[16f]"></a>ke_sleep_check</STRONG> (Thumb, 0 bytes, Stack size 0 bytes, da14585_symbols.txt(ABSOLUTE))
<BR><BR>[Called By]<UL><LI><a href="#[10]">&gt;&gt;</a>&nbsp;&nbsp;&nbsp;main
</UL>

<P><STRONG><a name="[f5]"></a>ke_malloc</STRONG> (Thumb, 0 bytes, Stack size 0 bytes, da14585_symbols.txt(ABSOLUTE))
<BR><BR>[Called By]<UL><LI><a href="#[50]">&gt;&gt;</a>&nbsp;&nbsp;&nbsp;PATCHED_hci_acl_data_rx_handler
<LI><a href="#[141]">&gt;&gt;</a>&nbsp;&nbsp;&nbsp;custs1_att_set_value
<LI><a href="#[44]">&gt;&gt;</a>&nbsp;&nbsp;&nbsp;custs1_init
<LI><a href="#[48]">&gt;&gt;</a>&nbsp;&nbsp;&nbsp;diss_set_value_req_handler
<LI><a href="#[4b]">&gt;&gt;</a>&nbsp;&nbsp;&nbsp;diss_init
<LI><a href="#[f2]">&gt;&gt;</a>&nbsp;&nbsp;&nbsp;l2cc_handle_invalid_pdu
</UL>

<P><STRONG><a name="[f6]"></a>ke_free</STRONG> (Thumb, 0 bytes, Stack size 0 bytes, da14585_symbols.txt(ABSOLUTE))
<BR><BR>[Called By]<UL><LI><a href="#[50]">&gt;&gt;</a>&nbsp;&nbsp;&nbsp;PATCHED_hci_acl_data_rx_handler
<LI><a href="#[145]">&gt;&gt;</a>&nbsp;&nbsp;&nbsp;custs1_exe_operation
<LI><a href="#[45]">&gt;&gt;</a>&nbsp;&nbsp;&nbsp;custs1_destroy
<LI><a href="#[141]">&gt;&gt;</a>&nbsp;&nbsp;&nbsp;custs1_att_set_value
<LI><a href="#[44]">&gt;&gt;</a>&nbsp;&nbsp;&nbsp;custs1_init
<LI><a href="#[48]">&gt;&gt;</a>&nbsp;&nbsp;&nbsp;diss_set_value_req_handler
<LI><a href="#[4c]">&gt;&gt;</a>&nbsp;&nbsp;&nbsp;diss_destroy
<LI><a href="#[f2]">&gt;&gt;</a>&nbsp;&nbsp;&nbsp;l2cc_handle_invalid_pdu
</UL>

<P><STRONG><a name="[e2]"></a>ke_msg_alloc</STRONG> (Thumb, 0 bytes, Stack size 0 bytes, da14585_symbols.txt(ABSOLUTE))
<BR><BR>[Called By]<UL><LI><a href="#[57]">&gt;&gt;</a>&nbsp;&nbsp;&nbsp;PATCHED_smpc_dhkey_calc_start
<LI><a href="#[53]">&gt;&gt;</a>&nbsp;&nbsp;&nbsp;PATCHED_hci_command_handler
<LI><a href="#[66]">&gt;&gt;</a>&nbsp;&nbsp;&nbsp;PATCHED_smpc_recv_pair_req_pdu
<LI><a href="#[64]">&gt;&gt;</a>&nbsp;&nbsp;&nbsp;PATCHED_hci_le_ltk_request_evt_handler
<LI><a href="#[50]">&gt;&gt;</a>&nbsp;&nbsp;&nbsp;PATCHED_hci_acl_data_rx_handler
<LI><a href="#[65]">&gt;&gt;</a>&nbsp;&nbsp;&nbsp;PATCHED_smpc_pdu_send
<LI><a href="#[b7]">&gt;&gt;</a>&nbsp;&nbsp;&nbsp;llm_create_p256_key_func
<LI><a href="#[b8]">&gt;&gt;</a>&nbsp;&nbsp;&nbsp;llm_p256_req_handler_func
<LI><a href="#[33]">&gt;&gt;</a>&nbsp;&nbsp;&nbsp;gapc_set_dev_info_req_ind_handler_wrapper
<LI><a href="#[32]">&gt;&gt;</a>&nbsp;&nbsp;&nbsp;gapc_get_dev_info_req_ind_handler_wrapper
<LI><a href="#[19]">&gt;&gt;</a>&nbsp;&nbsp;&nbsp;param_update_request_timer_cb
<LI><a href="#[13c]">&gt;&gt;</a>&nbsp;&nbsp;&nbsp;app_easy_timer_cancel
<LI><a href="#[30]">&gt;&gt;</a>&nbsp;&nbsp;&nbsp;gapc_connection_req_ind_handler_wrapper
<LI><a href="#[13d]">&gt;&gt;</a>&nbsp;&nbsp;&nbsp;user_catch_rest_hndl
<LI><a href="#[2e]">&gt;&gt;</a>&nbsp;&nbsp;&nbsp;gapm_cmp_evt_handler_wrapper
<LI><a href="#[2d]">&gt;&gt;</a>&nbsp;&nbsp;&nbsp;gapm_device_ready_ind_handler_wrapper
<LI><a href="#[13a]">&gt;&gt;</a>&nbsp;&nbsp;&nbsp;app_easy_gap_undirected_advertise_start_create_msg
<LI><a href="#[43]">&gt;&gt;</a>&nbsp;&nbsp;&nbsp;custs1_value_req_rsp_handler
<LI><a href="#[42]">&gt;&gt;</a>&nbsp;&nbsp;&nbsp;custs1_att_info_rsp_handler
<LI><a href="#[145]">&gt;&gt;</a>&nbsp;&nbsp;&nbsp;custs1_exe_operation
<LI><a href="#[3d]">&gt;&gt;</a>&nbsp;&nbsp;&nbsp;gattc_att_info_req_ind_handler
<LI><a href="#[3c]">&gt;&gt;</a>&nbsp;&nbsp;&nbsp;gattc_write_req_ind_handler
<LI><a href="#[3b]">&gt;&gt;</a>&nbsp;&nbsp;&nbsp;gattc_read_req_ind_handler.86
<LI><a href="#[4a]">&gt;&gt;</a>&nbsp;&nbsp;&nbsp;diss_value_cfm_handler
<LI><a href="#[49]">&gt;&gt;</a>&nbsp;&nbsp;&nbsp;gattc_read_req_ind_handler
<LI><a href="#[48]">&gt;&gt;</a>&nbsp;&nbsp;&nbsp;diss_set_value_req_handler
<LI><a href="#[f2]">&gt;&gt;</a>&nbsp;&nbsp;&nbsp;l2cc_handle_invalid_pdu
<LI><a href="#[11]">&gt;&gt;</a>&nbsp;&nbsp;&nbsp;adv_data_update_timer_cb
<LI><a href="#[136]">&gt;&gt;</a>&nbsp;&nbsp;&nbsp;app_batt_send_telemetry_ntf
<LI><a href="#[3a]">&gt;&gt;</a>&nbsp;&nbsp;&nbsp;app_custs1_create_db
<LI><a href="#[13b]">&gt;&gt;</a>&nbsp;&nbsp;&nbsp;create_timer
<LI><a href="#[13]">&gt;&gt;</a>&nbsp;&nbsp;&nbsp;app_timer_api_process_handler
<LI><a href="#[2c]">&gt;&gt;</a>&nbsp;&nbsp;&nbsp;diss_value_req_ind_handler
<LI><a href="#[77]">&gt;&gt;</a>&nbsp;&nbsp;&nbsp;app_diss_create_db
<LI><a href="#[36]">&gt;&gt;</a>&nbsp;&nbsp;&nbsp;gapc_param_update_req_ind_handler_wrapper
</UL>

<P><STRONG><a name="[e5]"></a>ke_msg_send</STRONG> (Thumb, 0 bytes, Stack size 0 bytes, da14585_symbols.txt(ABSOLUTE))
<BR><BR>[Called By]<UL><LI><a href="#[57]">&gt;&gt;</a>&nbsp;&nbsp;&nbsp;PATCHED_smpc_dhkey_calc_start
<LI><a href="#[66]">&gt;&gt;</a>&nbsp;&nbsp;&nbsp;PATCHED_smpc_recv_pair_req_pdu
<LI><a href="#[64]">&gt;&gt;</a>&nbsp;&nbsp;&nbsp;PATCHED_hci_le_ltk_request_evt_handler
<LI><a href="#[50]">&gt;&gt;</a>&nbsp;&nbsp;&nbsp;PATCHED_hci_acl_data_rx_handler
<LI><a href="#[65]">&gt;&gt;</a>&nbsp;&nbsp;&nbsp;PATCHED_smpc_pdu_send
<LI><a href="#[b7]">&gt;&gt;</a>&nbsp;&nbsp;&nbsp;llm_create_p256_key_func
<LI><a href="#[33]">&gt;&gt;</a>&nbsp;&nbsp;&nbsp;gapc_set_dev_info_req_ind_handler_wrapper
<LI><a href="#[32]">&gt;&gt;</a>&nbsp;&nbsp;&nbsp;gapc_get_dev_info_req_ind_handler_wrapper
<LI><a href="#[19]">&gt;&gt;</a>&nbsp;&nbsp;&nbsp;param_update_request_timer_cb
<LI><a href="#[13c]">&gt;&gt;</a>&nbsp;&nbsp;&nbsp;app_easy_timer_cancel
<LI><a href="#[30]">&gt;&gt;</a>&nbsp;&nbsp;&nbsp;gapc_connection_req_ind_handler_wrapper
<LI><a href="#[156]">&gt;&gt;</a>&nbsp;&nbsp;&nbsp;user_app_adv_start
<LI><a href="#[13d]">&gt;&gt;</a>&nbsp;&nbsp;&nbsp;user_catch_rest_hndl
<LI><a href="#[2e]">&gt;&gt;</a>&nbsp;&nbsp;&nbsp;gapm_cmp_evt_handler_wrapper
<LI><a href="#[2d]">&gt;&gt;</a>&nbsp;&nbsp;&nbsp;gapm_device_ready_ind_handler_wrapper
<LI><a href="#[43]">&gt;&gt;</a>&nbsp;&nbsp;&nbsp;custs1_value_req_rsp_handler
<LI><a href="#[42]">&gt;&gt;</a>&nbsp;&nbsp;&nbsp;custs1_att_info_rsp_handler
<LI><a href="#[145]">&gt;&gt;</a>&nbsp;&nbsp;&nbsp;custs1_exe_operation
<LI><a href="#[3d]">&gt;&gt;</a>&nbsp;&nbsp;&nbsp;gattc_att_info_req_ind_handler
<LI><a href="#[3c]">&gt;&gt;</a>&nbsp;&nbsp;&nbsp;gattc_write_req_ind_handler
<LI><a href="#[3b]">&gt;&gt;</a>&nbsp;&nbsp;&nbsp;gattc_read_req_ind_handler.86
<LI><a href="#[4a]">&gt;&gt;</a>&nbsp;&nbsp;&nbsp;diss_value_cfm_handler
<LI><a href="#[49]">&gt;&gt;</a>&nbsp;&nbsp;&nbsp;gattc_read_req_ind_handler
<LI><a href="#[48]">&gt;&gt;</a>&nbsp;&nbsp;&nbsp;diss_set_value_req_handler
<LI><a href="#[f2]">&gt;&gt;</a>&nbsp;&nbsp;&nbsp;l2cc_handle_invalid_pdu
<LI><a href="#[11]">&gt;&gt;</a>&nbsp;&nbsp;&nbsp;adv_data_update_timer_cb
<LI><a href="#[136]">&gt;&gt;</a>&nbsp;&nbsp;&nbsp;app_batt_send_telemetry_ntf
<LI><a href="#[3a]">&gt;&gt;</a>&nbsp;&nbsp;&nbsp;app_custs1_create_db
<LI><a href="#[13b]">&gt;&gt;</a>&nbsp;&nbsp;&nbsp;create_timer
<LI><a href="#[13]">&gt;&gt;</a>&nbsp;&nbsp;&nbsp;app_timer_api_process_handler
<LI><a href="#[2c]">&gt;&gt;</a>&nbsp;&nbsp;&nbsp;diss_value_req_ind_handler
<LI><a href="#[77]">&gt;&gt;</a>&nbsp;&nbsp;&nbsp;app_diss_create_db
<LI><a href="#[36]">&gt;&gt;</a>&nbsp;&nbsp;&nbsp;gapc_param_update_req_ind_handler_wrapper
</UL>

<P><STRONG><a name="[fa]"></a>ke_msg_forward</STRONG> (Thumb, 0 bytes, Stack size 0 bytes, da14585_symbols.txt(ABSOLUTE))
<BR><BR>[Called By]<UL><LI><a href="#[50]">&gt;&gt;</a>&nbsp;&nbsp;&nbsp;PATCHED_hci_acl_data_rx_handler
</UL>

<P><STRONG><a name="[eb]"></a>ke_msg_free</STRONG> (Thumb, 0 bytes, Stack size 0 bytes, da14585_symbols.txt(ABSOLUTE))
<BR><BR>[Called By]<UL><LI><a href="#[50]">&gt;&gt;</a>&nbsp;&nbsp;&nbsp;PATCHED_hci_acl_data_rx_handler
<LI><a href="#[b8]">&gt;&gt;</a>&nbsp;&nbsp;&nbsp;llm_p256_req_handler_func
<LI><a href="#[f2]">&gt;&gt;</a>&nbsp;&nbsp;&nbsp;l2cc_handle_invalid_pdu
</UL>

<P><STRONG><a name="[90]"></a>ke_task_init_func</STRONG> (Thumb, 0 bytes, Stack size 0 bytes, da14585_symbols.txt(ABSOLUTE), UNUSED)
<BR>[Address Reference Count : 1]<UL><LI> lto-llvm-0abb6c.o(.rodata.rom_func_addr_table_var)
</UL>
<P><STRONG><a name="[16a]"></a>ke_task_create</STRONG> (Thumb, 0 bytes, Stack size 0 bytes, da14585_symbols.txt(ABSOLUTE))
<BR><BR>[Called By]<UL><LI><a href="#[a2]">&gt;&gt;</a>&nbsp;&nbsp;&nbsp;prf_init_func
[...]
<LI><a href="#[12a]">&gt;&gt;</a>&nbsp;&nbsp;&nbsp;periph_init
<LI><a href="#[26]">&gt;&gt;</a>&nbsp;&nbsp;&nbsp;tap_eval_timer_cb
<LI><a href="#[28]">&gt;&gt;</a>&nbsp;&nbsp;&nbsp;touch_clear_cb
<LI><a href="#[152]">&gt;&gt;</a>&nbsp;&nbsp;&nbsp;display_show_battery
</UL>

<P><STRONG><a name="[134]"></a>mnf_data_update</STRONG> (Thumb, 32 bytes, Stack size 0 bytes, lto-llvm-0abb6c.o(.text.mnf_data_update))
<BR><BR>[Called By]<UL><LI><a href="#[31]">&gt;&gt;</a>&nbsp;&nbsp;&nbsp;gapc_disconnect_ind_handler_wrapper
<LI><a href="#[11]">&gt;&gt;</a>&nbsp;&nbsp;&nbsp;adv_data_update_timer_cb
</UL>

<P><STRONG><a name="[32]"></a>gapc_get_dev_info_req_ind_handler_wrapper</STRONG> (Thumb, 152 bytes, Stack size 56 bytes, lto-llvm-0abb6c.o(.text.gapc_get_dev_info_req_ind_handler_wrapper))
<BR><BR>[Stack]<UL><LI>Max Depth = 56<LI>Call Chain = gapc_get_dev_info_req_ind_handler_wrapper
</UL>
<BR>[Calls]<UL><LI><a href="#[e5]">&gt;&gt;</a>&nbsp;&nbsp;&nbsp;ke_msg_send
<LI><a href="#[e2]">&gt;&gt;</a>&nbsp;&nbsp;&nbsp;ke_msg_alloc
<LI><a href="#[143]">&gt;&gt;</a>&nbsp;&nbsp;&nbsp;__aeabi_memclr4
<LI><a href="#[d5]">&gt;&gt;</a>&nbsp;&nbsp;&nbsp;__aeabi_memcpy
</UL>
<BR>[Address Reference Count : 1]<UL><LI> lto-llvm-0abb6c.o(.rodata.app_gap_process_handlers)
</UL>
<P><STRONG><a name="[33]"></a>gapc_set_dev_info_req_ind_handler_wrapper</STRONG> (Thumb, 84 bytes, Stack size 16 bytes, lto-llvm-0abb6c.o(.text.gapc_set_dev_info_req_ind_handler_wrapper))
<BR><BR>[Stack]<UL><LI>Max Depth = 16<LI>Call Chain = gapc_set_dev_info_req_ind_handler_wrapper
</UL>
<BR>[Calls]<UL><LI><a href="#[e5]">&gt;&gt;</a>&nbsp;&nbsp;&nbsp;ke_msg_send
<LI><a href="#[e2]">&gt;&gt;</a>&nbsp;&nbsp;&nbsp;ke_msg_alloc
<LI><a href="#[d5]">&gt;&gt;</a>&nbsp;&nbsp;&nbsp;__aeabi_memcpy
</UL>
<BR>[Address Reference Count : 1]<UL><LI> lto-llvm-0abb6c.o(.rodata.app_gap_process_handlers)
</UL>
<P><STRONG><a name="[34]"></a>gapm_profile_added_ind_handler_wrapper</STRONG> (Thumb, 36 bytes, Stack size 8 bytes, lto-llvm-0abb6c.o(.text.gapm_profile_added_ind_handler_wrapper))
<BR><BR>[Stack]<UL><LI>Max Depth = 64<LI>Call Chain = gapm_profile_added_ind_handler_wrapper &rArr; user_app_adv_start &rArr; app_easy_timer &rArr; create_timer
</UL>
<BR>[Calls]<UL><LI><a href="#[ce]">&gt;&gt;</a>&nbsp;&nbsp;&nbsp;ke_state_get
<LI><a href="#[d3]">&gt;&gt;</a>&nbsp;&nbsp;&nbsp;ke_state_set
<LI><a href="#[156]">&gt;&gt;</a>&nbsp;&nbsp;&nbsp;user_app_adv_start
<LI><a href="#[157]">&gt;&gt;</a>&nbsp;&nbsp;&nbsp;app_db_init_next
</UL>
<BR>[Address Reference Count : 1]<UL><LI> lto-llvm-0abb6c.o(.rodata.app_gap_process_handlers)
</UL>
<P><STRONG><a name="[35]"></a>gapm_adv_report_ind_handler_wrapper</STRONG> (Thumb, 4 bytes, Stack size 0 bytes, lto-llvm-0abb6c.o(.text.gapm_adv_report_ind_handler_wrapper))
<BR>[Address Reference Count : 1]<UL><LI> lto-llvm-0abb6c.o(.rodata.app_gap_process_handlers)
</UL>
<P><STRONG><a name="[36]"></a>gapc_param_update_req_ind_handler_wrapper</STRONG> (Thumb, 32 bytes, Stack size 8 bytes, lto-llvm-0abb6c.o(.text.gapc_param_update_req_ind_handler_wrapper))
<BR><BR>[Stack]<UL><LI>Max Depth = 8<LI>Call Chain = gapc_param_update_req_ind_handler_wrapper
</UL>
<BR>[Calls]<UL><LI><a href="#[e5]">&gt;&gt;</a>&nbsp;&nbsp;&nbsp;ke_msg_send
<LI><a href="#[e2]">&gt;&gt;</a>&nbsp;&nbsp;&nbsp;ke_msg_alloc
</UL>
<BR>[Address Reference Count : 1]<UL><LI> lto-llvm-0abb6c.o(.rodata.app_gap_process_handlers)
</UL>
<P><STRONG><a name="[37]"></a>gapc_le_pkt_size_ind_handler_wrapper</STRONG> (Thumb, 4 bytes, Stack size 0 bytes, lto-llvm-0abb6c.o(.text.gapc_le_pkt_size_ind_handler_wrapper))
<BR>[Address Reference Count : 1]<UL><LI> lto-llvm-0abb6c.o(.rodata.app_gap_process_handlers)
</UL>
<P><STRONG><a name="[38]"></a>gattc_svc_changed_cfg_ind_handler_wrapper</STRONG> (Thumb, 4 bytes, Stack size 0 bytes, lto-llvm-0abb6c.o(.text.gattc_svc_changed_cfg_ind_handler_wrapper))
<BR>[Address Reference Count : 1]<UL><LI> lto-llvm-0abb6c.o(.rodata.app_gap_process_handlers)
</UL>
<P><STRONG><a name="[39]"></a>gapc_peer_features_ind_handler_wrapper</STRONG> (Thumb, 4 bytes, Stack size 0 bytes, lto-llvm-0abb6c.o(.text.gapc_peer_features_ind_handler_wrapper))
<BR>[Address Reference Count : 1]<UL><LI> lto-llvm-0abb6c.o(.rodata.app_gap_process_handlers)
</UL>
<P><STRONG><a name="[77]"></a>app_diss_create_db</STRONG> (Thumb, 52 bytes, Stack size 16 bytes, lto-llvm-0abb6c.o(.text.app_diss_create_db))
<BR><BR>[Stack]<UL><LI>Max Depth = 24<LI>Call Chain = app_diss_create_db &rArr; get_user_prf_srv_perm
</UL>
<BR>[Calls]<UL><LI><a href="#[e5]">&gt;&gt;</a>&nbsp;&nbsp;&nbsp;ke_msg_send
<LI><a href="#[e2]">&gt;&gt;</a>&nbsp;&nbsp;&nbsp;ke_msg_alloc
<LI><a href="#[138]">&gt;&gt;</a>&nbsp;&nbsp;&nbsp;get_user_prf_srv_perm
</UL>
<BR>[Address Reference Count : 1]<UL><LI> lto-llvm-0abb6c.o(.rodata.prf_funcs)
</UL>
<P><STRONG><a name="[14]"></a>app_diss_process_handler</STRONG> (Thumb, 28 bytes, Stack size 24 bytes, lto-llvm-0abb6c.o(.text.app_diss_process_handler))
<BR><BR>[Stack]<UL><LI>Max Depth = 64<LI>Call Chain = app_diss_process_handler &rArr; app_std_process_event
</UL>
<BR>[Calls]<UL><LI><a href="#[139]">&gt;&gt;</a>&nbsp;&nbsp;&nbsp;app_std_process_event
</UL>
<BR>[Address Reference Count : 1]<UL><LI> lto-llvm-0abb6c.o(.text.app_entry_point_handler)
</UL>
<P><STRONG><a name="[2c]"></a>diss_value_req_ind_handler</STRONG> (Thumb, 124 bytes, Stack size 24 bytes, lto-llvm-0abb6c.o(.text.diss_value_req_ind_handler))
<BR><BR>[Stack]<UL><LI>Max Depth = 24<LI>Call Chain = diss_value_req_ind_handler
</UL>
<BR>[Calls]<UL><LI><a href="#[e5]">&gt;&gt;</a>&nbsp;&nbsp;&nbsp;ke_msg_send
<LI><a href="#[e2]">&gt;&gt;</a>&nbsp;&nbsp;&nbsp;ke_msg_alloc
<LI><a href="#[d5]">&gt;&gt;</a>&nbsp;&nbsp;&nbsp;__aeabi_memcpy
</UL>
<BR>[Address Reference Count : 1]<UL><LI> lto-llvm-0abb6c.o(.rodata.app_diss_process_handlers)
</UL>
<P><STRONG><a name="[2b]"></a>app_entry_point_handler</STRONG> (Thumb, 68 bytes, Stack size 40 bytes, lto-llvm-0abb6c.o(.text.app_entry_point_handler))
<BR><BR>[Stack]<UL><LI>Max Depth = 232<LI>Call Chain = app_entry_point_handler &rArr; user_catch_rest_hndl &rArr; display_show_battery &rArr; display_draw_string &rArr; i2c_write_byte &rArr; i2c_scl_lo &rArr; GPIO_ConfigurePin &rArr; GPIO_SetInactive
</UL>
<BR>[Calls]<UL><LI><a href="#[13d]">&gt;&gt;</a>&nbsp;&nbsp;&nbsp;user_catch_rest_hndl
</UL>
<BR>[Address Reference Count : 1]<UL><LI> lto-llvm-0abb6c.o(.rodata.app_default_state)
</UL>
<P><STRONG><a name="[13]"></a>app_timer_api_process_handler</STRONG> (Thumb, 228 bytes, Stack size 16 bytes, lto-llvm-0abb6c.o(.text.app_timer_api_process_handler))
<BR><BR>[Stack]<UL><LI>Max Depth = 32<LI>Call Chain = app_timer_api_process_handler &rArr; create_timer
</UL>
<BR>[Calls]<UL><LI><a href="#[11e]">&gt;&gt;</a>&nbsp;&nbsp;&nbsp;ke_timer_set
<LI><a href="#[e5]">&gt;&gt;</a>&nbsp;&nbsp;&nbsp;ke_msg_send
<LI><a href="#[e2]">&gt;&gt;</a>&nbsp;&nbsp;&nbsp;ke_msg_alloc
<LI><a href="#[13b]">&gt;&gt;</a>&nbsp;&nbsp;&nbsp;create_timer
</UL>
<BR>[Address Reference Count : 1]<UL><LI> lto-llvm-0abb6c.o(.text.app_entry_point_handler)
</UL>
<P><STRONG><a name="[15]"></a>app_custs1_process_handler</STRONG> (Thumb, 4 bytes, Stack size 0 bytes, lto-llvm-0abb6c.o(.text.app_custs1_process_handler))
<BR>[Address Reference Count : 1]<UL><LI> lto-llvm-0abb6c.o(.text.app_entry_point_handler)
</UL>
<P><STRONG><a name="[13b]"></a>create_timer</STRONG> (Thumb, 108 bytes, Stack size 16 bytes, lto-llvm-0abb6c.o(.text.create_timer))
<BR><BR>[Stack]<UL><LI>Max Depth = 16<LI>Call Chain = create_timer
</UL>
<BR>[Calls]<UL><LI><a href="#[11e]">&gt;&gt;</a>&nbsp;&nbsp;&nbsp;ke_timer_set
<LI><a href="#[e5]">&gt;&gt;</a>&nbsp;&nbsp;&nbsp;ke_msg_send
<LI><a href="#[e2]">&gt;&gt;</a>&nbsp;&nbsp;&nbsp;ke_msg_alloc
</UL>
<BR>[Called By]<UL><LI><a href="#[135]">&gt;&gt;</a>&nbsp;&nbsp;&nbsp;app_easy_timer
<LI><a href="#[13]">&gt;&gt;</a>&nbsp;&nbsp;&nbsp;app_timer_api_process_handler
</UL>

<P><STRONG><a name="[16]"></a>timer_modified_handler</STRONG> (Thumb, 2 bytes, Stack size 0 bytes, lto-llvm-0abb6c.o(.text.timer_modified_handler))
<BR>[Address Reference Count : 1]<UL><LI> lto-llvm-0abb6c.o(.text.app_timer_api_process_handler)
</UL>
<P><STRONG><a name="[17]"></a>timer_canceled_handler</STRONG> (Thumb, 2 bytes, Stack size 0 bytes, lto-llvm-0abb6c.o(.text.timer_canceled_handler))
<BR>[Address Reference Count : 1]<UL><LI> lto-llvm-0abb6c.o(.text.app_timer_api_process_handler)
</UL>
<P><STRONG><a name="[3a]"></a>app_custs1_create_db</STRONG> (Thumb, 52 bytes, Stack size 16 bytes, lto-llvm-0abb6c.o(.text.app_custs1_create_db))
<BR><BR>[Stack]<UL><LI>Max Depth = 24<LI>Call Chain = app_custs1_create_db &rArr; get_user_prf_srv_perm
</UL>
<BR>[Calls]<UL><LI><a href="#[e5]">&gt;&gt;</a>&nbsp;&nbsp;&nbsp;ke_msg_send
<LI><a href="#[e2]">&gt;&gt;</a>&nbsp;&nbsp;&nbsp;ke_msg_alloc
<LI><a href="#[138]">&gt;&gt;</a>&nbsp;&nbsp;&nbsp;get_user_prf_srv_perm
</UL>
<BR>[Address Reference Count : 1]<UL><LI> lto-llvm-0abb6c.o(.rodata.cust_prf_funcs)
</UL>
<P><STRONG><a name="[15d]"></a>i2c_scl_hi</STRONG> (Thumb, 24 bytes, Stack size 16 bytes, lto-llvm-0abb6c.o(.text.i2c_scl_hi))
<BR><BR>[Stack]<UL><LI>Max Depth = 64<LI>Call Chain = i2c_scl_hi &rArr; GPIO_ConfigurePin &rArr; GPIO_SetInactive
</UL>
<BR>[Calls]<UL><LI><a href="#[1c]">&gt;&gt;</a>&nbsp;&nbsp;&nbsp;GPIO_ConfigurePin
<LI><a href="#[15e]">&gt;&gt;</a>&nbsp;&nbsp;&nbsp;i2c_delay
</UL>
<BR>[Called By]<UL><LI><a href="#[12a]">&gt;&gt;</a>&nbsp;&nbsp;&nbsp;periph_init
<LI><a href="#[150]">&gt;&gt;</a>&nbsp;&nbsp;&nbsp;i2c_stop
<LI><a href="#[1b]">&gt;&gt;</a>&nbsp;&nbsp;&nbsp;i2c_write_byte
<LI><a href="#[14f]">&gt;&gt;</a>&nbsp;&nbsp;&nbsp;i2c_start
</UL>

<P><STRONG><a name="[160]"></a>i2c_sda_hi</STRONG> (Thumb, 22 bytes, Stack size 16 bytes, lto-llvm-0abb6c.o(.text.i2c_sda_hi))
<BR><BR>[Stack]<UL><LI>Max Depth = 64<LI>Call Chain = i2c_sda_hi &rArr; GPIO_ConfigurePin &rArr; GPIO_SetInactive
</UL>
<BR>[Calls]<UL><LI><a href="#[1c]">&gt;&gt;</a>&nbsp;&nbsp;&nbsp;GPIO_ConfigurePin
<LI><a href="#[15e]">&gt;&gt;</a>&nbsp;&nbsp;&nbsp;i2c_delay
</UL>
<BR>[Called By]<UL><LI><a href="#[12a]">&gt;&gt;</a>&nbsp;&nbsp;&nbsp;periph_init
<LI><a href="#[150]">&gt;&gt;</a>&nbsp;&nbsp;&nbsp;i2c_stop
<LI><a href="#[1b]">&gt;&gt;</a>&nbsp;&nbsp;&nbsp;i2c_write_byte
<LI><a href="#[14f]">&gt;&gt;</a>&nbsp;&nbsp;&nbsp;i2c_start
</UL>

<P><STRONG><a name="[151]"></a>display_draw_string</STRONG> (Thumb, 112 bytes, Stack size 24 bytes, lto-llvm-0abb6c.o(.text.display_draw_string))
<BR><BR>[Stack]<UL><LI>Max Depth = 104<LI>Call Chain = display_draw_string &rArr; i2c_write_byte &rArr; i2c_scl_lo &rArr; GPIO_ConfigurePin &rArr; GPIO_SetInactive
</UL>
<BR>[Calls]<UL><LI><a href="#[150]">&gt;&gt;</a>&nbsp;&nbsp;&nbsp;i2c_stop
<LI><a href="#[1b]">&gt;&gt;</a>&nbsp;&nbsp;&nbsp;i2c_write_byte
<LI><a href="#[14f]">&gt;&gt;</a>&nbsp;&nbsp;&nbsp;i2c_start
<LI><a href="#[14e]">&gt;&gt;</a>&nbsp;&nbsp;&nbsp;oled_set_cursor
</UL>
<BR>[Called By]<UL><LI><a href="#[13d]">&gt;&gt;</a>&nbsp;&nbsp;&nbsp;user_catch_rest_hndl
<LI><a href="#[12a]">&gt;&gt;</a>&nbsp;&nbsp;&nbsp;periph_init
<LI><a href="#[26]">&gt;&gt;</a>&nbsp;&nbsp;&nbsp;tap_eval_timer_cb
<LI><a href="#[152]">&gt;&gt;</a>&nbsp;&nbsp;&nbsp;display_show_battery
</UL>

<P><STRONG><a name="[1d]"></a>oled_send_cmd</STRONG> (Thumb, 28 bytes, Stack size 16 bytes, lto-llvm-0abb6c.o(.text.oled_send_cmd))
<BR><BR>[Stack]<UL><LI>Max Depth = 88<LI>Call Chain = oled_send_cmd &rArr; i2c_stop &rArr; i2c_sda_lo &rArr; GPIO_ConfigurePin &rArr; GPIO_SetInactive
</UL>
<BR>[Calls]<UL><LI><a href="#[150]">&gt;&gt;</a>&nbsp;&nbsp;&nbsp;i2c_stop
<LI><a href="#[14f]">&gt;&gt;</a>&nbsp;&nbsp;&nbsp;i2c_start
</UL>
<BR>[Address Reference Count : 1]<UL><LI> lto-llvm-0abb6c.o(.text.periph_init)
</UL>
<P><STRONG><a name="[14e]"></a>oled_set_cursor</STRONG> (Thumb, 32 bytes, Stack size 16 bytes, lto-llvm-0abb6c.o(.text.oled_set_cursor))
<BR><BR>[Stack]<UL><LI>Max Depth = 16<LI>Call Chain = oled_set_cursor
</UL>
<BR>[Called By]<UL><LI><a href="#[14d]">&gt;&gt;</a>&nbsp;&nbsp;&nbsp;display_clear
<LI><a href="#[151]">&gt;&gt;</a>&nbsp;&nbsp;&nbsp;display_draw_string
</UL>

<P><STRONG><a name="[14f]"></a>i2c_start</STRONG> (Thumb, 20 bytes, Stack size 8 bytes, lto-llvm-0abb6c.o(.text.i2c_start))
<BR><BR>[Stack]<UL><LI>Max Depth = 72<LI>Call Chain = i2c_start &rArr; i2c_scl_lo &rArr; GPIO_ConfigurePin &rArr; GPIO_SetInactive
</UL>
<BR>[Calls]<UL><LI><a href="#[15f]">&gt;&gt;</a>&nbsp;&nbsp;&nbsp;i2c_scl_lo
<LI><a href="#[161]">&gt;&gt;</a>&nbsp;&nbsp;&nbsp;i2c_sda_lo
<LI><a href="#[160]">&gt;&gt;</a>&nbsp;&nbsp;&nbsp;i2c_sda_hi
<LI><a href="#[15d]">&gt;&gt;</a>&nbsp;&nbsp;&nbsp;i2c_scl_hi
</UL>
<BR>[Called By]<UL><LI><a href="#[14d]">&gt;&gt;</a>&nbsp;&nbsp;&nbsp;display_clear
<LI><a href="#[1d]">&gt;&gt;</a>&nbsp;&nbsp;&nbsp;oled_send_cmd
<LI><a href="#[151]">&gt;&gt;</a>&nbsp;&nbsp;&nbsp;display_draw_string
</UL>

<P><STRONG><a name="[1b]"></a>i2c_write_byte</STRONG> (Thumb, 54 bytes, Stack size 16 bytes, lto-llvm-0abb6c.o(.text.i2c_write_byte))
<BR><BR>[Stack]<UL><LI>Max Depth = 80<LI>Call Chain = i2c_write_byte &rArr; i2c_scl_lo &rArr; GPIO_ConfigurePin &rArr; GPIO_SetInactive
</UL>
<BR>[Calls]<UL><LI><a href="#[15f]">&gt;&gt;</a>&nbsp;&nbsp;&nbsp;i2c_scl_lo
<LI><a href="#[161]">&gt;&gt;</a>&nbsp;&nbsp;&nbsp;i2c_sda_lo
<LI><a href="#[160]">&gt;&gt;</a>&nbsp;&nbsp;&nbsp;i2c_sda_hi
<LI><a href="#[15d]">&gt;&gt;</a>&nbsp;&nbsp;&nbsp;i2c_scl_hi
</UL>
<BR>[Called By]<UL><LI><a href="#[14d]">&gt;&gt;</a>&nbsp;&nbsp;&nbsp;display_clear
<LI><a href="#[151]">&gt;&gt;</a>&nbsp;&nbsp;&nbsp;display_draw_string
</UL>
<BR>[Address Reference Count : 1]<UL><LI> lto-llvm-0abb6c.o(.text.oled_send_cmd)
</UL>
<P><STRONG><a name="[150]"></a>i2c_stop</STRONG> (Thumb, 16 bytes, Stack size 8 bytes, lto-llvm-0abb6c.o(.text.i2c_stop))
<BR><BR>[Stack]<UL><LI>Max Depth = 72<LI>Call Chain = i2c_stop &rArr; i2c_sda_lo &rArr; GPIO_ConfigurePin &rArr; GPIO_SetInactive
</UL>
<BR>[Calls]<UL><LI><a href="#[161]">&gt;&gt;</a>&nbsp;&nbsp;&nbsp;i2c_sda_lo
<LI><a href="#[160]">&gt;&gt;</a>&nbsp;&nbsp;&nbsp;i2c_sda_hi
<LI><a href="#[15d]">&gt;&gt;</a>&nbsp;&nbsp;&nbsp;i2c_scl_hi
</UL>
<BR>[Called By]<UL><LI><a href="#[14d]">&gt;&gt;</a>&nbsp;&nbsp;&nbsp;display_clear
<LI><a href="#[1d]">&gt;&gt;</a>&nbsp;&nbsp;&nbsp;oled_send_cmd
<LI><a href="#[151]">&gt;&gt;</a>&nbsp;&nbsp;&nbsp;display_draw_string
</UL>

<P><STRONG><a name="[161]"></a>i2c_sda_lo</STRONG> (Thumb, 44 bytes, Stack size 16 bytes, lto-llvm-0abb6c.o(.text.i2c_sda_lo))
<BR><BR>[Stack]<UL><LI>Max Depth = 64<LI>Call Chain = i2c_sda_lo &rArr; GPIO_ConfigurePin &rArr; GPIO_SetInactive
</UL>
<BR>[Calls]<UL><LI><a href="#[1c]">&gt;&gt;</a>&nbsp;&nbsp;&nbsp;GPIO_ConfigurePin
<LI><a href="#[15e]">&gt;&gt;</a>&nbsp;&nbsp;&nbsp;i2c_delay
</UL>
<BR>[Called By]<UL><LI><a href="#[150]">&gt;&gt;</a>&nbsp;&nbsp;&nbsp;i2c_stop
<LI><a href="#[1b]">&gt;&gt;</a>&nbsp;&nbsp;&nbsp;i2c_write_byte
<LI><a href="#[14f]">&gt;&gt;</a>&nbsp;&nbsp;&nbsp;i2c_start
</UL>

<P><STRONG><a name="[15f]"></a>i2c_scl_lo</STRONG> (Thumb, 44 bytes, Stack size 16 bytes, lto-llvm-0abb6c.o(.text.i2c_scl_lo))
<BR><BR>[Stack]<UL><LI>Max Depth = 64<LI>Call Chain = i2c_scl_lo &rArr; GPIO_ConfigurePin &rArr; GPIO_SetInactive
</UL>
<BR>[Calls]<UL><LI><a href="#[1c]">&gt;&gt;</a>&nbsp;&nbsp;&nbsp;GPIO_ConfigurePin
<LI><a href="#[15e]">&gt;&gt;</a>&nbsp;&nbsp;&nbsp;i2c_delay
</UL>
<BR>[Called By]<UL><LI><a href="#[1b]">&gt;&gt;</a>&nbsp;&nbsp;&nbsp;i2c_write_byte
<LI><a href="#[14f]">&gt;&gt;</a>&nbsp;&nbsp;&nbsp;i2c_start
</UL>

<P><STRONG><a name="[15e]"></a>i2c_delay</STRONG> (Thumb, 24 bytes, Stack size 4 bytes, lto-llvm-0abb6c.o(.text.i2c_delay))
<BR><BR>[Stack]<UL><LI>Max Depth = 4<LI>Call Chain = i2c_delay
</UL>
<BR>[Called By]<UL><LI><a href="#[15f]">&gt;&gt;</a>&nbsp;&nbsp;&nbsp;i2c_scl_lo
<LI><a href="#[161]">&gt;&gt;</a>&nbsp;&nbsp;&nbsp;i2c_sda_lo
<LI><a href="#[160]">&gt;&gt;</a>&nbsp;&nbsp;&nbsp;i2c_sda_hi
<LI><a href="#[15d]">&gt;&gt;</a>&nbsp;&nbsp;&nbsp;i2c_scl_hi
</UL>

<P><STRONG><a name="[152]"></a>display_show_battery</STRONG> (Thumb, 176 bytes, Stack size 40 bytes, lto-llvm-0abb6c.o(.text.display_show_battery))
<BR><BR>[Stack]<UL><LI>Max Depth = 144<LI>Call Chain = display_show_battery &rArr; display_draw_string &rArr; i2c_write_byte &rArr; i2c_scl_lo &rArr; GPIO_ConfigurePin &rArr; GPIO_SetInactive
</UL>
<BR>[Calls]<UL><LI><a href="#[14d]">&gt;&gt;</a>&nbsp;&nbsp;&nbsp;display_clear
<LI><a href="#[153]">&gt;&gt;</a>&nbsp;&nbsp;&nbsp;__aeabi_uidiv
<LI><a href="#[151]">&gt;&gt;</a>&nbsp;&nbsp;&nbsp;display_draw_string
</UL>
<BR>[Called By]<UL><LI><a href="#[13d]">&gt;&gt;</a>&nbsp;&nbsp;&nbsp;user_catch_rest_hndl
<LI><a href="#[1a]">&gt;&gt;</a>&nbsp;&nbsp;&nbsp;touch_button_press_cb
</UL>

<P><STRONG><a name="[136]"></a>app_batt_send_telemetry_ntf</STRONG> (Thumb, 116 bytes, Stack size 32 bytes, lto-llvm-0abb6c.o(.text.app_batt_send_telemetry_ntf))
<BR><BR>[Stack]<UL><LI>Max Depth = 32<LI>Call Chain = app_batt_send_telemetry_ntf
</UL>
<BR>[Calls]<UL><LI><a href="#[137]">&gt;&gt;</a>&nbsp;&nbsp;&nbsp;prf_get_task_from_id
<LI><a href="#[e5]">&gt;&gt;</a>&nbsp;&nbsp;&nbsp;ke_msg_send
<LI><a href="#[e2]">&gt;&gt;</a>&nbsp;&nbsp;&nbsp;ke_msg_alloc
</UL>
<BR>[Called By]<UL><LI><a href="#[13d]">&gt;&gt;</a>&nbsp;&nbsp;&nbsp;user_catch_rest_hndl
<LI><a href="#[18]">&gt;&gt;</a>&nbsp;&nbsp;&nbsp;batt_poll_timer_cb
<LI><a href="#[1a]">&gt;&gt;</a>&nbsp;&nbsp;&nbsp;touch_button_press_cb
</UL>

<P><STRONG><a name="[27]"></a>led_auto_off_timer_cb</STRONG> (Thumb, 24 bytes, Stack size 0 bytes, lto-llvm-0abb6c.o(.text.led_auto_off_timer_cb))
<BR>[Address Reference Count : 1]<UL><LI> lto-llvm-0abb6c.o(.text.user_catch_rest_hndl)
</UL>
<P><STRONG><a name="[28]"></a>touch_clear_cb</STRONG> (Thumb, 16 bytes, Stack size 8 bytes, lto-llvm-0abb6c.o(.text.touch_clear_cb))
<BR><BR>[Stack]<UL><LI>Max Depth = 104<LI>Call Chain = touch_clear_cb &rArr; display_clear &rArr; i2c_write_byte &rArr; i2c_scl_lo &rArr; GPIO_ConfigurePin &rArr; GPIO_SetInactive
</UL>
<BR>[Calls]<UL><LI><a href="#[14d]">&gt;&gt;</a>&nbsp;&nbsp;&nbsp;display_clear
</UL>
<BR>[Address Reference Count : 1]<UL><LI> lto-llvm-0abb6c.o(.text.user_catch_rest_hndl)
</UL>
<P><STRONG><a name="[26]"></a>tap_eval_timer_cb</STRONG> (Thumb, 164 bytes, Stack size 40 bytes, lto-llvm-0abb6c.o(.text.tap_eval_timer_cb))
<BR><BR>[Stack]<UL><LI>Max Depth = 144<LI>Call Chain = tap_eval_timer_cb &rArr; display_draw_string &rArr; i2c_write_byte &rArr; i2c_scl_lo &rArr; GPIO_ConfigurePin &rArr; GPIO_SetInactive
</UL>
<BR>[Calls]<UL><LI><a href="#[14d]">&gt;&gt;</a>&nbsp;&nbsp;&nbsp;display_clear
<LI><a href="#[13c]">&gt;&gt;</a>&nbsp;&nbsp;&nbsp;app_easy_timer_cancel
<LI><a href="#[135]">&gt;&gt;</a>&nbsp;&nbsp;&nbsp;app_easy_timer
<LI><a href="#[153]">&gt;&gt;</a>&nbsp;&nbsp;&nbsp;__aeabi_uidiv
<LI><a href="#[151]">&gt;&gt;</a>&nbsp;&nbsp;&nbsp;display_draw_string
</UL>
<BR>[Address Reference Count : 1]<UL><LI> lto-llvm-0abb6c.o(.text.touch_button_press_cb)
</UL>
<P><STRONG><a name="[11]"></a>adv_data_update_timer_cb</STRONG> (Thumb, 116 bytes, Stack size 24 bytes, lto-llvm-0abb6c.o(.text.adv_data_update_timer_cb))
<BR><BR>[Stack]<UL><LI>Max Depth = 56<LI>Call Chain = adv_data_update_timer_cb &rArr; app_easy_timer &rArr; create_timer
</UL>
<BR>[Calls]<UL><LI><a href="#[e5]">&gt;&gt;</a>&nbsp;&nbsp;&nbsp;ke_msg_send
<LI><a href="#[e2]">&gt;&gt;</a>&nbsp;&nbsp;&nbsp;ke_msg_alloc
<LI><a href="#[134]">&gt;&gt;</a>&nbsp;&nbsp;&nbsp;mnf_data_update
<LI><a href="#[135]">&gt;&gt;</a>&nbsp;&nbsp;&nbsp;app_easy_timer
<LI><a href="#[d5]">&gt;&gt;</a>&nbsp;&nbsp;&nbsp;__aeabi_memcpy
</UL>
<BR>[Address Reference Count : 2]<UL><LI> lto-llvm-0abb6c.o(.text.user_app_adv_start)
<LI> lto-llvm-0abb6c.o(.text.adv_data_update_timer_cb)
</UL><P>
<H3>
Undefined Global Symbols
</H3>
<P><STRONG><a name="[165]"></a>reset_indication</STRONG> (Unknown, 0 bytes, Stack size 0 bytes, UNDEFINED)
<BR><BR>[Called By]<UL><LI><a href="#[10]">&gt;&gt;</a>&nbsp;&nbsp;&nbsp;main
</UL>
<HR></body></html>
